200.83.246.171 - - [13/Jun/2017:05:12:28 +0200] "GET /theme/yui_combo.php?3.17.2/datatable-message/datatable-message-min.js&3.17.2/datatable-mutable/datatable-mutable-min.js&3.17.2/datatable-sort/lang/datatable-sort_en.js&3.17.2/datatable-sort/datatable-sort-min.js&3.17.2/plugin/plugin-min.js&3.17.2/datasource-local/datasource-local-min.js&3.17.2/datatable-datasource/datatable-datasource-min.js&3.17.2/dd-ddm/dd-ddm-min.js&3.17.2/dd-ddm-drop/dd-ddm-drop-min.js&3.17.2/dd-drop/dd-drop-min.js&3.17.2/dd-drop-plugin/dd-drop-plugin-min.js&3.17.2/dd-delegate/dd-delegate-min.js&3.17.2/resize-base/resize-base-min.js&3.17.2/resize-plugin/resize-plugin-min.js&m/1497321059/core_filepicker/core_filepicker.js&m/1497321059/core/widget/widget-focusafterclose-min.js&m/1497321059/core/lockscroll/lockscroll-min.js&m/1497321059/core/notification/notification-dialogue-min.js HTTP/1.1" 200 15142 "http://intranetdefinitiva.sytes.net/course/editcategory.php?id=3" "Mozilla/5.0 (Windows NT 10.0; WOW64; rv:53.0) Gecko/20100101 Firefox/53.0"
200.83.246.171 - - [13/Jun/2017:05:12:28 +0200] "POST /lib/ajax/service.php?sesskey=V6HUIIwgzE&info=core_fetch_notifications HTTP/1.1" 200 27 "http://intranetdefinitiva.sytes.net/course/editcategory.php?id=3" "Mozilla/5.0 (Windows NT 10.0; WOW64; rv:53.0) Gecko/20100101 Firefox/53.0"
200.83.246.171 - - [13/Jun/2017:05:12:29 +0200] "POST /lib/ajax/service.php?sesskey=V6HUIIwgzE&info=core_message_get_unread_conversations_count HTTP/1.1" 200 26 "http://intranetdefinitiva.sytes.net/course/editcategory.php?id=3" "Mozilla/5.0 (Windows NT 10.0; WOW64; rv:53.0) Gecko/20100101 Firefox/53.0"
200.83.246.171 - - [13/Jun/2017:05:12:29 +0200] "POST /lib/ajax/service.php?sesskey=V6HUIIwgzE&info=message_popup_get_unread_popup_notification_count HTTP/1.1" 200 26 "http://intranetdefinitiva.sytes.net/course/editcategory.php?id=3" "Mozilla/5.0 (Windows NT 10.0; WOW64; rv:53.0) Gecko/20100101 Firefox/53.0"
190.101.124.105 - - [13/Jun/2017:05:12:31 +0200] "POST /lib/ajax/service.php?sesskey=Gcu3pC13F4&info=core_message_data_for_messagearea_messages HTTP/1.1" 200 391 "http://intranetdefinitiva.sytes.net/message/index.php?id=2" "Mozilla/5.0 (Windows NT 10.0; Win64; x64) AppleWebKit/537.36 (KHTML, like Gecko) Chrome/58.0.3029.110 Safari/537.36"
200.83.246.171 - - [13/Jun/2017:05:12:32 +0200] "POST /lib/ajax/service-nologin.php?sesskey=V6HUIIwgzE&info=core_get_string HTTP/1.1" 200 57 "http://intranetdefinitiva.sytes.net/course/editcategory.php?id=3" "Mozilla/5.0 (Windows NT 10.0; WOW64; rv:53.0) Gecko/20100101 Firefox/53.0"
200.83.246.171 - - [13/Jun/2017:05:12:32 +0200] "POST /lib/ajax/service.php?sesskey=V6HUIIwgzE&info=core_message_data_for_messagearea_conversations HTTP/1.1" 200 470 "http://intranetdefinitiva.sytes.net/course/editcategory.php?id=3" "Mozilla/5.0 (Windows NT 10.0; WOW64; rv:53.0) Gecko/20100101 Firefox/53.0"
200.83.246.171 - - [13/Jun/2017:05:12:32 +0200] "POST /lib/ajax/service-nologin.php?sesskey=V6HUIIwgzE&info=core_output_load_template HTTP/1.1" 200 1127 "http://intranetdefinitiva.sytes.net/course/editcategory.php?id=3" "Mozilla/5.0 (Windows NT 10.0; WOW64; rv:53.0) Gecko/20100101 Firefox/53.0"
200.83.246.171 - - [13/Jun/2017:05:12:32 +0200] "POST /lib/ajax/service-nologin.php?sesskey=V6HUIIwgzE&info=core_get_string HTTP/1.1" 200 63 "http://intranetdefinitiva.sytes.net/course/editcategory.php?id=3" "Mozilla/5.0 (Windows NT 10.0; WOW64; rv:53.0) Gecko/20100101 Firefox/53.0"
200.83.246.171 - - [13/Jun/2017:05:12:33 +0200] "GET /message/index.php?user=2&id=4 HTTP/1.1" 200 48517 "http://intranetdefinitiva.sytes.net/course/editcategory.php?id=3" "Mozilla/5.0 (Windows NT 10.0; WOW64; rv:53.0) Gecko/20100101 Firefox/53.0"
200.83.246.171 - - [13/Jun/2017:05:12:34 +0200] "POST /lib/ajax/service.php?sesskey=V6HUIIwgzE&info=core_message_get_unread_conversations_count HTTP/1.1" 200 26 "http://intranetdefinitiva.sytes.net/message/index.php?user=2&id=4" "Mozilla/5.0 (Windows NT 10.0; WOW64; rv:53.0) Gecko/20100101 Firefox/53.0"
200.83.246.171 - - [13/Jun/2017:05:12:34 +0200] "POST /lib/ajax/service.php?sesskey=V6HUIIwgzE&info=message_popup_get_unread_popup_notification_count HTTP/1.1" 200 26 "http://intranetdefinitiva.sytes.net/message/index.php?user=2&id=4" "Mozilla/5.0 (Windows NT 10.0; WOW64; rv:53.0) Gecko/20100101 Firefox/53.0"
200.83.246.171 - - [13/Jun/2017:05:12:34 +0200] "POST /lib/ajax/service.php?sesskey=V6HUIIwgzE&info=core_fetch_notifications HTTP/1.1" 200 27 "http://intranetdefinitiva.sytes.net/message/index.php?user=2&id=4" "Mozilla/5.0 (Windows NT 10.0; WOW64; rv:53.0) Gecko/20100101 Firefox/53.0"
190.101.124.105 - - [13/Jun/2017:05:12:34 +0200] "POST /lib/ajax/service-nologin.php?sesskey=Gcu3pC13F4&info=core_get_string HTTP/1.1" 200 52 "http://intranetdefinitiva.sytes.net/message/index.php?id=2" "Mozilla/5.0 (Windows NT 10.0; Win64; x64) AppleWebKit/537.36 (KHTML, like Gecko) Chrome/58.0.3029.110 Safari/537.36"
190.101.124.105 - - [13/Jun/2017:05:12:34 +0200] "POST /lib/ajax/service-nologin.php?sesskey=Gcu3pC13F4&info=core_get_string HTTP/1.1" 200 35 "http://intranetdefinitiva.sytes.net/message/index.php?id=2" "Mozilla/5.0 (Windows NT 10.0; Win64; x64) AppleWebKit/537.36 (KHTML, like Gecko) Chrome/58.0.3029.110 Safari/537.36"
190.101.124.105 - - [13/Jun/2017:05:12:34 +0200] "POST /lib/ajax/service.php?sesskey=Gcu3pC13F4&info=core_message_data_for_messagearea_contacts HTTP/1.1" 200 40 "http://intranetdefinitiva.sytes.net/message/index.php?id=2" "Mozilla/5.0 (Windows NT 10.0; Win64; x64) AppleWebKit/537.36 (KHTML, like Gecko) Chrome/58.0.3029.110 Safari/537.36"
190.101.124.105 - - [13/Jun/2017:05:12:34 +0200] "POST /lib/ajax/service-nologin.php?sesskey=Gcu3pC13F4&info=core_output_load_template HTTP/1.1" 200 429 "http://intranetdefinitiva.sytes.net/message/index.php?id=2" "Mozilla/5.0 (Windows NT 10.0; Win64; x64) AppleWebKit/537.36 (KHTML, like Gecko) Chrome/58.0.3029.110 Safari/537.36"
190.101.124.105 - - [13/Jun/2017:05:12:34 +0200] "POST /lib/ajax/service-nologin.php?sesskey=Gcu3pC13F4&info=core_output_load_template HTTP/1.1" 200 1750 "http://intranetdefinitiva.sytes.net/message/index.php?id=2" "Mozilla/5.0 (Windows NT 10.0; Win64; x64) AppleWebKit/537.36 (KHTML, like Gecko) Chrome/58.0.3029.110 Safari/537.36"
190.101.124.105 - - [13/Jun/2017:05:12:34 +0200] "POST /lib/ajax/service-nologin.php?sesskey=Gcu3pC13F4&info=core_get_string HTTP/1.1" 200 43 "http://intranetdefinitiva.sytes.net/message/index.php?id=2" "Mozilla/5.0 (Windows NT 10.0; Win64; x64) AppleWebKit/537.36 (KHTML, like Gecko) Chrome/58.0.3029.110 Safari/537.36"
190.101.124.105 - - [13/Jun/2017:05:12:41 +0200] "GET /my/ HTTP/1.1" 200 57869 "http://intranetdefinitiva.sytes.net/message/index.php?id=2" "Mozilla/5.0 (Windows NT 10.0; Win64; x64) AppleWebKit/537.36 (KHTML, like Gecko) Chrome/58.0.3029.110 Safari/537.36"
200.83.246.171 - - [13/Jun/2017:05:12:41 +0200] "POST /lib/ajax/service.php?sesskey=V6HUIIwgzE&info=core_message_send_instant_messages HTTP/1.1" 200 38 "http://intranetdefinitiva.sytes.net/message/index.php?user=2&id=4" "Mozilla/5.0 (Windows NT 10.0; WOW64; rv:53.0) Gecko/20100101 Firefox/53.0"
200.83.246.171 - - [13/Jun/2017:05:12:41 +0200] "POST /lib/ajax/service-nologin.php?sesskey=V6HUIIwgzE&info=core_get_string HTTP/1.1" 200 35 "http://intranetdefinitiva.sytes.net/message/index.php?user=2&id=4" "Mozilla/5.0 (Windows NT 10.0; WOW64; rv:53.0) Gecko/20100101 Firefox/53.0"
190.101.124.105 - - [13/Jun/2017:05:12:41 +0200] "POST /lib/ajax/service.php?sesskey=Gcu3pC13F4&info=core_calendar_get_action_events_by_timesort HTTP/1.1" 200 67 "http://intranetdefinitiva.sytes.net/my/" "Mozilla/5.0 (Windows NT 10.0; Win64; x64) AppleWebKit/537.36 (KHTML, like Gecko) Chrome/58.0.3029.110 Safari/537.36"
190.101.124.105 - - [13/Jun/2017:05:12:41 +0200] "POST /lib/ajax/service.php?sesskey=Gcu3pC13F4&info=core_message_get_unread_conversations_count HTTP/1.1" 200 26 "http://intranetdefinitiva.sytes.net/my/" "Mozilla/5.0 (Windows NT 10.0; Win64; x64) AppleWebKit/537.36 (KHTML, like Gecko) Chrome/58.0.3029.110 Safari/537.36"
190.101.124.105 - - [13/Jun/2017:05:12:41 +0200] "POST /lib/ajax/service.php?sesskey=Gcu3pC13F4&info=message_popup_get_unread_popup_notification_count HTTP/1.1" 200 26 "http://intranetdefinitiva.sytes.net/my/" "Mozilla/5.0 (Windows NT 10.0; Win64; x64) AppleWebKit/537.36 (KHTML, like Gecko) Chrome/58.0.3029.110 Safari/537.36"
190.101.124.105 - - [13/Jun/2017:05:12:41 +0200] "POST /lib/ajax/service.php?sesskey=Gcu3pC13F4&info=core_fetch_notifications HTTP/1.1" 200 27 "http://intranetdefinitiva.sytes.net/my/" "Mozilla/5.0 (Windows NT 10.0; Win64; x64) AppleWebKit/537.36 (KHTML, like Gecko) Chrome/58.0.3029.110 Safari/537.36"
190.101.124.105 - - [13/Jun/2017:05:12:41 +0200] "POST /lib/ajax/service-nologin.php?sesskey=Gcu3pC13F4&info=core_get_string HTTP/1.1" 200 82 "http://intranetdefinitiva.sytes.net/my/" "Mozilla/5.0 (Windows NT 10.0; Win64; x64) AppleWebKit/537.36 (KHTML, like Gecko) Chrome/58.0.3029.110 Safari/537.36"
200.83.246.171 - - [13/Jun/2017:05:12:41 +0200] "POST /lib/ajax/service-nologin.php?sesskey=V6HUIIwgzE&info=core_get_string HTTP/1.1" 200 42 "http://intranetdefinitiva.sytes.net/message/index.php?user=2&id=4" "Mozilla/5.0 (Windows NT 10.0; WOW64; rv:53.0) Gecko/20100101 Firefox/53.0"
200.83.246.171 - - [13/Jun/2017:05:12:41 +0200] "POST /lib/ajax/service.php?sesskey=V6HUIIwgzE&info=core_message_data_for_messagearea_get_most_recent_message HTTP/1.1" 200 223 "http://intranetdefinitiva.sytes.net/message/index.php?user=2&id=4" "Mozilla/5.0 (Windows NT 10.0; WOW64; rv:53.0) Gecko/20100101 Firefox/53.0"
200.83.246.171 - - [13/Jun/2017:05:12:41 +0200] "POST /lib/ajax/service-nologin.php?sesskey=V6HUIIwgzE&info=core_output_load_template HTTP/1.1" 200 107 "http://intranetdefinitiva.sytes.net/message/index.php?user=2&id=4" "Mozilla/5.0 (Windows NT 10.0; WOW64; rv:53.0) Gecko/20100101 Firefox/53.0"
200.83.246.171 - - [13/Jun/2017:05:12:41 +0200] "POST /lib/ajax/service-nologin.php?sesskey=V6HUIIwgzE&info=core_output_load_template HTTP/1.1" 200 820 "http://intranetdefinitiva.sytes.net/message/index.php?user=2&id=4" "Mozilla/5.0 (Windows NT 10.0; WOW64; rv:53.0) Gecko/20100101 Firefox/53.0"
190.101.124.105 - - [13/Jun/2017:05:12:44 +0200] "POST /lib/ajax/service.php?sesskey=Gcu3pC13F4&info=core_message_data_for_messagearea_conversations HTTP/1.1" 200 475 "http://intranetdefinitiva.sytes.net/my/" "Mozilla/5.0 (Windows NT 10.0; Win64; x64) AppleWebKit/537.36 (KHTML, like Gecko) Chrome/58.0.3029.110 Safari/537.36"
190.101.124.105 - - [13/Jun/2017:05:12:44 +0200] "POST /lib/ajax/service-nologin.php?sesskey=Gcu3pC13F4&info=core_get_string HTTP/1.1" 200 57 "http://intranetdefinitiva.sytes.net/my/" "Mozilla/5.0 (Windows NT 10.0; Win64; x64) AppleWebKit/537.36 (KHTML, like Gecko) Chrome/58.0.3029.110 Safari/537.36"
190.101.124.105 - - [13/Jun/2017:05:12:44 +0200] "POST /lib/ajax/service-nologin.php?sesskey=Gcu3pC13F4&info=core_output_load_template HTTP/1.1" 200 1127 "http://intranetdefinitiva.sytes.net/my/" "Mozilla/5.0 (Windows NT 10.0; Win64; x64) AppleWebKit/537.36 (KHTML, like Gecko) Chrome/58.0.3029.110 Safari/537.36"
190.101.124.105 - - [13/Jun/2017:05:12:44 +0200] "POST /lib/ajax/service-nologin.php?sesskey=Gcu3pC13F4&info=core_get_string HTTP/1.1" 200 63 "http://intranetdefinitiva.sytes.net/my/" "Mozilla/5.0 (Windows NT 10.0; Win64; x64) AppleWebKit/537.36 (KHTML, like Gecko) Chrome/58.0.3029.110 Safari/537.36"
190.101.124.105 - - [13/Jun/2017:05:12:45 +0200] "GET /message/index.php?user=4&id=2 HTTP/1.1" 200 47934 "http://intranetdefinitiva.sytes.net/my/" "Mozilla/5.0 (Windows NT 10.0; Win64; x64) AppleWebKit/537.36 (KHTML, like Gecko) Chrome/58.0.3029.110 Safari/537.36"
190.101.124.105 - - [13/Jun/2017:05:12:45 +0200] "POST /lib/ajax/service.php?sesskey=Gcu3pC13F4&info=message_popup_get_unread_popup_notification_count HTTP/1.1" 200 26 "http://intranetdefinitiva.sytes.net/message/index.php?user=4&id=2" "Mozilla/5.0 (Windows NT 10.0; Win64; x64) AppleWebKit/537.36 (KHTML, like Gecko) Chrome/58.0.3029.110 Safari/537.36"
190.101.124.105 - - [13/Jun/2017:05:12:45 +0200] "POST /lib/ajax/service.php?sesskey=Gcu3pC13F4&info=core_message_get_unread_conversations_count HTTP/1.1" 200 26 "http://intranetdefinitiva.sytes.net/message/index.php?user=4&id=2" "Mozilla/5.0 (Windows NT 10.0; Win64; x64) AppleWebKit/537.36 (KHTML, like Gecko) Chrome/58.0.3029.110 Safari/537.36"
190.101.124.105 - - [13/Jun/2017:05:12:45 +0200] "POST /lib/ajax/service.php?sesskey=Gcu3pC13F4&info=core_fetch_notifications HTTP/1.1" 200 27 "http://intranetdefinitiva.sytes.net/message/index.php?user=4&id=2" "Mozilla/5.0 (Windows NT 10.0; Win64; x64) AppleWebKit/537.36 (KHTML, like Gecko) Chrome/58.0.3029.110 Safari/537.36"
200.83.246.171 - - [13/Jun/2017:05:12:47 +0200] "GET /admin/search.php HTTP/1.1" 200 134236 "http://intranetdefinitiva.sytes.net/message/index.php?user=2&id=4" "Mozilla/5.0 (Windows NT 10.0; WOW64; rv:53.0) Gecko/20100101 Firefox/53.0"
200.83.246.171 - - [13/Jun/2017:05:12:47 +0200] "POST /lib/ajax/service.php?sesskey=V6HUIIwgzE&info=core_message_get_unread_conversations_count HTTP/1.1" 200 26 "http://intranetdefinitiva.sytes.net/admin/search.php" "Mozilla/5.0 (Windows NT 10.0; WOW64; rv:53.0) Gecko/20100101 Firefox/53.0"
200.83.246.171 - - [13/Jun/2017:05:12:48 +0200] "POST /lib/ajax/service.php?sesskey=V6HUIIwgzE&info=message_popup_get_unread_popup_notification_count HTTP/1.1" 200 26 "http://intranetdefinitiva.sytes.net/admin/search.php" "Mozilla/5.0 (Windows NT 10.0; WOW64; rv:53.0) Gecko/20100101 Firefox/53.0"
200.83.246.171 - - [13/Jun/2017:05:12:48 +0200] "POST /lib/ajax/service.php?sesskey=V6HUIIwgzE&info=core_fetch_notifications HTTP/1.1" 200 27 "http://intranetdefinitiva.sytes.net/admin/search.php" "Mozilla/5.0 (Windows NT 10.0; WOW64; rv:53.0) Gecko/20100101 Firefox/53.0"
200.83.246.171 - - [13/Jun/2017:05:12:53 +0200] "POST /lib/ajax/service.php?sesskey=V6HUIIwgzE&info=core_message_data_for_messagearea_conversations HTTP/1.1" 200 471 "http://intranetdefinitiva.sytes.net/admin/search.php" "Mozilla/5.0 (Windows NT 10.0; WOW64; rv:53.0) Gecko/20100101 Firefox/53.0"
200.83.246.171 - - [13/Jun/2017:05:12:53 +0200] "POST /lib/ajax/service-nologin.php?sesskey=V6HUIIwgzE&info=core_get_string,core_get_string HTTP/1.1" 200 86 "http://intranetdefinitiva.sytes.net/admin/search.php" "Mozilla/5.0 (Windows NT 10.0; WOW64; rv:53.0) Gecko/20100101 Firefox/53.0"
200.83.246.171 - - [13/Jun/2017:05:12:54 +0200] "GET /message/index.php?user=2&id=4 HTTP/1.1" 200 49480 "http://intranetdefinitiva.sytes.net/admin/search.php" "Mozilla/5.0 (Windows NT 10.0; WOW64; rv:53.0) Gecko/20100101 Firefox/53.0"
200.83.246.171 - - [13/Jun/2017:05:12:55 +0200] "POST /lib/ajax/service.php?sesskey=V6HUIIwgzE&info=message_popup_get_unread_popup_notification_count HTTP/1.1" 200 26 "http://intranetdefinitiva.sytes.net/message/index.php?user=2&id=4" "Mozilla/5.0 (Windows NT 10.0; WOW64; rv:53.0) Gecko/20100101 Firefox/53.0"
200.83.246.171 - - [13/Jun/2017:05:12:55 +0200] "POST /lib/ajax/service.php?sesskey=V6HUIIwgzE&info=core_message_get_unread_conversations_count HTTP/1.1" 200 26 "http://intranetdefinitiva.sytes.net/message/index.php?user=2&id=4" "Mozilla/5.0 (Windows NT 10.0; WOW64; rv:53.0) Gecko/20100101 Firefox/53.0"
200.83.246.171 - - [13/Jun/2017:05:12:55 +0200] "POST /lib/ajax/service.php?sesskey=V6HUIIwgzE&info=core_fetch_notifications HTTP/1.1" 200 27 "http://intranetdefinitiva.sytes.net/message/index.php?user=2&id=4" "Mozilla/5.0 (Windows NT 10.0; WOW64; rv:53.0) Gecko/20100101 Firefox/53.0"
190.101.124.105 - - [13/Jun/2017:05:12:55 +0200] "POST /lib/ajax/service.php?sesskey=Gcu3pC13F4&info=core_message_data_for_messagearea_messages HTTP/1.1" 200 390 "http://intranetdefinitiva.sytes.net/message/index.php?user=4&id=2" "Mozilla/5.0 (Windows NT 10.0; Win64; x64) AppleWebKit/537.36 (KHTML, like Gecko) Chrome/58.0.3029.110 Safari/537.36"
200.83.246.171 - - [13/Jun/2017:05:13:03 +0200] "POST /lib/ajax/service.php?sesskey=V6HUIIwgzE&info=core_message_send_instant_messages HTTP/1.1" 200 38 "http://intranetdefinitiva.sytes.net/message/index.php?user=2&id=4" "Mozilla/5.0 (Windows NT 10.0; WOW64; rv:53.0) Gecko/20100101 Firefox/53.0"
200.83.246.171 - - [13/Jun/2017:05:13:03 +0200] "POST /lib/ajax/service.php?sesskey=V6HUIIwgzE&info=core_message_data_for_messagearea_get_most_recent_message HTTP/1.1" 200 221 "http://intranetdefinitiva.sytes.net/message/index.php?user=2&id=4" "Mozilla/5.0 (Windows NT 10.0; WOW64; rv:53.0) Gecko/20100101 Firefox/53.0"
190.101.124.105 - - [13/Jun/2017:05:13:06 +0200] "POST /lib/ajax/service.php?sesskey=Gcu3pC13F4&info=core_message_data_for_messagearea_messages HTTP/1.1" 200 587 "http://intranetdefinitiva.sytes.net/message/index.php?user=4&id=2" "Mozilla/5.0 (Windows NT 10.0; Win64; x64) AppleWebKit/537.36 (KHTML, like Gecko) Chrome/58.0.3029.110 Safari/537.36"
200.83.246.171 - - [13/Jun/2017:05:13:06 +0200] "GET /admin/search.php HTTP/1.1" 200 134236 "http://intranetdefinitiva.sytes.net/message/index.php?user=2&id=4" "Mozilla/5.0 (Windows NT 10.0; WOW64; rv:53.0) Gecko/20100101 Firefox/53.0"
200.83.246.171 - - [13/Jun/2017:05:13:07 +0200] "POST /lib/ajax/service.php?sesskey=V6HUIIwgzE&info=message_popup_get_unread_popup_notification_count HTTP/1.1" 200 26 "http://intranetdefinitiva.sytes.net/admin/search.php" "Mozilla/5.0 (Windows NT 10.0; WOW64; rv:53.0) Gecko/20100101 Firefox/53.0"
200.83.246.171 - - [13/Jun/2017:05:13:07 +0200] "POST /lib/ajax/service.php?sesskey=V6HUIIwgzE&info=core_message_get_unread_conversations_count HTTP/1.1" 200 26 "http://intranetdefinitiva.sytes.net/admin/search.php" "Mozilla/5.0 (Windows NT 10.0; WOW64; rv:53.0) Gecko/20100101 Firefox/53.0"
200.83.246.171 - - [13/Jun/2017:05:13:07 +0200] "POST /lib/ajax/service.php?sesskey=V6HUIIwgzE&info=core_fetch_notifications HTTP/1.1" 200 27 "http://intranetdefinitiva.sytes.net/admin/search.php" "Mozilla/5.0 (Windows NT 10.0; WOW64; rv:53.0) Gecko/20100101 Firefox/53.0"
200.83.246.171 - - [13/Jun/2017:05:13:09 +0200] "POST /lib/ajax/service.php?sesskey=V6HUIIwgzE&info=core_message_data_for_messagearea_conversations HTTP/1.1" 200 469 "http://intranetdefinitiva.sytes.net/admin/search.php" "Mozilla/5.0 (Windows NT 10.0; WOW64; rv:53.0) Gecko/20100101 Firefox/53.0"
200.83.246.171 - - [13/Jun/2017:05:13:10 +0200] "GET /message/index.php?user=2&id=4 HTTP/1.1" 200 50436 "http://intranetdefinitiva.sytes.net/admin/search.php" "Mozilla/5.0 (Windows NT 10.0; WOW64; rv:53.0) Gecko/20100101 Firefox/53.0"
200.83.246.171 - - [13/Jun/2017:05:13:10 +0200] "POST /lib/ajax/service.php?sesskey=V6HUIIwgzE&info=core_message_get_unread_conversations_count HTTP/1.1" 200 26 "http://intranetdefinitiva.sytes.net/message/index.php?user=2&id=4" "Mozilla/5.0 (Windows NT 10.0; WOW64; rv:53.0) Gecko/20100101 Firefox/53.0"
200.83.246.171 - - [13/Jun/2017:05:13:10 +0200] "POST /lib/ajax/service.php?sesskey=V6HUIIwgzE&info=message_popup_get_unread_popup_notification_count HTTP/1.1" 200 26 "http://intranetdefinitiva.sytes.net/message/index.php?user=2&id=4" "Mozilla/5.0 (Windows NT 10.0; WOW64; rv:53.0) Gecko/20100101 Firefox/53.0"
200.83.246.171 - - [13/Jun/2017:05:13:11 +0200] "POST /lib/ajax/service.php?sesskey=V6HUIIwgzE&info=core_fetch_notifications HTTP/1.1" 200 27 "http://intranetdefinitiva.sytes.net/message/index.php?user=2&id=4" "Mozilla/5.0 (Windows NT 10.0; WOW64; rv:53.0) Gecko/20100101 Firefox/53.0"
200.83.246.171 - - [13/Jun/2017:05:13:12 +0200] "POST /lib/ajax/service.php?sesskey=V6HUIIwgzE&info=message_popup_get_unread_popup_notification_count HTTP/1.1" 200 26 "http://intranetdefinitiva.sytes.net/admin/search.php" "Mozilla/5.0 (Windows NT 10.0; WOW64; rv:53.0) Gecko/20100101 Firefox/53.0"
200.83.246.171 - - [13/Jun/2017:05:13:12 +0200] "POST /lib/ajax/service.php?sesskey=V6HUIIwgzE&info=core_message_get_unread_conversations_count HTTP/1.1" 200 26 "http://intranetdefinitiva.sytes.net/admin/search.php" "Mozilla/5.0 (Windows NT 10.0; WOW64; rv:53.0) Gecko/20100101 Firefox/53.0"
200.83.246.171 - - [13/Jun/2017:05:13:12 +0200] "POST /lib/ajax/service.php?sesskey=V6HUIIwgzE&info=core_fetch_notifications HTTP/1.1" 200 27 "http://intranetdefinitiva.sytes.net/admin/search.php" "Mozilla/5.0 (Windows NT 10.0; WOW64; rv:53.0) Gecko/20100101 Firefox/53.0"
200.83.246.171 - - [13/Jun/2017:05:13:14 +0200] "GET /admin/settings.php?section=competencysettings HTTP/1.1" 200 44536 "http://intranetdefinitiva.sytes.net/admin/search.php" "Mozilla/5.0 (Windows NT 10.0; WOW64; rv:53.0) Gecko/20100101 Firefox/53.0"
200.83.246.171 - - [13/Jun/2017:05:13:15 +0200] "POST /lib/ajax/service.php?sesskey=V6HUIIwgzE&info=core_message_get_unread_conversations_count HTTP/1.1" 200 26 "http://intranetdefinitiva.sytes.net/admin/settings.php?section=competencysettings" "Mozilla/5.0 (Windows NT 10.0; WOW64; rv:53.0) Gecko/20100101 Firefox/53.0"
200.83.246.171 - - [13/Jun/2017:05:13:15 +0200] "POST /lib/ajax/service.php?sesskey=V6HUIIwgzE&info=message_popup_get_unread_popup_notification_count HTTP/1.1" 200 26 "http://intranetdefinitiva.sytes.net/admin/settings.php?section=competencysettings" "Mozilla/5.0 (Windows NT 10.0; WOW64; rv:53.0) Gecko/20100101 Firefox/53.0"
200.83.246.171 - - [13/Jun/2017:05:13:15 +0200] "POST /lib/ajax/service.php?sesskey=V6HUIIwgzE&info=core_fetch_notifications HTTP/1.1" 200 27 "http://intranetdefinitiva.sytes.net/admin/settings.php?section=competencysettings" "Mozilla/5.0 (Windows NT 10.0; WOW64; rv:53.0) Gecko/20100101 Firefox/53.0"
200.83.246.171 - - [13/Jun/2017:05:13:16 +0200] "POST /lib/ajax/service.php?sesskey=V6HUIIwgzE&info=message_popup_get_unread_popup_notification_count HTTP/1.1" 200 26 "http://intranetdefinitiva.sytes.net/admin/search.php" "Mozilla/5.0 (Windows NT 10.0; WOW64; rv:53.0) Gecko/20100101 Firefox/53.0"
200.83.246.171 - - [13/Jun/2017:05:13:16 +0200] "POST /lib/ajax/service.php?sesskey=V6HUIIwgzE&info=core_message_get_unread_conversations_count HTTP/1.1" 200 26 "http://intranetdefinitiva.sytes.net/admin/search.php" "Mozilla/5.0 (Windows NT 10.0; WOW64; rv:53.0) Gecko/20100101 Firefox/53.0"
200.83.246.171 - - [13/Jun/2017:05:13:16 +0200] "POST /lib/ajax/service.php?sesskey=V6HUIIwgzE&info=core_fetch_notifications HTTP/1.1" 200 27 "http://intranetdefinitiva.sytes.net/admin/search.php" "Mozilla/5.0 (Windows NT 10.0; WOW64; rv:53.0) Gecko/20100101 Firefox/53.0"
190.101.124.105 - - [13/Jun/2017:05:13:17 +0200] "POST /lib/ajax/service.php?sesskey=Gcu3pC13F4&info=core_message_send_instant_messages HTTP/1.1" 200 38 "http://intranetdefinitiva.sytes.net/message/index.php?user=4&id=2" "Mozilla/5.0 (Windows NT 10.0; Win64; x64) AppleWebKit/537.36 (KHTML, like Gecko) Chrome/58.0.3029.110 Safari/537.36"
190.101.124.105 - - [13/Jun/2017:05:13:17 +0200] "POST /lib/ajax/service.php?sesskey=Gcu3pC13F4&info=core_message_data_for_messagearea_messages HTTP/1.1" 200 193 "http://intranetdefinitiva.sytes.net/message/index.php?user=4&id=2" "Mozilla/5.0 (Windows NT 10.0; Win64; x64) AppleWebKit/537.36 (KHTML, like Gecko) Chrome/58.0.3029.110 Safari/537.36"
190.101.124.105 - - [13/Jun/2017:05:13:17 +0200] "POST /lib/ajax/service.php?sesskey=Gcu3pC13F4&info=core_message_data_for_messagearea_get_most_recent_message HTTP/1.1" 200 225 "http://intranetdefinitiva.sytes.net/message/index.php?user=4&id=2" "Mozilla/5.0 (Windows NT 10.0; Win64; x64) AppleWebKit/537.36 (KHTML, like Gecko) Chrome/58.0.3029.110 Safari/537.36"
200.83.246.171 - - [13/Jun/2017:05:13:26 +0200] "POST /lib/ajax/service.php?sesskey=V6HUIIwgzE&info=core_message_data_for_messagearea_conversations HTTP/1.1" 200 471 "http://intranetdefinitiva.sytes.net/admin/search.php" "Mozilla/5.0 (Windows NT 10.0; WOW64; rv:53.0) Gecko/20100101 Firefox/53.0"
190.101.124.105 - - [13/Jun/2017:05:13:27 +0200] "POST /lib/ajax/service.php?sesskey=Gcu3pC13F4&info=core_message_data_for_messagearea_messages HTTP/1.1" 200 392 "http://intranetdefinitiva.sytes.net/message/index.php?user=4&id=2" "Mozilla/5.0 (Windows NT 10.0; Win64; x64) AppleWebKit/537.36 (KHTML, like Gecko) Chrome/58.0.3029.110 Safari/537.36"
200.83.246.171 - - [13/Jun/2017:05:13:32 +0200] "GET /course/management.php HTTP/1.1" 200 69818 "http://intranetdefinitiva.sytes.net/admin/search.php" "Mozilla/5.0 (Windows NT 10.0; WOW64; rv:53.0) Gecko/20100101 Firefox/53.0"
200.83.246.171 - - [13/Jun/2017:05:13:33 +0200] "POST /lib/ajax/service.php?sesskey=V6HUIIwgzE&info=core_message_get_unread_conversations_count HTTP/1.1" 200 26 "http://intranetdefinitiva.sytes.net/course/management.php" "Mozilla/5.0 (Windows NT 10.0; WOW64; rv:53.0) Gecko/20100101 Firefox/53.0"
200.83.246.171 - - [13/Jun/2017:05:13:33 +0200] "POST /lib/ajax/service.php?sesskey=V6HUIIwgzE&info=message_popup_get_unread_popup_notification_count HTTP/1.1" 200 26 "http://intranetdefinitiva.sytes.net/course/management.php" "Mozilla/5.0 (Windows NT 10.0; WOW64; rv:53.0) Gecko/20100101 Firefox/53.0"
200.83.246.171 - - [13/Jun/2017:05:13:33 +0200] "POST /lib/ajax/service.php?sesskey=V6HUIIwgzE&info=core_fetch_notifications HTTP/1.1" 200 27 "http://intranetdefinitiva.sytes.net/course/management.php" "Mozilla/5.0 (Windows NT 10.0; WOW64; rv:53.0) Gecko/20100101 Firefox/53.0"
190.101.124.105 - - [13/Jun/2017:05:13:38 +0200] "POST /lib/ajax/service.php?sesskey=Gcu3pC13F4&info=core_message_data_for_messagearea_messages HTTP/1.1" 200 193 "http://intranetdefinitiva.sytes.net/message/index.php?user=4&id=2" "Mozilla/5.0 (Windows NT 10.0; Win64; x64) AppleWebKit/537.36 (KHTML, like Gecko) Chrome/58.0.3029.110 Safari/537.36"
190.101.124.105 - - [13/Jun/2017:05:13:39 +0200] "POST /lib/ajax/service-nologin.php?sesskey=Gcu3pC13F4&info=core_get_string,core_get_string HTTP/1.1" 200 133 "http://intranetdefinitiva.sytes.net/message/index.php?user=4&id=2" "Mozilla/5.0 (Windows NT 10.0; Win64; x64) AppleWebKit/537.36 (KHTML, like Gecko) Chrome/58.0.3029.110 Safari/537.36"
190.101.124.105 - - [13/Jun/2017:05:13:39 +0200] "POST /lib/ajax/service-nologin.php?sesskey=Gcu3pC13F4&info=core_output_load_template HTTP/1.1" 200 440 "http://intranetdefinitiva.sytes.net/message/index.php?user=4&id=2" "Mozilla/5.0 (Windows NT 10.0; Win64; x64) AppleWebKit/537.36 (KHTML, like Gecko) Chrome/58.0.3029.110 Safari/537.36"
190.101.124.105 - - [13/Jun/2017:05:13:39 +0200] "POST /lib/ajax/service-nologin.php?sesskey=Gcu3pC13F4&info=core_get_string,core_get_string,core_get_string,core_get_string,core_get_string HTTP/1.1" 200 178 "http://intranetdefinitiva.sytes.net/message/index.php?user=4&id=2" "Mozilla/5.0 (Windows NT 10.0; Win64; x64) AppleWebKit/537.36 (KHTML, like Gecko) Chrome/58.0.3029.110 Safari/537.36"
200.83.246.171 - - [13/Jun/2017:05:13:40 +0200] "POST /lib/ajax/service.php?sesskey=V6HUIIwgzE&info=core_message_data_for_messagearea_conversations HTTP/1.1" 200 471 "http://intranetdefinitiva.sytes.net/course/management.php" "Mozilla/5.0 (Windows NT 10.0; WOW64; rv:53.0) Gecko/20100101 Firefox/53.0"
190.101.124.105 - - [13/Jun/2017:05:13:40 +0200] "POST /lib/ajax/service.php?sesskey=Gcu3pC13F4&info=core_message_delete_conversation HTTP/1.1" 200 54 "http://intranetdefinitiva.sytes.net/message/index.php?user=4&id=2" "Mozilla/5.0 (Windows NT 10.0; Win64; x64) AppleWebKit/537.36 (KHTML, like Gecko) Chrome/58.0.3029.110 Safari/537.36"
190.101.124.105 - - [13/Jun/2017:05:13:46 +0200] "POST /lib/ajax/service.php?sesskey=Gcu3pC13F4&info=core_message_data_for_messagearea_search_users HTTP/1.1" 200 510 "http://intranetdefinitiva.sytes.net/message/index.php?user=4&id=2" "Mozilla/5.0 (Windows NT 10.0; Win64; x64) AppleWebKit/537.36 (KHTML, like Gecko) Chrome/58.0.3029.110 Safari/537.36"
190.101.124.105 - - [13/Jun/2017:05:13:46 +0200] "POST /lib/ajax/service-nologin.php?sesskey=Gcu3pC13F4&info=core_output_load_template HTTP/1.1" 200 904 "http://intranetdefinitiva.sytes.net/message/index.php?user=4&id=2" "Mozilla/5.0 (Windows NT 10.0; Win64; x64) AppleWebKit/537.36 (KHTML, like Gecko) Chrome/58.0.3029.110 Safari/537.36"
190.101.124.105 - - [13/Jun/2017:05:13:46 +0200] "POST /lib/ajax/service-nologin.php?sesskey=Gcu3pC13F4&info=core_get_string,core_get_string HTTP/1.1" 200 83 "http://intranetdefinitiva.sytes.net/message/index.php?user=4&id=2" "Mozilla/5.0 (Windows NT 10.0; Win64; x64) AppleWebKit/537.36 (KHTML, like Gecko) Chrome/58.0.3029.110 Safari/537.36"
190.101.124.105 - - [13/Jun/2017:05:13:47 +0200] "POST /lib/ajax/service.php?sesskey=Gcu3pC13F4&info=core_message_mark_all_messages_as_read HTTP/1.1" 200 29 "http://intranetdefinitiva.sytes.net/message/index.php?user=4&id=2" "Mozilla/5.0 (Windows NT 10.0; Win64; x64) AppleWebKit/537.36 (KHTML, like Gecko) Chrome/58.0.3029.110 Safari/537.36"
190.101.124.105 - - [13/Jun/2017:05:13:47 +0200] "POST /lib/ajax/service.php?sesskey=Gcu3pC13F4&info=core_message_data_for_messagearea_messages HTTP/1.1" 200 193 "http://intranetdefinitiva.sytes.net/message/index.php?user=4&id=2" "Mozilla/5.0 (Windows NT 10.0; Win64; x64) AppleWebKit/537.36 (KHTML, like Gecko) Chrome/58.0.3029.110 Safari/537.36"
190.101.124.105 - - [13/Jun/2017:05:13:47 +0200] "POST /lib/ajax/service-nologin.php?sesskey=Gcu3pC13F4&info=core_output_load_template HTTP/1.1" 200 2795 "http://intranetdefinitiva.sytes.net/message/index.php?user=4&id=2" "Mozilla/5.0 (Windows NT 10.0; Win64; x64) AppleWebKit/537.36 (KHTML, like Gecko) Chrome/58.0.3029.110 Safari/537.36"
190.101.124.105 - - [13/Jun/2017:05:13:47 +0200] "POST /lib/ajax/service-nologin.php?sesskey=Gcu3pC13F4&info=core_output_load_template HTTP/1.1" 200 525 "http://intranetdefinitiva.sytes.net/message/index.php?user=4&id=2" "Mozilla/5.0 (Windows NT 10.0; Win64; x64) AppleWebKit/537.36 (KHTML, like Gecko) Chrome/58.0.3029.110 Safari/537.36"
190.101.124.105 - - [13/Jun/2017:05:13:47 +0200] "POST /lib/ajax/service-nologin.php?sesskey=Gcu3pC13F4&info=11-method-calls HTTP/1.1" 200 487 "http://intranetdefinitiva.sytes.net/message/index.php?user=4&id=2" "Mozilla/5.0 (Windows NT 10.0; Win64; x64) AppleWebKit/537.36 (KHTML, like Gecko) Chrome/58.0.3029.110 Safari/537.36"
200.83.246.171 - - [13/Jun/2017:05:13:47 +0200] "GET /course/management.php?categoryid=4 HTTP/1.1" 200 69986 "http://intranetdefinitiva.sytes.net/course/management.php" "Mozilla/5.0 (Windows NT 10.0; WOW64; rv:53.0) Gecko/20100101 Firefox/53.0"
200.83.246.171 - - [13/Jun/2017:05:13:48 +0200] "POST /lib/ajax/service.php?sesskey=V6HUIIwgzE&info=core_message_get_unread_conversations_count HTTP/1.1" 200 26 "http://intranetdefinitiva.sytes.net/course/management.php?categoryid=4" "Mozilla/5.0 (Windows NT 10.0; WOW64; rv:53.0) Gecko/20100101 Firefox/53.0"
200.83.246.171 - - [13/Jun/2017:05:13:48 +0200] "POST /lib/ajax/service.php?sesskey=V6HUIIwgzE&info=message_popup_get_unread_popup_notification_count HTTP/1.1" 200 26 "http://intranetdefinitiva.sytes.net/course/management.php?categoryid=4" "Mozilla/5.0 (Windows NT 10.0; WOW64; rv:53.0) Gecko/20100101 Firefox/53.0"
200.83.246.171 - - [13/Jun/2017:05:13:48 +0200] "POST /lib/ajax/service.php?sesskey=V6HUIIwgzE&info=core_fetch_notifications HTTP/1.1" 200 27 "http://intranetdefinitiva.sytes.net/course/management.php?categoryid=4" "Mozilla/5.0 (Windows NT 10.0; WOW64; rv:53.0) Gecko/20100101 Firefox/53.0"
190.101.124.105 - - [13/Jun/2017:05:13:49 +0200] "POST /lib/ajax/service.php?sesskey=Gcu3pC13F4&info=core_message_mark_all_messages_as_read HTTP/1.1" 200 29 "http://intranetdefinitiva.sytes.net/message/index.php?user=4&id=2" "Mozilla/5.0 (Windows NT 10.0; Win64; x64) AppleWebKit/537.36 (KHTML, like Gecko) Chrome/58.0.3029.110 Safari/537.36"
190.101.124.105 - - [13/Jun/2017:05:13:50 +0200] "POST /lib/ajax/service.php?sesskey=Gcu3pC13F4&info=core_message_data_for_messagearea_messages HTTP/1.1" 200 193 "http://intranetdefinitiva.sytes.net/message/index.php?user=4&id=2" "Mozilla/5.0 (Windows NT 10.0; Win64; x64) AppleWebKit/537.36 (KHTML, like Gecko) Chrome/58.0.3029.110 Safari/537.36"
190.101.124.105 - - [13/Jun/2017:05:13:51 +0200] "POST /lib/ajax/service.php?sesskey=Gcu3pC13F4&info=core_message_mark_all_messages_as_read HTTP/1.1" 200 29 "http://intranetdefinitiva.sytes.net/message/index.php?user=4&id=2" "Mozilla/5.0 (Windows NT 10.0; Win64; x64) AppleWebKit/537.36 (KHTML, like Gecko) Chrome/58.0.3029.110 Safari/537.36"
190.101.124.105 - - [13/Jun/2017:05:13:51 +0200] "POST /lib/ajax/service.php?sesskey=Gcu3pC13F4&info=core_message_data_for_messagearea_messages HTTP/1.1" 200 193 "http://intranetdefinitiva.sytes.net/message/index.php?user=4&id=2" "Mozilla/5.0 (Windows NT 10.0; Win64; x64) AppleWebKit/537.36 (KHTML, like Gecko) Chrome/58.0.3029.110 Safari/537.36"
200.83.246.171 - - [13/Jun/2017:05:13:52 +0200] "GET /course/management.php?categoryid=3 HTTP/1.1" 200 69818 "http://intranetdefinitiva.sytes.net/course/management.php?categoryid=4" "Mozilla/5.0 (Windows NT 10.0; WOW64; rv:53.0) Gecko/20100101 Firefox/53.0"
200.83.246.171 - - [13/Jun/2017:05:13:52 +0200] "POST /lib/ajax/service.php?sesskey=V6HUIIwgzE&info=core_message_get_unread_conversations_count HTTP/1.1" 200 26 "http://intranetdefinitiva.sytes.net/course/management.php?categoryid=3" "Mozilla/5.0 (Windows NT 10.0; WOW64; rv:53.0) Gecko/20100101 Firefox/53.0"
200.83.246.171 - - [13/Jun/2017:05:13:52 +0200] "POST /lib/ajax/service.php?sesskey=V6HUIIwgzE&info=message_popup_get_unread_popup_notification_count HTTP/1.1" 200 26 "http://intranetdefinitiva.sytes.net/course/management.php?categoryid=3" "Mozilla/5.0 (Windows NT 10.0; WOW64; rv:53.0) Gecko/20100101 Firefox/53.0"
200.83.246.171 - - [13/Jun/2017:05:13:53 +0200] "POST /lib/ajax/service.php?sesskey=V6HUIIwgzE&info=core_fetch_notifications HTTP/1.1" 200 27 "http://intranetdefinitiva.sytes.net/course/management.php?categoryid=3" "Mozilla/5.0 (Windows NT 10.0; WOW64; rv:53.0) Gecko/20100101 Firefox/53.0"
190.101.124.105 - - [13/Jun/2017:05:13:55 +0200] "POST /lib/ajax/service.php?sesskey=Gcu3pC13F4&info=core_message_mark_all_messages_as_read HTTP/1.1" 200 29 "http://intranetdefinitiva.sytes.net/message/index.php?user=4&id=2" "Mozilla/5.0 (Windows NT 10.0; Win64; x64) AppleWebKit/537.36 (KHTML, like Gecko) Chrome/58.0.3029.110 Safari/537.36"
190.101.124.105 - - [13/Jun/2017:05:13:55 +0200] "POST /lib/ajax/service.php?sesskey=Gcu3pC13F4&info=core_message_data_for_messagearea_messages HTTP/1.1" 200 193 "http://intranetdefinitiva.sytes.net/message/index.php?user=4&id=2" "Mozilla/5.0 (Windows NT 10.0; Win64; x64) AppleWebKit/537.36 (KHTML, like Gecko) Chrome/58.0.3029.110 Safari/537.36"
200.83.246.171 - - [13/Jun/2017:05:13:55 +0200] "GET /course/editcategory.php?id=3 HTTP/1.1" 200 61074 "http://intranetdefinitiva.sytes.net/course/management.php?categoryid=3" "Mozilla/5.0 (Windows NT 10.0; WOW64; rv:53.0) Gecko/20100101 Firefox/53.0"
200.83.246.171 - - [13/Jun/2017:05:13:56 +0200] "POST /lib/ajax/service.php?sesskey=V6HUIIwgzE&info=message_popup_get_unread_popup_notification_count HTTP/1.1" 200 26 "http://intranetdefinitiva.sytes.net/course/editcategory.php?id=3" "Mozilla/5.0 (Windows NT 10.0; WOW64; rv:53.0) Gecko/20100101 Firefox/53.0"
200.83.246.171 - - [13/Jun/2017:05:13:56 +0200] "POST /lib/ajax/service.php?sesskey=V6HUIIwgzE&info=core_message_get_unread_conversations_count HTTP/1.1" 200 26 "http://intranetdefinitiva.sytes.net/course/editcategory.php?id=3" "Mozilla/5.0 (Windows NT 10.0; WOW64; rv:53.0) Gecko/20100101 Firefox/53.0"
200.83.246.171 - - [13/Jun/2017:05:13:56 +0200] "POST /lib/ajax/service.php?sesskey=V6HUIIwgzE&info=core_fetch_notifications HTTP/1.1" 200 27 "http://intranetdefinitiva.sytes.net/course/editcategory.php?id=3" "Mozilla/5.0 (Windows NT 10.0; WOW64; rv:53.0) Gecko/20100101 Firefox/53.0"
200.83.246.171 - - [13/Jun/2017:05:14:01 +0200] "POST /course/editcategory.php HTTP/1.1" 303 511 "http://intranetdefinitiva.sytes.net/course/editcategory.php?id=3" "Mozilla/5.0 (Windows NT 10.0; WOW64; rv:53.0) Gecko/20100101 Firefox/53.0"
200.83.246.171 - - [13/Jun/2017:05:14:01 +0200] "GET /course/management.php?categoryid=3 HTTP/1.1" 200 69778 "http://intranetdefinitiva.sytes.net/course/editcategory.php?id=3" "Mozilla/5.0 (Windows NT 10.0; WOW64; rv:53.0) Gecko/20100101 Firefox/53.0"
200.83.246.171 - - [13/Jun/2017:05:14:02 +0200] "POST /lib/ajax/service.php?sesskey=V6HUIIwgzE&info=core_message_get_unread_conversations_count HTTP/1.1" 200 26 "http://intranetdefinitiva.sytes.net/course/management.php?categoryid=3" "Mozilla/5.0 (Windows NT 10.0; WOW64; rv:53.0) Gecko/20100101 Firefox/53.0"
200.83.246.171 - - [13/Jun/2017:05:14:02 +0200] "POST /lib/ajax/service.php?sesskey=V6HUIIwgzE&info=message_popup_get_unread_popup_notification_count HTTP/1.1" 200 26 "http://intranetdefinitiva.sytes.net/course/management.php?categoryid=3" "Mozilla/5.0 (Windows NT 10.0; WOW64; rv:53.0) Gecko/20100101 Firefox/53.0"
200.83.246.171 - - [13/Jun/2017:05:14:02 +0200] "POST /lib/ajax/service.php?sesskey=V6HUIIwgzE&info=core_fetch_notifications HTTP/1.1" 200 27 "http://intranetdefinitiva.sytes.net/course/management.php?categoryid=3" "Mozilla/5.0 (Windows NT 10.0; WOW64; rv:53.0) Gecko/20100101 Firefox/53.0"
190.101.124.105 - - [13/Jun/2017:05:14:03 +0200] "GET /calendar/view.php?view=month HTTP/1.1" 200 53689 "http://intranetdefinitiva.sytes.net/message/index.php?user=4&id=2" "Mozilla/5.0 (Windows NT 10.0; Win64; x64) AppleWebKit/537.36 (KHTML, like Gecko) Chrome/58.0.3029.110 Safari/537.36"
190.101.124.105 - - [13/Jun/2017:05:14:04 +0200] "POST /lib/ajax/service.php?sesskey=Gcu3pC13F4&info=core_message_get_unread_conversations_count HTTP/1.1" 200 26 "http://intranetdefinitiva.sytes.net/calendar/view.php?view=month" "Mozilla/5.0 (Windows NT 10.0; Win64; x64) AppleWebKit/537.36 (KHTML, like Gecko) Chrome/58.0.3029.110 Safari/537.36"
190.101.124.105 - - [13/Jun/2017:05:14:04 +0200] "POST /lib/ajax/service.php?sesskey=Gcu3pC13F4&info=message_popup_get_unread_popup_notification_count HTTP/1.1" 200 26 "http://intranetdefinitiva.sytes.net/calendar/view.php?view=month" "Mozilla/5.0 (Windows NT 10.0; Win64; x64) AppleWebKit/537.36 (KHTML, like Gecko) Chrome/58.0.3029.110 Safari/537.36"
190.101.124.105 - - [13/Jun/2017:05:14:04 +0200] "POST /lib/ajax/service.php?sesskey=Gcu3pC13F4&info=core_fetch_notifications HTTP/1.1" 200 27 "http://intranetdefinitiva.sytes.net/calendar/view.php?view=month" "Mozilla/5.0 (Windows NT 10.0; Win64; x64) AppleWebKit/537.36 (KHTML, like Gecko) Chrome/58.0.3029.110 Safari/537.36"
200.83.246.171 - - [13/Jun/2017:05:14:07 +0200] "GET /course/edit.php?category=3&returnto=catmanage HTTP/1.1" 200 200460 "http://intranetdefinitiva.sytes.net/course/management.php?categoryid=3" "Mozilla/5.0 (Windows NT 10.0; WOW64; rv:53.0) Gecko/20100101 Firefox/53.0"
200.83.246.171 - - [13/Jun/2017:05:14:08 +0200] "GET /theme/yui_combo.php?3.17.2/event-simulate/event-simulate-min.js&3.17.2/async-queue/async-queue-min.js&3.17.2/gesture-simulate/gesture-simulate-min.js&3.17.2/node-event-simulate/node-event-simulate-min.js&m/1497321059/course/formatchooser/formatchooser-min.js HTTP/1.1" 200 6394 "http://intranetdefinitiva.sytes.net/course/edit.php?category=3&returnto=catmanage" "Mozilla/5.0 (Windows NT 10.0; WOW64; rv:53.0) Gecko/20100101 Firefox/53.0"
200.83.246.171 - - [13/Jun/2017:05:14:09 +0200] "GET /theme/yui_combo.php?3.17.2/datatype-xml-parse/datatype-xml-parse-min.js&3.17.2/io-xdr/io-xdr-min.js&3.17.2/io-form/io-form-min.js&3.17.2/io-upload-iframe/io-upload-iframe-min.js&3.17.2/queue-promote/queue-promote-min.js&3.17.2/io-queue/io-queue-min.js&3.17.2/event-mousewheel/event-mousewheel-min.js&3.17.2/event-resize/event-resize-min.js&3.17.2/event-hover/event-hover-min.js&3.17.2/event-touch/event-touch-min.js&3.17.2/event-move/event-move-min.js&3.17.2/event-flick/event-flick-min.js&3.17.2/event-valuechange/event-valuechange-min.js&3.17.2/event-tap/event-tap-min.js&3.17.2/node-event-html5/node-event-html5-min.js&m/1497321059/core/widget/widget-focusafterclose-min.js&m/1497321059/core/lockscroll/lockscroll-min.js&m/1497321059/core/notification/notification-dialogue-min.js&m/1497321059/core/notification/notification-confirm-min.js&m/1497321059/editor_atto/rangy/rangy-min.js&3.17.2/handlebars-base/handlebars-base-min.js&3.17.2/handlebars-compiler/handlebars-compiler-min.js HTTP/1.1" 200 52739 "http://intranetdefinitiva.sytes.net/course/edit.php?category=3&returnto=catmanage" "Mozilla/5.0 (Windows NT 10.0; WOW64; rv:53.0) Gecko/20100101 Firefox/53.0"
200.83.246.171 - - [13/Jun/2017:05:14:09 +0200] "GET /theme/yui_combo.php?m/1497321059/core/handlebars/handlebars-min.js&3.17.2/timers/timers-min.js&3.17.2/querystring-stringify/querystring-stringify-min.js&m/1497321059/editor_atto/editor/editor-min.js&m/1497321059/editor_atto/menu/menu-min.js&m/1497321059/editor_atto/plugin/plugin-min.js&m/1497321059/atto_collapse/button/button-min.js&m/1497321059/atto_title/button/button-min.js&m/1497321059/atto_bold/button/button-min.js&m/1497321059/atto_italic/button/button-min.js&m/1497321059/atto_unorderedlist/button/button-min.js&m/1497321059/atto_orderedlist/button/button-min.js&m/1497321059/atto_link/button/button-min.js&m/1497321059/atto_image/button/button-min.js&m/1497321059/atto_media/button/button-min.js&m/1497321059/atto_managefiles/button/button-min.js&m/1497321059/atto_underline/button/button-min.js&m/1497321059/atto_strike/button/button-min.js&m/1497321059/atto_subscript/button/button-min.js&m/1497321059/atto_superscript/button/button-min.js HTTP/1.1" 200 21550 "http://intranetdefinitiva.sytes.net/course/edit.php?category=3&returnto=catmanage" "Mozilla/5.0 (Windows NT 10.0; WOW64; rv:53.0) Gecko/20100101 Firefox/53.0"
200.83.246.171 - - [13/Jun/2017:05:14:09 +0200] "GET /theme/yui_combo.php?m/1497321059/atto_align/button/button-min.js&m/1497321059/atto_indent/button/button-min.js&3.17.2/arraylist/arraylist-min.js&3.17.2/widget-parent/widget-parent-min.js&3.17.2/widget-child/widget-child-min.js&3.17.2/tabview-base/tabview-base-min.js&3.17.2/node-focusmanager/node-focusmanager-min.js&3.17.2/tabview/tabview-min.js&3.17.2/array-extras/array-extras-min.js&m/1497321059/atto_equation/button/button-min.js&m/1497321059/atto_charmap/button/button-min.js&m/1497321059/atto_table/button/button-min.js&m/1497321059/atto_clear/button/button-min.js&m/1497321059/atto_undo/button/button-min.js&m/1497321059/atto_accessibilitychecker/button/button-min.js&m/1497321059/atto_accessibilityhelper/button/button-min.js&m/1497321059/atto_html/button/button-min.js HTTP/1.1" 200 20479 "http://intranetdefinitiva.sytes.net/course/edit.php?category=3&returnto=catmanage" "Mozilla/5.0 (Windows NT 10.0; WOW64; rv:53.0) Gecko/20100101 Firefox/53.0"
200.83.246.171 - - [13/Jun/2017:05:14:09 +0200] "GET /lib/requirejs.php/1497321059/core/templates.js HTTP/1.1" 200 111587 "http://intranetdefinitiva.sytes.net/course/edit.php?category=3&returnto=catmanage" "Mozilla/5.0 (Windows NT 10.0; WOW64; rv:53.0) Gecko/20100101 Firefox/53.0"
200.83.246.171 - - [13/Jun/2017:05:14:09 +0200] "POST /lib/editor/atto/autosave-ajax.php HTTP/1.1" 200 6 "http://intranetdefinitiva.sytes.net/course/edit.php?category=3&returnto=catmanage" "Mozilla/5.0 (Windows NT 10.0; WOW64; rv:53.0) Gecko/20100101 Firefox/53.0"
190.101.124.105 - - [13/Jun/2017:05:14:10 +0200] "GET /my/ HTTP/1.1" 200 57863 "http://intranetdefinitiva.sytes.net/calendar/view.php?view=month" "Mozilla/5.0 (Windows NT 10.0; Win64; x64) AppleWebKit/537.36 (KHTML, like Gecko) Chrome/58.0.3029.110 Safari/537.36"
190.101.124.105 - - [13/Jun/2017:05:14:10 +0200] "POST /lib/ajax/service.php?sesskey=Gcu3pC13F4&info=core_calendar_get_action_events_by_timesort HTTP/1.1" 200 67 "http://intranetdefinitiva.sytes.net/my/" "Mozilla/5.0 (Windows NT 10.0; Win64; x64) AppleWebKit/537.36 (KHTML, like Gecko) Chrome/58.0.3029.110 Safari/537.36"
190.101.124.105 - - [13/Jun/2017:05:14:10 +0200] "POST /lib/ajax/service.php?sesskey=Gcu3pC13F4&info=core_message_get_unread_conversations_count HTTP/1.1" 200 26 "http://intranetdefinitiva.sytes.net/my/" "Mozilla/5.0 (Windows NT 10.0; Win64; x64) AppleWebKit/537.36 (KHTML, like Gecko) Chrome/58.0.3029.110 Safari/537.36"
190.101.124.105 - - [13/Jun/2017:05:14:10 +0200] "POST /lib/ajax/service.php?sesskey=Gcu3pC13F4&info=message_popup_get_unread_popup_notification_count HTTP/1.1" 200 26 "http://intranetdefinitiva.sytes.net/my/" "Mozilla/5.0 (Windows NT 10.0; Win64; x64) AppleWebKit/537.36 (KHTML, like Gecko) Chrome/58.0.3029.110 Safari/537.36"
190.101.124.105 - - [13/Jun/2017:05:14:10 +0200] "POST /lib/ajax/service.php?sesskey=Gcu3pC13F4&info=core_fetch_notifications HTTP/1.1" 200 27 "http://intranetdefinitiva.sytes.net/my/" "Mozilla/5.0 (Windows NT 10.0; Win64; x64) AppleWebKit/537.36 (KHTML, like Gecko) Chrome/58.0.3029.110 Safari/537.36"
200.83.246.171 - - [13/Jun/2017:05:14:10 +0200] "GET /course/management.php?categoryid=4 HTTP/1.1" 200 69950 "http://intranetdefinitiva.sytes.net/course/management.php?categoryid=3" "Mozilla/5.0 (Windows NT 10.0; WOW64; rv:53.0) Gecko/20100101 Firefox/53.0"
200.83.246.171 - - [13/Jun/2017:05:14:11 +0200] "POST /lib/ajax/service.php?sesskey=V6HUIIwgzE&info=core_message_get_unread_conversations_count HTTP/1.1" 200 26 "http://intranetdefinitiva.sytes.net/course/management.php?categoryid=4" "Mozilla/5.0 (Windows NT 10.0; WOW64; rv:53.0) Gecko/20100101 Firefox/53.0"
200.83.246.171 - - [13/Jun/2017:05:14:11 +0200] "POST /lib/ajax/service.php?sesskey=V6HUIIwgzE&info=message_popup_get_unread_popup_notification_count HTTP/1.1" 200 26 "http://intranetdefinitiva.sytes.net/course/management.php?categoryid=4" "Mozilla/5.0 (Windows NT 10.0; WOW64; rv:53.0) Gecko/20100101 Firefox/53.0"
200.83.246.171 - - [13/Jun/2017:05:14:11 +0200] "POST /lib/ajax/service.php?sesskey=V6HUIIwgzE&info=core_fetch_notifications HTTP/1.1" 200 27 "http://intranetdefinitiva.sytes.net/course/management.php?categoryid=4" "Mozilla/5.0 (Windows NT 10.0; WOW64; rv:53.0) Gecko/20100101 Firefox/53.0"
200.83.246.171 - - [13/Jun/2017:05:14:13 +0200] "GET /course/edit.php?category=4&returnto=catmanage HTTP/1.1" 200 200486 "http://intranetdefinitiva.sytes.net/course/management.php?categoryid=4" "Mozilla/5.0 (Windows NT 10.0; WOW64; rv:53.0) Gecko/20100101 Firefox/53.0"
200.83.246.171 - - [13/Jun/2017:05:14:13 +0200] "POST /lib/ajax/service.php?sesskey=V6HUIIwgzE&info=core_message_get_unread_conversations_count HTTP/1.1" 200 26 "http://intranetdefinitiva.sytes.net/course/edit.php?category=4&returnto=catmanage" "Mozilla/5.0 (Windows NT 10.0; WOW64; rv:53.0) Gecko/20100101 Firefox/53.0"
200.83.246.171 - - [13/Jun/2017:05:14:13 +0200] "POST /lib/ajax/service.php?sesskey=V6HUIIwgzE&info=message_popup_get_unread_popup_notification_count HTTP/1.1" 200 26 "http://intranetdefinitiva.sytes.net/course/edit.php?category=4&returnto=catmanage" "Mozilla/5.0 (Windows NT 10.0; WOW64; rv:53.0) Gecko/20100101 Firefox/53.0"
200.83.246.171 - - [13/Jun/2017:05:14:14 +0200] "GET /theme/yui_combo.php?3.17.2/dd-drop/dd-drop-min.js&3.17.2/dd-drop-plugin/dd-drop-plugin-min.js&3.17.2/dd-delegate/dd-delegate-min.js&3.17.2/resize-base/resize-base-min.js&3.17.2/resize-plugin/resize-plugin-min.js&m/1497321059/core_filepicker/core_filepicker.js HTTP/1.1" 200 6514 "http://intranetdefinitiva.sytes.net/course/edit.php?category=4&returnto=catmanage" "Mozilla/5.0 (Windows NT 10.0; WOW64; rv:53.0) Gecko/20100101 Firefox/53.0"
200.83.246.171 - - [13/Jun/2017:05:14:14 +0200] "GET /theme/yui_combo.php?3.17.2/json-stringify/json-stringify-min.js&2in3/2.9.0/build/yui2-treeview/yui2-treeview-min.js&3.17.2/cookie/cookie-min.js&3.17.2/array-invoke/array-invoke-min.js&3.17.2/model/model-min.js&3.17.2/model-list/model-list-min.js&3.17.2/datatable-core/datatable-core-min.js&3.17.2/view/view-min.js&3.17.2/datatable-head/datatable-head-min.js&3.17.2/datatable-body/datatable-body-min.js&3.17.2/datatable-table/datatable-table-min.js&3.17.2/datatable-base/datatable-base-min.js&3.17.2/datatable-column-widths/datatable-column-widths-min.js&3.17.2/datatable-message/lang/datatable-message_en.js&3.17.2/datatable-message/datatable-message-min.js&3.17.2/datatable-mutable/datatable-mutable-min.js&3.17.2/datatable-sort/lang/datatable-sort_en.js&3.17.2/datatable-sort/datatable-sort-min.js&3.17.2/datasource-local/datasource-local-min.js&3.17.2/datatable-datasource/datatable-datasource-min.js&3.17.2/dd-ddm/dd-ddm-min.js&3.17.2/dd-ddm-drop/dd-ddm-drop-min.js HTTP/1.1" 200 26498 "http://intranetdefinitiva.sytes.net/course/edit.php?category=4&returnto=catmanage" "Mozilla/5.0 (Windows NT 10.0; WOW64; rv:53.0) Gecko/20100101 Firefox/53.0"
200.83.246.171 - - [13/Jun/2017:05:14:14 +0200] "POST /lib/editor/atto/autosave-ajax.php HTTP/1.1" 200 6 "http://intranetdefinitiva.sytes.net/course/edit.php?category=4&returnto=catmanage" "Mozilla/5.0 (Windows NT 10.0; WOW64; rv:53.0) Gecko/20100101 Firefox/53.0"
200.83.246.171 - - [13/Jun/2017:05:14:14 +0200] "POST /lib/ajax/service.php?sesskey=V6HUIIwgzE&info=core_fetch_notifications HTTP/1.1" 200 27 "http://intranetdefinitiva.sytes.net/course/edit.php?category=4&returnto=catmanage" "Mozilla/5.0 (Windows NT 10.0; WOW64; rv:53.0) Gecko/20100101 Firefox/53.0"
200.83.246.171 - - [13/Jun/2017:05:14:14 +0200] "POST /repository/draftfiles_ajax.php?action=list HTTP/1.1" 200 225 "http://intranetdefinitiva.sytes.net/course/edit.php?category=4&returnto=catmanage" "Mozilla/5.0 (Windows NT 10.0; WOW64; rv:53.0) Gecko/20100101 Firefox/53.0"
200.83.246.171 - - [13/Jun/2017:05:14:14 +0200] "POST /lib/ajax/service-nologin.php?sesskey=V6HUIIwgzE&info=core_get_string HTTP/1.1" 200 52 "http://intranetdefinitiva.sytes.net/course/edit.php?category=4&returnto=catmanage" "Mozilla/5.0 (Windows NT 10.0; WOW64; rv:53.0) Gecko/20100101 Firefox/53.0"
190.101.124.105 - - [13/Jun/2017:05:14:19 +0200] "POST /my/index.php HTTP/1.1" 200 78019 "http://intranetdefinitiva.sytes.net/my/" "Mozilla/5.0 (Windows NT 10.0; Win64; x64) AppleWebKit/537.36 (KHTML, like Gecko) Chrome/58.0.3029.110 Safari/537.36"
190.101.124.105 - - [13/Jun/2017:05:14:20 +0200] "POST /lib/ajax/service-nologin.php?sesskey=Gcu3pC13F4&info=core_get_string HTTP/1.1" 200 43 "http://intranetdefinitiva.sytes.net/my/index.php" "Mozilla/5.0 (Windows NT 10.0; Win64; x64) AppleWebKit/537.36 (KHTML, like Gecko) Chrome/58.0.3029.110 Safari/537.36"
