200.83.246.171 - - [13/Jun/2017:04:48:21 +0200] "POST /lib/ajax/service.php?sesskey=1MxRLrkTD7&info=core_fetch_notifications HTTP/1.1" 200 27 "http://intranetdefinitiva.sytes.net/course/management.php?categoryid=5" "Mozilla/5.0 (Windows NT 10.0; WOW64; rv:53.0) Gecko/20100101 Firefox/53.0"
200.83.246.171 - - [13/Jun/2017:04:48:25 +0200] "GET /course/management.php?categoryid=5&sesskey=1MxRLrkTD7&action=deletecategory HTTP/1.1" 200 44906 "http://intranetdefinitiva.sytes.net/course/management.php?categoryid=5" "Mozilla/5.0 (Windows NT 10.0; WOW64; rv:53.0) Gecko/20100101 Firefox/53.0"
200.83.246.171 - - [13/Jun/2017:04:48:26 +0200] "POST /lib/ajax/service.php?sesskey=1MxRLrkTD7&info=message_popup_get_unread_popup_notification_count HTTP/1.1" 200 26 "http://intranetdefinitiva.sytes.net/course/management.php?categoryid=5&sesskey=1MxRLrkTD7&action=deletecategory" "Mozilla/5.0 (Windows NT 10.0; WOW64; rv:53.0) Gecko/20100101 Firefox/53.0"
200.83.246.171 - - [13/Jun/2017:04:48:26 +0200] "POST /lib/ajax/service.php?sesskey=1MxRLrkTD7&info=core_message_get_unread_conversations_count HTTP/1.1" 200 26 "http://intranetdefinitiva.sytes.net/course/management.php?categoryid=5&sesskey=1MxRLrkTD7&action=deletecategory" "Mozilla/5.0 (Windows NT 10.0; WOW64; rv:53.0) Gecko/20100101 Firefox/53.0"
200.83.246.171 - - [13/Jun/2017:04:48:26 +0200] "POST /lib/ajax/service.php?sesskey=1MxRLrkTD7&info=core_fetch_notifications HTTP/1.1" 200 27 "http://intranetdefinitiva.sytes.net/course/management.php?categoryid=5&sesskey=1MxRLrkTD7&action=deletecategory" "Mozilla/5.0 (Windows NT 10.0; WOW64; rv:53.0) Gecko/20100101 Firefox/53.0"
::1 - - [13/Jun/2017:04:53:31 +0200] "GET / HTTP/1.1" 303 476 "-" "Mozilla/5.0 (Windows NT 6.1; Win64; x64) AppleWebKit/537.36 (KHTML, like Gecko) Chrome/59.0.3071.86 Safari/537.36"
190.101.124.105 - - [13/Jun/2017:04:53:32 +0200] "GET / HTTP/1.1" 200 26018 "-" "Mozilla/5.0 (Windows NT 6.1; Win64; x64) AppleWebKit/537.36 (KHTML, like Gecko) Chrome/59.0.3071.86 Safari/537.36"
190.101.124.105 - - [13/Jun/2017:04:56:06 +0200] "GET / HTTP/1.1" 200 26018 "-" "Mozilla/5.0 (Windows NT 10.0; Win64; x64) AppleWebKit/537.36 (KHTML, like Gecko) Chrome/58.0.3029.110 Safari/537.36"
190.101.124.105 - - [13/Jun/2017:04:56:07 +0200] "POST /lib/ajax/service.php?sesskey=A07QOfq2Pa&info=core_fetch_notifications HTTP/1.1" 200 238 "http://intranetdefinitiva.sytes.net/" "Mozilla/5.0 (Windows NT 10.0; Win64; x64) AppleWebKit/537.36 (KHTML, like Gecko) Chrome/58.0.3029.110 Safari/537.36"
::1 - - [13/Jun/2017:04:58:39 +0200] "GET / HTTP/1.1" 303 476 "-" "Mozilla/5.0 (Windows NT 6.1; Win64; x64) AppleWebKit/537.36 (KHTML, like Gecko) Chrome/59.0.3071.86 Safari/537.36"
190.101.124.105 - - [13/Jun/2017:04:59:59 +0200] "GET / HTTP/1.1" 200 26018 "-" "Mozilla/5.0 (Windows NT 10.0; Win64; x64) AppleWebKit/537.36 (KHTML, like Gecko) Chrome/58.0.3029.110 Safari/537.36"
190.101.124.105 - - [13/Jun/2017:05:00:00 +0200] "POST /lib/ajax/service.php?sesskey=A07QOfq2Pa&info=core_fetch_notifications HTTP/1.1" 200 238 "http://intranetdefinitiva.sytes.net/" "Mozilla/5.0 (Windows NT 10.0; Win64; x64) AppleWebKit/537.36 (KHTML, like Gecko) Chrome/58.0.3029.110 Safari/537.36"
200.83.246.171 - - [13/Jun/2017:05:00:08 +0200] "GET / HTTP/1.1" 303 486 "-" "Mozilla/5.0 (Windows NT 10.0; WOW64; rv:53.0) Gecko/20100101 Firefox/53.0"
200.83.246.171 - - [13/Jun/2017:05:00:09 +0200] "GET /my/ HTTP/1.1" 200 59908 "-" "Mozilla/5.0 (Windows NT 10.0; WOW64; rv:53.0) Gecko/20100101 Firefox/53.0"
200.83.246.171 - - [13/Jun/2017:05:00:10 +0200] "POST /lib/ajax/service.php?sesskey=1MxRLrkTD7&info=core_calendar_get_action_events_by_timesort HTTP/1.1" 200 67 "http://intranetdefinitiva.sytes.net/my/" "Mozilla/5.0 (Windows NT 10.0; WOW64; rv:53.0) Gecko/20100101 Firefox/53.0"
200.83.246.171 - - [13/Jun/2017:05:00:10 +0200] "POST /lib/ajax/service.php?sesskey=1MxRLrkTD7&info=core_message_get_unread_conversations_count HTTP/1.1" 200 26 "http://intranetdefinitiva.sytes.net/my/" "Mozilla/5.0 (Windows NT 10.0; WOW64; rv:53.0) Gecko/20100101 Firefox/53.0"
200.83.246.171 - - [13/Jun/2017:05:00:10 +0200] "POST /lib/ajax/service.php?sesskey=1MxRLrkTD7&info=message_popup_get_unread_popup_notification_count HTTP/1.1" 200 26 "http://intranetdefinitiva.sytes.net/my/" "Mozilla/5.0 (Windows NT 10.0; WOW64; rv:53.0) Gecko/20100101 Firefox/53.0"
200.83.246.171 - - [13/Jun/2017:05:00:10 +0200] "POST /lib/ajax/service.php?sesskey=1MxRLrkTD7&info=core_fetch_notifications HTTP/1.1" 200 27 "http://intranetdefinitiva.sytes.net/my/" "Mozilla/5.0 (Windows NT 10.0; WOW64; rv:53.0) Gecko/20100101 Firefox/53.0"
190.101.124.105 - - [13/Jun/2017:05:06:51 +0200] "GET / HTTP/1.1" 200 26018 "-" "Mozilla/5.0 (Windows NT 10.0; Win64; x64) AppleWebKit/537.36 (KHTML, like Gecko) Chrome/58.0.3029.110 Safari/537.36"
190.101.124.105 - - [13/Jun/2017:05:06:51 +0200] "POST /lib/ajax/service.php?sesskey=A07QOfq2Pa&info=core_fetch_notifications HTTP/1.1" 200 238 "http://intranetdefinitiva.sytes.net/" "Mozilla/5.0 (Windows NT 10.0; Win64; x64) AppleWebKit/537.36 (KHTML, like Gecko) Chrome/58.0.3029.110 Safari/537.36"
190.101.124.105 - - [13/Jun/2017:05:06:54 +0200] "GET / HTTP/1.1" 200 26018 "-" "Mozilla/5.0 (Windows NT 10.0; Win64; x64) AppleWebKit/537.36 (KHTML, like Gecko) Chrome/58.0.3029.110 Safari/537.36"
190.101.124.105 - - [13/Jun/2017:05:06:54 +0200] "POST /lib/ajax/service.php?sesskey=A07QOfq2Pa&info=core_fetch_notifications HTTP/1.1" 200 238 "http://intranetdefinitiva.sytes.net/" "Mozilla/5.0 (Windows NT 10.0; Win64; x64) AppleWebKit/537.36 (KHTML, like Gecko) Chrome/58.0.3029.110 Safari/537.36"
190.101.124.105 - - [13/Jun/2017:05:06:56 +0200] "GET /lib/ajax/setuserpref.php?sesskey=A07QOfq2Pa&pref=drawer-open-nav&value=true HTTP/1.1" 200 2 "http://intranetdefinitiva.sytes.net/" "Mozilla/5.0 (Windows NT 10.0; Win64; x64) AppleWebKit/537.36 (KHTML, like Gecko) Chrome/58.0.3029.110 Safari/537.36"
190.101.124.105 - - [13/Jun/2017:05:06:58 +0200] "GET /login/index.php HTTP/1.1" 200 25481 "http://intranetdefinitiva.sytes.net/" "Mozilla/5.0 (Windows NT 10.0; Win64; x64) AppleWebKit/537.36 (KHTML, like Gecko) Chrome/58.0.3029.110 Safari/537.36"
190.101.124.105 - - [13/Jun/2017:05:06:58 +0200] "POST /lib/ajax/service.php?sesskey=A07QOfq2Pa&info=core_fetch_notifications HTTP/1.1" 200 238 "http://intranetdefinitiva.sytes.net/login/index.php" "Mozilla/5.0 (Windows NT 10.0; Win64; x64) AppleWebKit/537.36 (KHTML, like Gecko) Chrome/58.0.3029.110 Safari/537.36"
190.101.124.105 - - [13/Jun/2017:05:07:07 +0200] "POST /login/index.php HTTP/1.1" 303 506 "http://intranetdefinitiva.sytes.net/login/index.php" "Mozilla/5.0 (Windows NT 10.0; Win64; x64) AppleWebKit/537.36 (KHTML, like Gecko) Chrome/58.0.3029.110 Safari/537.36"
190.101.124.105 - - [13/Jun/2017:05:07:07 +0200] "GET /login/index.php?testsession=1 HTTP/1.1" 303 477 "http://intranetdefinitiva.sytes.net/login/index.php" "Mozilla/5.0 (Windows NT 10.0; Win64; x64) AppleWebKit/537.36 (KHTML, like Gecko) Chrome/58.0.3029.110 Safari/537.36"
190.101.124.105 - - [13/Jun/2017:05:07:07 +0200] "GET / HTTP/1.1" 200 26333 "http://intranetdefinitiva.sytes.net/login/index.php" "Mozilla/5.0 (Windows NT 10.0; Win64; x64) AppleWebKit/537.36 (KHTML, like Gecko) Chrome/58.0.3029.110 Safari/537.36"
190.101.124.105 - - [13/Jun/2017:05:07:07 +0200] "POST /lib/ajax/service.php?sesskey=T0QPhJwfah&info=core_fetch_notifications HTTP/1.1" 200 27 "http://intranetdefinitiva.sytes.net/" "Mozilla/5.0 (Windows NT 10.0; Win64; x64) AppleWebKit/537.36 (KHTML, like Gecko) Chrome/58.0.3029.110 Safari/537.36"
190.101.124.105 - - [13/Jun/2017:05:07:12 +0200] "GET /login/index.php HTTP/1.1" 200 25466 "http://intranetdefinitiva.sytes.net/" "Mozilla/5.0 (Windows NT 10.0; Win64; x64) AppleWebKit/537.36 (KHTML, like Gecko) Chrome/58.0.3029.110 Safari/537.36"
190.101.124.105 - - [13/Jun/2017:05:07:12 +0200] "POST /lib/ajax/service.php?sesskey=T0QPhJwfah&info=core_fetch_notifications HTTP/1.1" 200 27 "http://intranetdefinitiva.sytes.net/login/index.php" "Mozilla/5.0 (Windows NT 10.0; Win64; x64) AppleWebKit/537.36 (KHTML, like Gecko) Chrome/58.0.3029.110 Safari/537.36"
190.101.124.105 - - [13/Jun/2017:05:07:38 +0200] "POST /login/index.php HTTP/1.1" 303 492 "http://intranetdefinitiva.sytes.net/login/index.php" "Mozilla/5.0 (Windows NT 10.0; Win64; x64) AppleWebKit/537.36 (KHTML, like Gecko) Chrome/58.0.3029.110 Safari/537.36"
190.101.124.105 - - [13/Jun/2017:05:07:38 +0200] "GET /login/index.php HTTP/1.1" 200 25867 "http://intranetdefinitiva.sytes.net/login/index.php" "Mozilla/5.0 (Windows NT 10.0; Win64; x64) AppleWebKit/537.36 (KHTML, like Gecko) Chrome/58.0.3029.110 Safari/537.36"
190.101.124.105 - - [13/Jun/2017:05:07:38 +0200] "POST /lib/ajax/service.php?sesskey=T0QPhJwfah&info=core_fetch_notifications HTTP/1.1" 200 27 "http://intranetdefinitiva.sytes.net/login/index.php" "Mozilla/5.0 (Windows NT 10.0; Win64; x64) AppleWebKit/537.36 (KHTML, like Gecko) Chrome/58.0.3029.110 Safari/537.36"
190.101.124.105 - - [13/Jun/2017:05:07:56 +0200] "POST /login/index.php HTTP/1.1" 303 492 "http://intranetdefinitiva.sytes.net/login/index.php" "Mozilla/5.0 (Windows NT 10.0; Win64; x64) AppleWebKit/537.36 (KHTML, like Gecko) Chrome/58.0.3029.110 Safari/537.36"
190.101.124.105 - - [13/Jun/2017:05:07:57 +0200] "GET /login/index.php HTTP/1.1" 200 25867 "http://intranetdefinitiva.sytes.net/login/index.php" "Mozilla/5.0 (Windows NT 10.0; Win64; x64) AppleWebKit/537.36 (KHTML, like Gecko) Chrome/58.0.3029.110 Safari/537.36"
190.101.124.105 - - [13/Jun/2017:05:07:57 +0200] "POST /lib/ajax/service.php?sesskey=T0QPhJwfah&info=core_fetch_notifications HTTP/1.1" 200 27 "http://intranetdefinitiva.sytes.net/login/index.php" "Mozilla/5.0 (Windows NT 10.0; Win64; x64) AppleWebKit/537.36 (KHTML, like Gecko) Chrome/58.0.3029.110 Safari/537.36"
200.83.246.171 - - [13/Jun/2017:05:07:59 +0200] "GET /admin/search.php HTTP/1.1" 200 134469 "http://intranetdefinitiva.sytes.net/my/" "Mozilla/5.0 (Windows NT 10.0; WOW64; rv:53.0) Gecko/20100101 Firefox/53.0"
200.83.246.171 - - [13/Jun/2017:05:08:00 +0200] "POST /lib/ajax/service.php?sesskey=1MxRLrkTD7&info=core_message_get_unread_conversations_count HTTP/1.1" 200 26 "http://intranetdefinitiva.sytes.net/admin/search.php" "Mozilla/5.0 (Windows NT 10.0; WOW64; rv:53.0) Gecko/20100101 Firefox/53.0"
200.83.246.171 - - [13/Jun/2017:05:08:00 +0200] "POST /lib/ajax/service.php?sesskey=1MxRLrkTD7&info=message_popup_get_unread_popup_notification_count HTTP/1.1" 200 26 "http://intranetdefinitiva.sytes.net/admin/search.php" "Mozilla/5.0 (Windows NT 10.0; WOW64; rv:53.0) Gecko/20100101 Firefox/53.0"
200.83.246.171 - - [13/Jun/2017:05:08:00 +0200] "POST /lib/ajax/service.php?sesskey=1MxRLrkTD7&info=core_fetch_notifications HTTP/1.1" 200 27 "http://intranetdefinitiva.sytes.net/admin/search.php" "Mozilla/5.0 (Windows NT 10.0; WOW64; rv:53.0) Gecko/20100101 Firefox/53.0"
200.83.246.171 - - [13/Jun/2017:05:08:09 +0200] "GET /admin/user.php HTTP/1.1" 200 167007 "http://intranetdefinitiva.sytes.net/admin/search.php" "Mozilla/5.0 (Windows NT 10.0; WOW64; rv:53.0) Gecko/20100101 Firefox/53.0"
200.83.246.171 - - [13/Jun/2017:05:08:10 +0200] "POST /lib/ajax/service.php?sesskey=1MxRLrkTD7&info=core_message_get_unread_conversations_count HTTP/1.1" 200 26 "http://intranetdefinitiva.sytes.net/admin/user.php" "Mozilla/5.0 (Windows NT 10.0; WOW64; rv:53.0) Gecko/20100101 Firefox/53.0"
200.83.246.171 - - [13/Jun/2017:05:08:10 +0200] "POST /lib/ajax/service.php?sesskey=1MxRLrkTD7&info=message_popup_get_unread_popup_notification_count HTTP/1.1" 200 26 "http://intranetdefinitiva.sytes.net/admin/user.php" "Mozilla/5.0 (Windows NT 10.0; WOW64; rv:53.0) Gecko/20100101 Firefox/53.0"
200.83.246.171 - - [13/Jun/2017:05:08:10 +0200] "POST /lib/ajax/service.php?sesskey=1MxRLrkTD7&info=core_fetch_notifications HTTP/1.1" 200 27 "http://intranetdefinitiva.sytes.net/admin/user.php" "Mozilla/5.0 (Windows NT 10.0; WOW64; rv:53.0) Gecko/20100101 Firefox/53.0"
200.83.246.171 - - [13/Jun/2017:05:08:11 +0200] "GET /user/view.php?id=4&course=1 HTTP/1.1" 303 504 "http://intranetdefinitiva.sytes.net/admin/user.php" "Mozilla/5.0 (Windows NT 10.0; WOW64; rv:53.0) Gecko/20100101 Firefox/53.0"
200.83.246.171 - - [13/Jun/2017:05:08:11 +0200] "GET /user/profile.php?id=4 HTTP/1.1" 200 45112 "http://intranetdefinitiva.sytes.net/admin/user.php" "Mozilla/5.0 (Windows NT 10.0; WOW64; rv:53.0) Gecko/20100101 Firefox/53.0"
200.83.246.171 - - [13/Jun/2017:05:08:12 +0200] "POST /lib/ajax/service.php?sesskey=1MxRLrkTD7&info=core_message_get_unread_conversations_count HTTP/1.1" 200 26 "http://intranetdefinitiva.sytes.net/user/profile.php?id=4" "Mozilla/5.0 (Windows NT 10.0; WOW64; rv:53.0) Gecko/20100101 Firefox/53.0"
200.83.246.171 - - [13/Jun/2017:05:08:12 +0200] "POST /lib/ajax/service.php?sesskey=1MxRLrkTD7&info=message_popup_get_unread_popup_notification_count HTTP/1.1" 200 26 "http://intranetdefinitiva.sytes.net/user/profile.php?id=4" "Mozilla/5.0 (Windows NT 10.0; WOW64; rv:53.0) Gecko/20100101 Firefox/53.0"
200.83.246.171 - - [13/Jun/2017:05:08:12 +0200] "POST /lib/ajax/service-nologin.php?sesskey=1MxRLrkTD7&info=core_output_load_template HTTP/1.1" 200 133 "http://intranetdefinitiva.sytes.net/user/profile.php?id=4" "Mozilla/5.0 (Windows NT 10.0; WOW64; rv:53.0) Gecko/20100101 Firefox/53.0"
200.83.246.171 - - [13/Jun/2017:05:08:12 +0200] "POST /lib/ajax/service.php?sesskey=1MxRLrkTD7&info=core_fetch_notifications HTTP/1.1" 200 27 "http://intranetdefinitiva.sytes.net/user/profile.php?id=4" "Mozilla/5.0 (Windows NT 10.0; WOW64; rv:53.0) Gecko/20100101 Firefox/53.0"
200.83.246.171 - - [13/Jun/2017:05:08:12 +0200] "POST /lib/ajax/service-nologin.php?sesskey=1MxRLrkTD7&info=core_get_string HTTP/1.1" 200 35 "http://intranetdefinitiva.sytes.net/user/profile.php?id=4" "Mozilla/5.0 (Windows NT 10.0; WOW64; rv:53.0) Gecko/20100101 Firefox/53.0"
200.83.246.171 - - [13/Jun/2017:05:08:13 +0200] "GET /user/editadvanced.php?id=4&course=1&returnto=profile HTTP/1.1" 200 223966 "http://intranetdefinitiva.sytes.net/user/profile.php?id=4" "Mozilla/5.0 (Windows NT 10.0; WOW64; rv:53.0) Gecko/20100101 Firefox/53.0"
200.83.246.171 - - [13/Jun/2017:05:08:15 +0200] "POST /lib/editor/atto/autosave-ajax.php HTTP/1.1" 200 6 "http://intranetdefinitiva.sytes.net/user/editadvanced.php?id=4&course=1&returnto=profile" "Mozilla/5.0 (Windows NT 10.0; WOW64; rv:53.0) Gecko/20100101 Firefox/53.0"
200.83.246.171 - - [13/Jun/2017:05:08:15 +0200] "POST /lib/ajax/service.php?sesskey=1MxRLrkTD7&info=core_message_get_unread_conversations_count HTTP/1.1" 200 26 "http://intranetdefinitiva.sytes.net/user/editadvanced.php?id=4&course=1&returnto=profile" "Mozilla/5.0 (Windows NT 10.0; WOW64; rv:53.0) Gecko/20100101 Firefox/53.0"
200.83.246.171 - - [13/Jun/2017:05:08:15 +0200] "POST /lib/ajax/service.php?sesskey=1MxRLrkTD7&info=message_popup_get_unread_popup_notification_count HTTP/1.1" 200 26 "http://intranetdefinitiva.sytes.net/user/editadvanced.php?id=4&course=1&returnto=profile" "Mozilla/5.0 (Windows NT 10.0; WOW64; rv:53.0) Gecko/20100101 Firefox/53.0"
200.83.246.171 - - [13/Jun/2017:05:08:15 +0200] "POST /repository/draftfiles_ajax.php?action=list HTTP/1.1" 200 225 "http://intranetdefinitiva.sytes.net/user/editadvanced.php?id=4&course=1&returnto=profile" "Mozilla/5.0 (Windows NT 10.0; WOW64; rv:53.0) Gecko/20100101 Firefox/53.0"
200.83.246.171 - - [13/Jun/2017:05:08:15 +0200] "POST /lib/ajax/service.php?sesskey=1MxRLrkTD7&info=core_fetch_notifications HTTP/1.1" 200 27 "http://intranetdefinitiva.sytes.net/user/editadvanced.php?id=4&course=1&returnto=profile" "Mozilla/5.0 (Windows NT 10.0; WOW64; rv:53.0) Gecko/20100101 Firefox/53.0"
190.101.124.105 - - [13/Jun/2017:05:08:31 +0200] "POST /login/index.php HTTP/1.1" 303 492 "http://intranetdefinitiva.sytes.net/login/index.php" "Mozilla/5.0 (Windows NT 10.0; Win64; x64) AppleWebKit/537.36 (KHTML, like Gecko) Chrome/58.0.3029.110 Safari/537.36"
190.101.124.105 - - [13/Jun/2017:05:08:31 +0200] "GET /login/index.php HTTP/1.1" 200 25867 "http://intranetdefinitiva.sytes.net/login/index.php" "Mozilla/5.0 (Windows NT 10.0; Win64; x64) AppleWebKit/537.36 (KHTML, like Gecko) Chrome/58.0.3029.110 Safari/537.36"
190.101.124.105 - - [13/Jun/2017:05:08:31 +0200] "POST /lib/ajax/service.php?sesskey=T0QPhJwfah&info=core_fetch_notifications HTTP/1.1" 200 27 "http://intranetdefinitiva.sytes.net/login/index.php" "Mozilla/5.0 (Windows NT 10.0; Win64; x64) AppleWebKit/537.36 (KHTML, like Gecko) Chrome/58.0.3029.110 Safari/537.36"
190.101.124.105 - - [13/Jun/2017:05:08:40 +0200] "POST /login/index.php HTTP/1.1" 303 492 "http://intranetdefinitiva.sytes.net/login/index.php" "Mozilla/5.0 (Windows NT 10.0; Win64; x64) AppleWebKit/537.36 (KHTML, like Gecko) Chrome/58.0.3029.110 Safari/537.36"
190.101.124.105 - - [13/Jun/2017:05:08:40 +0200] "GET /login/index.php HTTP/1.1" 200 25867 "http://intranetdefinitiva.sytes.net/login/index.php" "Mozilla/5.0 (Windows NT 10.0; Win64; x64) AppleWebKit/537.36 (KHTML, like Gecko) Chrome/58.0.3029.110 Safari/537.36"
190.101.124.105 - - [13/Jun/2017:05:08:41 +0200] "POST /lib/ajax/service.php?sesskey=T0QPhJwfah&info=core_fetch_notifications HTTP/1.1" 200 27 "http://intranetdefinitiva.sytes.net/login/index.php" "Mozilla/5.0 (Windows NT 10.0; Win64; x64) AppleWebKit/537.36 (KHTML, like Gecko) Chrome/58.0.3029.110 Safari/537.36"
190.101.124.105 - - [13/Jun/2017:05:08:49 +0200] "POST /login/index.php HTTP/1.1" 303 492 "http://intranetdefinitiva.sytes.net/login/index.php" "Mozilla/5.0 (Windows NT 10.0; Win64; x64) AppleWebKit/537.36 (KHTML, like Gecko) Chrome/58.0.3029.110 Safari/537.36"
190.101.124.105 - - [13/Jun/2017:05:08:49 +0200] "GET /login/index.php HTTP/1.1" 200 25867 "http://intranetdefinitiva.sytes.net/login/index.php" "Mozilla/5.0 (Windows NT 10.0; Win64; x64) AppleWebKit/537.36 (KHTML, like Gecko) Chrome/58.0.3029.110 Safari/537.36"
190.101.124.105 - - [13/Jun/2017:05:08:49 +0200] "POST /lib/ajax/service.php?sesskey=T0QPhJwfah&info=core_fetch_notifications HTTP/1.1" 200 27 "http://intranetdefinitiva.sytes.net/login/index.php" "Mozilla/5.0 (Windows NT 10.0; Win64; x64) AppleWebKit/537.36 (KHTML, like Gecko) Chrome/58.0.3029.110 Safari/537.36"
200.83.246.171 - - [13/Jun/2017:05:08:50 +0200] "POST /lib/editor/atto/autosave-ajax.php HTTP/1.1" 200 6 "http://intranetdefinitiva.sytes.net/user/editadvanced.php?id=4&course=1&returnto=profile" "Mozilla/5.0 (Windows NT 10.0; WOW64; rv:53.0) Gecko/20100101 Firefox/53.0"
200.83.246.171 - - [13/Jun/2017:05:08:50 +0200] "POST /user/editadvanced.php HTTP/1.1" 303 497 "http://intranetdefinitiva.sytes.net/user/editadvanced.php?id=4&course=1&returnto=profile" "Mozilla/5.0 (Windows NT 10.0; WOW64; rv:53.0) Gecko/20100101 Firefox/53.0"
200.83.246.171 - - [13/Jun/2017:05:08:51 +0200] "GET /admin/user.php HTTP/1.1" 200 167007 "http://intranetdefinitiva.sytes.net/user/editadvanced.php?id=4&course=1&returnto=profile" "Mozilla/5.0 (Windows NT 10.0; WOW64; rv:53.0) Gecko/20100101 Firefox/53.0"
200.83.246.171 - - [13/Jun/2017:05:08:52 +0200] "POST /lib/ajax/service.php?sesskey=1MxRLrkTD7&info=core_message_get_unread_conversations_count HTTP/1.1" 200 26 "http://intranetdefinitiva.sytes.net/admin/user.php" "Mozilla/5.0 (Windows NT 10.0; WOW64; rv:53.0) Gecko/20100101 Firefox/53.0"
200.83.246.171 - - [13/Jun/2017:05:08:52 +0200] "POST /lib/ajax/service.php?sesskey=1MxRLrkTD7&info=message_popup_get_unread_popup_notification_count HTTP/1.1" 200 26 "http://intranetdefinitiva.sytes.net/admin/user.php" "Mozilla/5.0 (Windows NT 10.0; WOW64; rv:53.0) Gecko/20100101 Firefox/53.0"
200.83.246.171 - - [13/Jun/2017:05:08:52 +0200] "POST /lib/ajax/service.php?sesskey=1MxRLrkTD7&info=core_fetch_notifications HTTP/1.1" 200 27 "http://intranetdefinitiva.sytes.net/admin/user.php" "Mozilla/5.0 (Windows NT 10.0; WOW64; rv:53.0) Gecko/20100101 Firefox/53.0"
200.83.246.171 - - [13/Jun/2017:05:08:53 +0200] "GET /user/view.php?id=4&course=1 HTTP/1.1" 303 504 "http://intranetdefinitiva.sytes.net/admin/user.php" "Mozilla/5.0 (Windows NT 10.0; WOW64; rv:53.0) Gecko/20100101 Firefox/53.0"
200.83.246.171 - - [13/Jun/2017:05:08:53 +0200] "GET /user/profile.php?id=4 HTTP/1.1" 200 45113 "http://intranetdefinitiva.sytes.net/admin/user.php" "Mozilla/5.0 (Windows NT 10.0; WOW64; rv:53.0) Gecko/20100101 Firefox/53.0"
200.83.246.171 - - [13/Jun/2017:05:08:54 +0200] "POST /lib/ajax/service.php?sesskey=1MxRLrkTD7&info=core_message_get_unread_conversations_count HTTP/1.1" 200 26 "http://intranetdefinitiva.sytes.net/user/profile.php?id=4" "Mozilla/5.0 (Windows NT 10.0; WOW64; rv:53.0) Gecko/20100101 Firefox/53.0"
200.83.246.171 - - [13/Jun/2017:05:08:54 +0200] "POST /lib/ajax/service.php?sesskey=1MxRLrkTD7&info=message_popup_get_unread_popup_notification_count HTTP/1.1" 200 26 "http://intranetdefinitiva.sytes.net/user/profile.php?id=4" "Mozilla/5.0 (Windows NT 10.0; WOW64; rv:53.0) Gecko/20100101 Firefox/53.0"
200.83.246.171 - - [13/Jun/2017:05:08:54 +0200] "POST /lib/ajax/service.php?sesskey=1MxRLrkTD7&info=core_fetch_notifications HTTP/1.1" 200 27 "http://intranetdefinitiva.sytes.net/user/profile.php?id=4" "Mozilla/5.0 (Windows NT 10.0; WOW64; rv:53.0) Gecko/20100101 Firefox/53.0"
190.101.124.105 - - [13/Jun/2017:05:09:02 +0200] "POST /login/index.php HTTP/1.1" 303 492 "http://intranetdefinitiva.sytes.net/login/index.php" "Mozilla/5.0 (Windows NT 10.0; Win64; x64) AppleWebKit/537.36 (KHTML, like Gecko) Chrome/58.0.3029.110 Safari/537.36"
190.101.124.105 - - [13/Jun/2017:05:09:02 +0200] "GET /login/index.php HTTP/1.1" 200 25867 "http://intranetdefinitiva.sytes.net/login/index.php" "Mozilla/5.0 (Windows NT 10.0; Win64; x64) AppleWebKit/537.36 (KHTML, like Gecko) Chrome/58.0.3029.110 Safari/537.36"
190.101.124.105 - - [13/Jun/2017:05:09:02 +0200] "POST /lib/ajax/service.php?sesskey=T0QPhJwfah&info=core_fetch_notifications HTTP/1.1" 200 27 "http://intranetdefinitiva.sytes.net/login/index.php" "Mozilla/5.0 (Windows NT 10.0; Win64; x64) AppleWebKit/537.36 (KHTML, like Gecko) Chrome/58.0.3029.110 Safari/537.36"
200.83.246.171 - - [13/Jun/2017:05:09:11 +0200] "GET /login/logout.php?sesskey=1MxRLrkTD7 HTTP/1.1" 303 477 "http://intranetdefinitiva.sytes.net/user/profile.php?id=4" "Mozilla/5.0 (Windows NT 10.0; WOW64; rv:53.0) Gecko/20100101 Firefox/53.0"
200.83.246.171 - - [13/Jun/2017:05:09:11 +0200] "GET / HTTP/1.1" 200 26017 "http://intranetdefinitiva.sytes.net/user/profile.php?id=4" "Mozilla/5.0 (Windows NT 10.0; WOW64; rv:53.0) Gecko/20100101 Firefox/53.0"
200.83.246.171 - - [13/Jun/2017:05:09:11 +0200] "POST /lib/ajax/service.php?sesskey=eDbGyzHEAJ&info=core_fetch_notifications HTTP/1.1" 200 238 "http://intranetdefinitiva.sytes.net/" "Mozilla/5.0 (Windows NT 10.0; WOW64; rv:53.0) Gecko/20100101 Firefox/53.0"
200.83.246.171 - - [13/Jun/2017:05:09:12 +0200] "GET /login/index.php HTTP/1.1" 200 25474 "http://intranetdefinitiva.sytes.net/" "Mozilla/5.0 (Windows NT 10.0; WOW64; rv:53.0) Gecko/20100101 Firefox/53.0"
200.83.246.171 - - [13/Jun/2017:05:09:13 +0200] "POST /lib/ajax/service.php?sesskey=eDbGyzHEAJ&info=core_fetch_notifications HTTP/1.1" 200 238 "http://intranetdefinitiva.sytes.net/login/index.php" "Mozilla/5.0 (Windows NT 10.0; WOW64; rv:53.0) Gecko/20100101 Firefox/53.0"
190.101.124.105 - - [13/Jun/2017:05:09:14 +0200] "POST /login/index.php HTTP/1.1" 303 492 "http://intranetdefinitiva.sytes.net/login/index.php" "Mozilla/5.0 (Windows NT 10.0; Win64; x64) AppleWebKit/537.36 (KHTML, like Gecko) Chrome/58.0.3029.110 Safari/537.36"
190.101.124.105 - - [13/Jun/2017:05:09:14 +0200] "GET /login/index.php HTTP/1.1" 200 25867 "http://intranetdefinitiva.sytes.net/login/index.php" "Mozilla/5.0 (Windows NT 10.0; Win64; x64) AppleWebKit/537.36 (KHTML, like Gecko) Chrome/58.0.3029.110 Safari/537.36"
190.101.124.105 - - [13/Jun/2017:05:09:15 +0200] "POST /lib/ajax/service.php?sesskey=T0QPhJwfah&info=core_fetch_notifications HTTP/1.1" 200 27 "http://intranetdefinitiva.sytes.net/login/index.php" "Mozilla/5.0 (Windows NT 10.0; Win64; x64) AppleWebKit/537.36 (KHTML, like Gecko) Chrome/58.0.3029.110 Safari/537.36"
200.83.246.171 - - [13/Jun/2017:05:09:21 +0200] "POST /login/index.php HTTP/1.1" 303 506 "http://intranetdefinitiva.sytes.net/login/index.php" "Mozilla/5.0 (Windows NT 10.0; WOW64; rv:53.0) Gecko/20100101 Firefox/53.0"
200.83.246.171 - - [13/Jun/2017:05:09:21 +0200] "GET /login/index.php?testsession=4 HTTP/1.1" 303 480 "http://intranetdefinitiva.sytes.net/login/index.php" "Mozilla/5.0 (Windows NT 10.0; WOW64; rv:53.0) Gecko/20100101 Firefox/53.0"
200.83.246.171 - - [13/Jun/2017:05:09:21 +0200] "GET /my/ HTTP/1.1" 200 57872 "http://intranetdefinitiva.sytes.net/login/index.php" "Mozilla/5.0 (Windows NT 10.0; WOW64; rv:53.0) Gecko/20100101 Firefox/53.0"
200.83.246.171 - - [13/Jun/2017:05:09:22 +0200] "POST /lib/ajax/service.php?sesskey=TFQ1E3ttoR&info=core_calendar_get_action_events_by_timesort HTTP/1.1" 200 67 "http://intranetdefinitiva.sytes.net/my/" "Mozilla/5.0 (Windows NT 10.0; WOW64; rv:53.0) Gecko/20100101 Firefox/53.0"
200.83.246.171 - - [13/Jun/2017:05:09:22 +0200] "POST /lib/ajax/service.php?sesskey=TFQ1E3ttoR&info=message_popup_get_unread_popup_notification_count HTTP/1.1" 200 26 "http://intranetdefinitiva.sytes.net/my/" "Mozilla/5.0 (Windows NT 10.0; WOW64; rv:53.0) Gecko/20100101 Firefox/53.0"
200.83.246.171 - - [13/Jun/2017:05:09:22 +0200] "POST /lib/ajax/service.php?sesskey=TFQ1E3ttoR&info=core_message_get_unread_conversations_count HTTP/1.1" 200 26 "http://intranetdefinitiva.sytes.net/my/" "Mozilla/5.0 (Windows NT 10.0; WOW64; rv:53.0) Gecko/20100101 Firefox/53.0"
200.83.246.171 - - [13/Jun/2017:05:09:22 +0200] "POST /lib/ajax/service.php?sesskey=TFQ1E3ttoR&info=core_fetch_notifications HTTP/1.1" 200 27 "http://intranetdefinitiva.sytes.net/my/" "Mozilla/5.0 (Windows NT 10.0; WOW64; rv:53.0) Gecko/20100101 Firefox/53.0"
200.83.246.171 - - [13/Jun/2017:05:10:05 +0200] "GET /login/logout.php?sesskey=TFQ1E3ttoR HTTP/1.1" 303 477 "http://intranetdefinitiva.sytes.net/my/" "Mozilla/5.0 (Windows NT 10.0; WOW64; rv:53.0) Gecko/20100101 Firefox/53.0"
200.83.246.171 - - [13/Jun/2017:05:10:05 +0200] "GET / HTTP/1.1" 200 26017 "http://intranetdefinitiva.sytes.net/my/" "Mozilla/5.0 (Windows NT 10.0; WOW64; rv:53.0) Gecko/20100101 Firefox/53.0"
200.83.246.171 - - [13/Jun/2017:05:10:06 +0200] "POST /lib/ajax/service.php?sesskey=mJjaTfYPNo&info=core_fetch_notifications HTTP/1.1" 200 238 "http://intranetdefinitiva.sytes.net/" "Mozilla/5.0 (Windows NT 10.0; WOW64; rv:53.0) Gecko/20100101 Firefox/53.0"
200.83.246.171 - - [13/Jun/2017:05:10:10 +0200] "GET /login/index.php HTTP/1.1" 200 25480 "http://intranetdefinitiva.sytes.net/" "Mozilla/5.0 (Windows NT 10.0; WOW64; rv:53.0) Gecko/20100101 Firefox/53.0"
200.83.246.171 - - [13/Jun/2017:05:10:11 +0200] "POST /lib/ajax/service.php?sesskey=mJjaTfYPNo&info=core_fetch_notifications HTTP/1.1" 200 238 "http://intranetdefinitiva.sytes.net/login/index.php" "Mozilla/5.0 (Windows NT 10.0; WOW64; rv:53.0) Gecko/20100101 Firefox/53.0"
200.83.246.171 - - [13/Jun/2017:05:10:19 +0200] "POST /login/index.php HTTP/1.1" 303 506 "http://intranetdefinitiva.sytes.net/login/index.php" "Mozilla/5.0 (Windows NT 10.0; WOW64; rv:53.0) Gecko/20100101 Firefox/53.0"
200.83.246.171 - - [13/Jun/2017:05:10:19 +0200] "GET /login/index.php?testsession=2 HTTP/1.1" 303 477 "http://intranetdefinitiva.sytes.net/login/index.php" "Mozilla/5.0 (Windows NT 10.0; WOW64; rv:53.0) Gecko/20100101 Firefox/53.0"
200.83.246.171 - - [13/Jun/2017:05:10:19 +0200] "GET / HTTP/1.1" 303 480 "http://intranetdefinitiva.sytes.net/login/index.php" "Mozilla/5.0 (Windows NT 10.0; WOW64; rv:53.0) Gecko/20100101 Firefox/53.0"
200.83.246.171 - - [13/Jun/2017:05:10:19 +0200] "GET /my/ HTTP/1.1" 200 60495 "http://intranetdefinitiva.sytes.net/login/index.php" "Mozilla/5.0 (Windows NT 10.0; WOW64; rv:53.0) Gecko/20100101 Firefox/53.0"
200.83.246.171 - - [13/Jun/2017:05:10:20 +0200] "POST /lib/ajax/service.php?sesskey=V6HUIIwgzE&info=core_calendar_get_action_events_by_timesort HTTP/1.1" 200 67 "http://intranetdefinitiva.sytes.net/my/" "Mozilla/5.0 (Windows NT 10.0; WOW64; rv:53.0) Gecko/20100101 Firefox/53.0"
200.83.246.171 - - [13/Jun/2017:05:10:20 +0200] "POST /lib/ajax/service.php?sesskey=V6HUIIwgzE&info=message_popup_get_unread_popup_notification_count HTTP/1.1" 200 26 "http://intranetdefinitiva.sytes.net/my/" "Mozilla/5.0 (Windows NT 10.0; WOW64; rv:53.0) Gecko/20100101 Firefox/53.0"
200.83.246.171 - - [13/Jun/2017:05:10:20 +0200] "POST /lib/ajax/service.php?sesskey=V6HUIIwgzE&info=core_message_get_unread_conversations_count HTTP/1.1" 200 26 "http://intranetdefinitiva.sytes.net/my/" "Mozilla/5.0 (Windows NT 10.0; WOW64; rv:53.0) Gecko/20100101 Firefox/53.0"
200.83.246.171 - - [13/Jun/2017:05:10:20 +0200] "POST /lib/ajax/service.php?sesskey=V6HUIIwgzE&info=core_fetch_notifications HTTP/1.1" 200 27 "http://intranetdefinitiva.sytes.net/my/" "Mozilla/5.0 (Windows NT 10.0; WOW64; rv:53.0) Gecko/20100101 Firefox/53.0"
200.83.246.171 - - [13/Jun/2017:05:10:26 +0200] "GET /admin/search.php HTTP/1.1" 200 134236 "http://intranetdefinitiva.sytes.net/my/" "Mozilla/5.0 (Windows NT 10.0; WOW64; rv:53.0) Gecko/20100101 Firefox/53.0"
200.83.246.171 - - [13/Jun/2017:05:10:27 +0200] "POST /lib/ajax/service.php?sesskey=V6HUIIwgzE&info=message_popup_get_unread_popup_notification_count HTTP/1.1" 200 26 "http://intranetdefinitiva.sytes.net/admin/search.php" "Mozilla/5.0 (Windows NT 10.0; WOW64; rv:53.0) Gecko/20100101 Firefox/53.0"
200.83.246.171 - - [13/Jun/2017:05:10:27 +0200] "POST /lib/ajax/service.php?sesskey=V6HUIIwgzE&info=core_message_get_unread_conversations_count HTTP/1.1" 200 26 "http://intranetdefinitiva.sytes.net/admin/search.php" "Mozilla/5.0 (Windows NT 10.0; WOW64; rv:53.0) Gecko/20100101 Firefox/53.0"
200.83.246.171 - - [13/Jun/2017:05:10:27 +0200] "POST /lib/ajax/service.php?sesskey=V6HUIIwgzE&info=core_fetch_notifications HTTP/1.1" 200 27 "http://intranetdefinitiva.sytes.net/admin/search.php" "Mozilla/5.0 (Windows NT 10.0; WOW64; rv:53.0) Gecko/20100101 Firefox/53.0"
190.101.124.105 - - [13/Jun/2017:05:10:40 +0200] "POST /login/index.php HTTP/1.1" 303 492 "http://intranetdefinitiva.sytes.net/login/index.php" "Mozilla/5.0 (Windows NT 10.0; Win64; x64) AppleWebKit/537.36 (KHTML, like Gecko) Chrome/58.0.3029.110 Safari/537.36"
190.101.124.105 - - [13/Jun/2017:05:10:40 +0200] "GET /login/index.php HTTP/1.1" 200 25867 "http://intranetdefinitiva.sytes.net/login/index.php" "Mozilla/5.0 (Windows NT 10.0; Win64; x64) AppleWebKit/537.36 (KHTML, like Gecko) Chrome/58.0.3029.110 Safari/537.36"
190.101.124.105 - - [13/Jun/2017:05:10:40 +0200] "POST /lib/ajax/service.php?sesskey=T0QPhJwfah&info=core_fetch_notifications HTTP/1.1" 200 27 "http://intranetdefinitiva.sytes.net/login/index.php" "Mozilla/5.0 (Windows NT 10.0; Win64; x64) AppleWebKit/537.36 (KHTML, like Gecko) Chrome/58.0.3029.110 Safari/537.36"
200.83.246.171 - - [13/Jun/2017:05:10:48 +0200] "GET /admin/user.php HTTP/1.1" 200 166961 "http://intranetdefinitiva.sytes.net/admin/search.php" "Mozilla/5.0 (Windows NT 10.0; WOW64; rv:53.0) Gecko/20100101 Firefox/53.0"
200.83.246.171 - - [13/Jun/2017:05:10:49 +0200] "POST /lib/ajax/service.php?sesskey=V6HUIIwgzE&info=message_popup_get_unread_popup_notification_count HTTP/1.1" 200 26 "http://intranetdefinitiva.sytes.net/admin/user.php" "Mozilla/5.0 (Windows NT 10.0; WOW64; rv:53.0) Gecko/20100101 Firefox/53.0"
200.83.246.171 - - [13/Jun/2017:05:10:49 +0200] "POST /lib/ajax/service.php?sesskey=V6HUIIwgzE&info=core_message_get_unread_conversations_count HTTP/1.1" 200 26 "http://intranetdefinitiva.sytes.net/admin/user.php" "Mozilla/5.0 (Windows NT 10.0; WOW64; rv:53.0) Gecko/20100101 Firefox/53.0"
200.83.246.171 - - [13/Jun/2017:05:10:49 +0200] "POST /lib/ajax/service.php?sesskey=V6HUIIwgzE&info=core_fetch_notifications HTTP/1.1" 200 27 "http://intranetdefinitiva.sytes.net/admin/user.php" "Mozilla/5.0 (Windows NT 10.0; WOW64; rv:53.0) Gecko/20100101 Firefox/53.0"
190.101.124.105 - - [13/Jun/2017:05:10:51 +0200] "POST /login/index.php HTTP/1.1" 303 506 "http://intranetdefinitiva.sytes.net/login/index.php" "Mozilla/5.0 (Windows NT 10.0; Win64; x64) AppleWebKit/537.36 (KHTML, like Gecko) Chrome/58.0.3029.110 Safari/537.36"
190.101.124.105 - - [13/Jun/2017:05:10:51 +0200] "GET /login/index.php?testsession=4 HTTP/1.1" 303 480 "http://intranetdefinitiva.sytes.net/login/index.php" "Mozilla/5.0 (Windows NT 10.0; Win64; x64) AppleWebKit/537.36 (KHTML, like Gecko) Chrome/58.0.3029.110 Safari/537.36"
190.101.124.105 - - [13/Jun/2017:05:10:51 +0200] "GET /my/ HTTP/1.1" 200 57863 "http://intranetdefinitiva.sytes.net/login/index.php" "Mozilla/5.0 (Windows NT 10.0; Win64; x64) AppleWebKit/537.36 (KHTML, like Gecko) Chrome/58.0.3029.110 Safari/537.36"
190.101.124.105 - - [13/Jun/2017:05:10:51 +0200] "POST /lib/ajax/service.php?sesskey=Gcu3pC13F4&info=core_calendar_get_action_events_by_timesort HTTP/1.1" 200 67 "http://intranetdefinitiva.sytes.net/my/" "Mozilla/5.0 (Windows NT 10.0; Win64; x64) AppleWebKit/537.36 (KHTML, like Gecko) Chrome/58.0.3029.110 Safari/537.36"
190.101.124.105 - - [13/Jun/2017:05:10:51 +0200] "POST /lib/ajax/service.php?sesskey=Gcu3pC13F4&info=core_message_get_unread_conversations_count HTTP/1.1" 200 26 "http://intranetdefinitiva.sytes.net/my/" "Mozilla/5.0 (Windows NT 10.0; Win64; x64) AppleWebKit/537.36 (KHTML, like Gecko) Chrome/58.0.3029.110 Safari/537.36"
190.101.124.105 - - [13/Jun/2017:05:10:51 +0200] "POST /lib/ajax/service.php?sesskey=Gcu3pC13F4&info=message_popup_get_unread_popup_notification_count HTTP/1.1" 200 26 "http://intranetdefinitiva.sytes.net/my/" "Mozilla/5.0 (Windows NT 10.0; Win64; x64) AppleWebKit/537.36 (KHTML, like Gecko) Chrome/58.0.3029.110 Safari/537.36"
190.101.124.105 - - [13/Jun/2017:05:10:51 +0200] "POST /lib/ajax/service-nologin.php?sesskey=Gcu3pC13F4&info=core_get_string HTTP/1.1" 200 87 "http://intranetdefinitiva.sytes.net/my/" "Mozilla/5.0 (Windows NT 10.0; Win64; x64) AppleWebKit/537.36 (KHTML, like Gecko) Chrome/58.0.3029.110 Safari/537.36"
190.101.124.105 - - [13/Jun/2017:05:10:51 +0200] "POST /lib/ajax/service.php?sesskey=Gcu3pC13F4&info=core_fetch_notifications HTTP/1.1" 200 27 "http://intranetdefinitiva.sytes.net/my/" "Mozilla/5.0 (Windows NT 10.0; Win64; x64) AppleWebKit/537.36 (KHTML, like Gecko) Chrome/58.0.3029.110 Safari/537.36"
190.101.124.105 - - [13/Jun/2017:05:10:51 +0200] "POST /lib/ajax/service-nologin.php?sesskey=Gcu3pC13F4&info=core_get_string HTTP/1.1" 200 85 "http://intranetdefinitiva.sytes.net/my/" "Mozilla/5.0 (Windows NT 10.0; Win64; x64) AppleWebKit/537.36 (KHTML, like Gecko) Chrome/58.0.3029.110 Safari/537.36"
200.83.246.171 - - [13/Jun/2017:05:11:45 +0200] "GET /admin/search.php HTTP/1.1" 200 134236 "http://intranetdefinitiva.sytes.net/admin/user.php" "Mozilla/5.0 (Windows NT 10.0; WOW64; rv:53.0) Gecko/20100101 Firefox/53.0"
200.83.246.171 - - [13/Jun/2017:05:11:45 +0200] "POST /lib/ajax/service.php?sesskey=V6HUIIwgzE&info=core_message_get_unread_conversations_count HTTP/1.1" 200 26 "http://intranetdefinitiva.sytes.net/admin/search.php" "Mozilla/5.0 (Windows NT 10.0; WOW64; rv:53.0) Gecko/20100101 Firefox/53.0"
200.83.246.171 - - [13/Jun/2017:05:11:45 +0200] "POST /lib/ajax/service.php?sesskey=V6HUIIwgzE&info=message_popup_get_unread_popup_notification_count HTTP/1.1" 200 26 "http://intranetdefinitiva.sytes.net/admin/search.php" "Mozilla/5.0 (Windows NT 10.0; WOW64; rv:53.0) Gecko/20100101 Firefox/53.0"
200.83.246.171 - - [13/Jun/2017:05:11:46 +0200] "POST /lib/ajax/service.php?sesskey=V6HUIIwgzE&info=core_fetch_notifications HTTP/1.1" 200 27 "http://intranetdefinitiva.sytes.net/admin/search.php" "Mozilla/5.0 (Windows NT 10.0; WOW64; rv:53.0) Gecko/20100101 Firefox/53.0"
200.83.246.171 - - [13/Jun/2017:05:12:01 +0200] "GET /course/management.php HTTP/1.1" 200 72132 "http://intranetdefinitiva.sytes.net/admin/search.php" "Mozilla/5.0 (Windows NT 10.0; WOW64; rv:53.0) Gecko/20100101 Firefox/53.0"
200.83.246.171 - - [13/Jun/2017:05:12:03 +0200] "POST /lib/ajax/service.php?sesskey=V6HUIIwgzE&info=message_popup_get_unread_popup_notification_count HTTP/1.1" 200 26 "http://intranetdefinitiva.sytes.net/course/management.php" "Mozilla/5.0 (Windows NT 10.0; WOW64; rv:53.0) Gecko/20100101 Firefox/53.0"
200.83.246.171 - - [13/Jun/2017:05:12:03 +0200] "POST /lib/ajax/service.php?sesskey=V6HUIIwgzE&info=core_message_get_unread_conversations_count HTTP/1.1" 200 26 "http://intranetdefinitiva.sytes.net/course/management.php" "Mozilla/5.0 (Windows NT 10.0; WOW64; rv:53.0) Gecko/20100101 Firefox/53.0"
200.83.246.171 - - [13/Jun/2017:05:12:03 +0200] "POST /lib/ajax/service.php?sesskey=V6HUIIwgzE&info=core_fetch_notifications HTTP/1.1" 200 27 "http://intranetdefinitiva.sytes.net/course/management.php" "Mozilla/5.0 (Windows NT 10.0; WOW64; rv:53.0) Gecko/20100101 Firefox/53.0"
190.101.124.105 - - [13/Jun/2017:05:12:04 +0200] "GET /user/view.php?id=2&course=1 HTTP/1.1" 303 498 "http://intranetdefinitiva.sytes.net/my/" "Mozilla/5.0 (Windows NT 10.0; Win64; x64) AppleWebKit/537.36 (KHTML, like Gecko) Chrome/58.0.3029.110 Safari/537.36"
190.101.124.105 - - [13/Jun/2017:05:12:04 +0200] "GET /user/profile.php?id=2 HTTP/1.1" 200 38639 "http://intranetdefinitiva.sytes.net/my/" "Mozilla/5.0 (Windows NT 10.0; Win64; x64) AppleWebKit/537.36 (KHTML, like Gecko) Chrome/58.0.3029.110 Safari/537.36"
190.101.124.105 - - [13/Jun/2017:05:12:04 +0200] "POST /lib/ajax/service.php?sesskey=Gcu3pC13F4&info=core_message_get_unread_conversations_count HTTP/1.1" 200 26 "http://intranetdefinitiva.sytes.net/user/profile.php?id=2" "Mozilla/5.0 (Windows NT 10.0; Win64; x64) AppleWebKit/537.36 (KHTML, like Gecko) Chrome/58.0.3029.110 Safari/537.36"
190.101.124.105 - - [13/Jun/2017:05:12:04 +0200] "POST /lib/ajax/service.php?sesskey=Gcu3pC13F4&info=core_fetch_notifications HTTP/1.1" 200 27 "http://intranetdefinitiva.sytes.net/user/profile.php?id=2" "Mozilla/5.0 (Windows NT 10.0; Win64; x64) AppleWebKit/537.36 (KHTML, like Gecko) Chrome/58.0.3029.110 Safari/537.36"
190.101.124.105 - - [13/Jun/2017:05:12:04 +0200] "POST /lib/ajax/service.php?sesskey=Gcu3pC13F4&info=message_popup_get_unread_popup_notification_count HTTP/1.1" 200 26 "http://intranetdefinitiva.sytes.net/user/profile.php?id=2" "Mozilla/5.0 (Windows NT 10.0; Win64; x64) AppleWebKit/537.36 (KHTML, like Gecko) Chrome/58.0.3029.110 Safari/537.36"
200.83.246.171 - - [13/Jun/2017:05:12:07 +0200] "GET /course/management.php?categoryid=4 HTTP/1.1" 200 79242 "http://intranetdefinitiva.sytes.net/course/management.php" "Mozilla/5.0 (Windows NT 10.0; WOW64; rv:53.0) Gecko/20100101 Firefox/53.0"
200.83.246.171 - - [13/Jun/2017:05:12:08 +0200] "POST /lib/ajax/service.php?sesskey=V6HUIIwgzE&info=message_popup_get_unread_popup_notification_count HTTP/1.1" 200 26 "http://intranetdefinitiva.sytes.net/course/management.php?categoryid=4" "Mozilla/5.0 (Windows NT 10.0; WOW64; rv:53.0) Gecko/20100101 Firefox/53.0"
200.83.246.171 - - [13/Jun/2017:05:12:08 +0200] "POST /lib/ajax/service.php?sesskey=V6HUIIwgzE&info=core_message_get_unread_conversations_count HTTP/1.1" 200 26 "http://intranetdefinitiva.sytes.net/course/management.php?categoryid=4" "Mozilla/5.0 (Windows NT 10.0; WOW64; rv:53.0) Gecko/20100101 Firefox/53.0"
200.83.246.171 - - [13/Jun/2017:05:12:08 +0200] "POST /lib/ajax/service.php?sesskey=V6HUIIwgzE&info=core_fetch_notifications HTTP/1.1" 200 27 "http://intranetdefinitiva.sytes.net/course/management.php?categoryid=4" "Mozilla/5.0 (Windows NT 10.0; WOW64; rv:53.0) Gecko/20100101 Firefox/53.0"
190.101.124.105 - - [13/Jun/2017:05:12:08 +0200] "POST /lib/ajax/service.php?sesskey=Gcu3pC13F4&info=core_message_get_unread_conversations_count HTTP/1.1" 200 26 "http://intranetdefinitiva.sytes.net/my/" "Mozilla/5.0 (Windows NT 10.0; Win64; x64) AppleWebKit/537.36 (KHTML, like Gecko) Chrome/58.0.3029.110 Safari/537.36"
190.101.124.105 - - [13/Jun/2017:05:12:08 +0200] "POST /lib/ajax/service.php?sesskey=Gcu3pC13F4&info=core_calendar_get_action_events_by_timesort HTTP/1.1" 200 67 "http://intranetdefinitiva.sytes.net/my/" "Mozilla/5.0 (Windows NT 10.0; Win64; x64) AppleWebKit/537.36 (KHTML, like Gecko) Chrome/58.0.3029.110 Safari/537.36"
190.101.124.105 - - [13/Jun/2017:05:12:08 +0200] "POST /lib/ajax/service.php?sesskey=Gcu3pC13F4&info=message_popup_get_unread_popup_notification_count HTTP/1.1" 200 26 "http://intranetdefinitiva.sytes.net/my/" "Mozilla/5.0 (Windows NT 10.0; Win64; x64) AppleWebKit/537.36 (KHTML, like Gecko) Chrome/58.0.3029.110 Safari/537.36"
190.101.124.105 - - [13/Jun/2017:05:12:08 +0200] "POST /lib/ajax/service.php?sesskey=Gcu3pC13F4&info=core_fetch_notifications HTTP/1.1" 200 27 "http://intranetdefinitiva.sytes.net/my/" "Mozilla/5.0 (Windows NT 10.0; Win64; x64) AppleWebKit/537.36 (KHTML, like Gecko) Chrome/58.0.3029.110 Safari/537.36"
190.101.124.105 - - [13/Jun/2017:05:12:11 +0200] "GET /message/index.php?id=2 HTTP/1.1" 200 45732 "http://intranetdefinitiva.sytes.net/my/" "Mozilla/5.0 (Windows NT 10.0; Win64; x64) AppleWebKit/537.36 (KHTML, like Gecko) Chrome/58.0.3029.110 Safari/537.36"
190.101.124.105 - - [13/Jun/2017:05:12:11 +0200] "POST /lib/ajax/service.php?sesskey=Gcu3pC13F4&info=core_message_get_unread_conversations_count HTTP/1.1" 200 26 "http://intranetdefinitiva.sytes.net/message/index.php?id=2" "Mozilla/5.0 (Windows NT 10.0; Win64; x64) AppleWebKit/537.36 (KHTML, like Gecko) Chrome/58.0.3029.110 Safari/537.36"
190.101.124.105 - - [13/Jun/2017:05:12:11 +0200] "POST /lib/ajax/service.php?sesskey=Gcu3pC13F4&info=message_popup_get_unread_popup_notification_count HTTP/1.1" 200 26 "http://intranetdefinitiva.sytes.net/message/index.php?id=2" "Mozilla/5.0 (Windows NT 10.0; Win64; x64) AppleWebKit/537.36 (KHTML, like Gecko) Chrome/58.0.3029.110 Safari/537.36"
190.101.124.105 - - [13/Jun/2017:05:12:11 +0200] "POST /lib/ajax/service.php?sesskey=Gcu3pC13F4&info=core_fetch_notifications HTTP/1.1" 200 27 "http://intranetdefinitiva.sytes.net/message/index.php?id=2" "Mozilla/5.0 (Windows NT 10.0; Win64; x64) AppleWebKit/537.36 (KHTML, like Gecko) Chrome/58.0.3029.110 Safari/537.36"
200.83.246.171 - - [13/Jun/2017:05:12:11 +0200] "GET /course/management.php?categoryid=4 HTTP/1.1" 200 79242 "http://intranetdefinitiva.sytes.net/course/management.php?categoryid=4" "Mozilla/5.0 (Windows NT 10.0; WOW64; rv:53.0) Gecko/20100101 Firefox/53.0"
200.83.246.171 - - [13/Jun/2017:05:12:12 +0200] "POST /lib/ajax/service.php?sesskey=V6HUIIwgzE&info=core_message_get_unread_conversations_count HTTP/1.1" 200 26 "http://intranetdefinitiva.sytes.net/course/management.php?categoryid=4" "Mozilla/5.0 (Windows NT 10.0; WOW64; rv:53.0) Gecko/20100101 Firefox/53.0"
200.83.246.171 - - [13/Jun/2017:05:12:12 +0200] "POST /lib/ajax/service.php?sesskey=V6HUIIwgzE&info=message_popup_get_unread_popup_notification_count HTTP/1.1" 200 26 "http://intranetdefinitiva.sytes.net/course/management.php?categoryid=4" "Mozilla/5.0 (Windows NT 10.0; WOW64; rv:53.0) Gecko/20100101 Firefox/53.0"
200.83.246.171 - - [13/Jun/2017:05:12:12 +0200] "POST /lib/ajax/service.php?sesskey=V6HUIIwgzE&info=core_fetch_notifications HTTP/1.1" 200 27 "http://intranetdefinitiva.sytes.net/course/management.php?categoryid=4" "Mozilla/5.0 (Windows NT 10.0; WOW64; rv:53.0) Gecko/20100101 Firefox/53.0"
190.101.124.105 - - [13/Jun/2017:05:12:17 +0200] "POST /lib/ajax/service-nologin.php?sesskey=Gcu3pC13F4&info=core_get_string HTTP/1.1" 200 42 "http://intranetdefinitiva.sytes.net/message/index.php?id=2" "Mozilla/5.0 (Windows NT 10.0; Win64; x64) AppleWebKit/537.36 (KHTML, like Gecko) Chrome/58.0.3029.110 Safari/537.36"
200.83.246.171 - - [13/Jun/2017:05:12:17 +0200] "GET /course/management.php?categoryid=5&sesskey=V6HUIIwgzE&action=deletecategory HTTP/1.1" 200 44900 "http://intranetdefinitiva.sytes.net/course/management.php?categoryid=4" "Mozilla/5.0 (Windows NT 10.0; WOW64; rv:53.0) Gecko/20100101 Firefox/53.0"
200.83.246.171 - - [13/Jun/2017:05:12:18 +0200] "POST /lib/ajax/service.php?sesskey=V6HUIIwgzE&info=message_popup_get_unread_popup_notification_count HTTP/1.1" 200 26 "http://intranetdefinitiva.sytes.net/course/management.php?categoryid=5&sesskey=V6HUIIwgzE&action=deletecategory" "Mozilla/5.0 (Windows NT 10.0; WOW64; rv:53.0) Gecko/20100101 Firefox/53.0"
200.83.246.171 - - [13/Jun/2017:05:12:18 +0200] "POST /lib/ajax/service.php?sesskey=V6HUIIwgzE&info=core_message_get_unread_conversations_count HTTP/1.1" 200 26 "http://intranetdefinitiva.sytes.net/course/management.php?categoryid=5&sesskey=V6HUIIwgzE&action=deletecategory" "Mozilla/5.0 (Windows NT 10.0; WOW64; rv:53.0) Gecko/20100101 Firefox/53.0"
200.83.246.171 - - [13/Jun/2017:05:12:18 +0200] "POST /lib/ajax/service.php?sesskey=V6HUIIwgzE&info=core_fetch_notifications HTTP/1.1" 200 27 "http://intranetdefinitiva.sytes.net/course/management.php?categoryid=5&sesskey=V6HUIIwgzE&action=deletecategory" "Mozilla/5.0 (Windows NT 10.0; WOW64; rv:53.0) Gecko/20100101 Firefox/53.0"
200.83.246.171 - - [13/Jun/2017:05:12:19 +0200] "POST /course/management.php HTTP/1.1" 200 41009 "http://intranetdefinitiva.sytes.net/course/management.php?categoryid=5&sesskey=V6HUIIwgzE&action=deletecategory" "Mozilla/5.0 (Windows NT 10.0; WOW64; rv:53.0) Gecko/20100101 Firefox/53.0"
200.83.246.171 - - [13/Jun/2017:05:12:20 +0200] "POST /lib/ajax/service.php?sesskey=V6HUIIwgzE&info=core_message_get_unread_conversations_count HTTP/1.1" 200 26 "http://intranetdefinitiva.sytes.net/course/management.php" "Mozilla/5.0 (Windows NT 10.0; WOW64; rv:53.0) Gecko/20100101 Firefox/53.0"
200.83.246.171 - - [13/Jun/2017:05:12:20 +0200] "POST /lib/ajax/service.php?sesskey=V6HUIIwgzE&info=message_popup_get_unread_popup_notification_count HTTP/1.1" 200 26 "http://intranetdefinitiva.sytes.net/course/management.php" "Mozilla/5.0 (Windows NT 10.0; WOW64; rv:53.0) Gecko/20100101 Firefox/53.0"
200.83.246.171 - - [13/Jun/2017:05:12:20 +0200] "POST /lib/ajax/service.php?sesskey=V6HUIIwgzE&info=core_fetch_notifications HTTP/1.1" 200 279 "http://intranetdefinitiva.sytes.net/course/management.php" "Mozilla/5.0 (Windows NT 10.0; WOW64; rv:53.0) Gecko/20100101 Firefox/53.0"
190.101.124.105 - - [13/Jun/2017:05:12:21 +0200] "POST /lib/ajax/service.php?sesskey=Gcu3pC13F4&info=core_message_send_instant_messages HTTP/1.1" 200 38 "http://intranetdefinitiva.sytes.net/message/index.php?id=2" "Mozilla/5.0 (Windows NT 10.0; Win64; x64) AppleWebKit/537.36 (KHTML, like Gecko) Chrome/58.0.3029.110 Safari/537.36"
190.101.124.105 - - [13/Jun/2017:05:12:21 +0200] "POST /lib/ajax/service-nologin.php?sesskey=Gcu3pC13F4&info=core_get_string HTTP/1.1" 200 35 "http://intranetdefinitiva.sytes.net/message/index.php?id=2" "Mozilla/5.0 (Windows NT 10.0; Win64; x64) AppleWebKit/537.36 (KHTML, like Gecko) Chrome/58.0.3029.110 Safari/537.36"
190.101.124.105 - - [13/Jun/2017:05:12:21 +0200] "POST /lib/ajax/service.php?sesskey=Gcu3pC13F4&info=core_message_data_for_messagearea_get_most_recent_message HTTP/1.1" 200 223 "http://intranetdefinitiva.sytes.net/message/index.php?id=2" "Mozilla/5.0 (Windows NT 10.0; Win64; x64) AppleWebKit/537.36 (KHTML, like Gecko) Chrome/58.0.3029.110 Safari/537.36"
190.101.124.105 - - [13/Jun/2017:05:12:21 +0200] "POST /lib/ajax/service-nologin.php?sesskey=Gcu3pC13F4&info=core_output_load_template HTTP/1.1" 200 107 "http://intranetdefinitiva.sytes.net/message/index.php?id=2" "Mozilla/5.0 (Windows NT 10.0; Win64; x64) AppleWebKit/537.36 (KHTML, like Gecko) Chrome/58.0.3029.110 Safari/537.36"
200.83.246.171 - - [13/Jun/2017:05:12:21 +0200] "GET /course/management.php?categoryid=4 HTTP/1.1" 200 69986 "http://intranetdefinitiva.sytes.net/course/management.php" "Mozilla/5.0 (Windows NT 10.0; WOW64; rv:53.0) Gecko/20100101 Firefox/53.0"
190.101.124.105 - - [13/Jun/2017:05:12:21 +0200] "POST /lib/ajax/service-nologin.php?sesskey=Gcu3pC13F4&info=core_output_load_template HTTP/1.1" 200 820 "http://intranetdefinitiva.sytes.net/message/index.php?id=2" "Mozilla/5.0 (Windows NT 10.0; Win64; x64) AppleWebKit/537.36 (KHTML, like Gecko) Chrome/58.0.3029.110 Safari/537.36"
190.101.124.105 - - [13/Jun/2017:05:12:21 +0200] "POST /lib/ajax/service.php?sesskey=Gcu3pC13F4&info=core_message_data_for_messagearea_messages HTTP/1.1" 200 391 "http://intranetdefinitiva.sytes.net/message/index.php?id=2" "Mozilla/5.0 (Windows NT 10.0; Win64; x64) AppleWebKit/537.36 (KHTML, like Gecko) Chrome/58.0.3029.110 Safari/537.36"
200.83.246.171 - - [13/Jun/2017:05:12:21 +0200] "POST /lib/ajax/service.php?sesskey=V6HUIIwgzE&info=message_popup_get_unread_popup_notification_count HTTP/1.1" 200 26 "http://intranetdefinitiva.sytes.net/course/management.php?categoryid=4" "Mozilla/5.0 (Windows NT 10.0; WOW64; rv:53.0) Gecko/20100101 Firefox/53.0"
200.83.246.171 - - [13/Jun/2017:05:12:21 +0200] "POST /lib/ajax/service.php?sesskey=V6HUIIwgzE&info=core_message_get_unread_conversations_count HTTP/1.1" 200 26 "http://intranetdefinitiva.sytes.net/course/management.php?categoryid=4" "Mozilla/5.0 (Windows NT 10.0; WOW64; rv:53.0) Gecko/20100101 Firefox/53.0"
200.83.246.171 - - [13/Jun/2017:05:12:21 +0200] "POST /lib/ajax/service.php?sesskey=V6HUIIwgzE&info=core_fetch_notifications HTTP/1.1" 200 27 "http://intranetdefinitiva.sytes.net/course/management.php?categoryid=4" "Mozilla/5.0 (Windows NT 10.0; WOW64; rv:53.0) Gecko/20100101 Firefox/53.0"
200.83.246.171 - - [13/Jun/2017:05:12:21 +0200] "POST /lib/ajax/service-nologin.php?sesskey=V6HUIIwgzE&info=core_get_string HTTP/1.1" 200 82 "http://intranetdefinitiva.sytes.net/course/management.php?categoryid=4" "Mozilla/5.0 (Windows NT 10.0; WOW64; rv:53.0) Gecko/20100101 Firefox/53.0"
200.83.246.171 - - [13/Jun/2017:05:12:28 +0200] "GET /course/editcategory.php?id=3 HTTP/1.1" 200 61074 "http://intranetdefinitiva.sytes.net/course/management.php?categoryid=4" "Mozilla/5.0 (Windows NT 10.0; WOW64; rv:53.0) Gecko/20100101 Firefox/53.0"
