190.101.124.105 - - [13/Jun/2017:05:14:20 +0200] "POST /lib/ajax/service.php?sesskey=Gcu3pC13F4&info=core_message_get_unread_conversations_count HTTP/1.1" 200 26 "http://intranetdefinitiva.sytes.net/my/index.php" "Mozilla/5.0 (Windows NT 10.0; Win64; x64) AppleWebKit/537.36 (KHTML, like Gecko) Chrome/58.0.3029.110 Safari/537.36"
190.101.124.105 - - [13/Jun/2017:05:14:20 +0200] "POST /lib/ajax/service.php?sesskey=Gcu3pC13F4&info=core_calendar_get_action_events_by_timesort HTTP/1.1" 200 67 "http://intranetdefinitiva.sytes.net/my/index.php" "Mozilla/5.0 (Windows NT 10.0; Win64; x64) AppleWebKit/537.36 (KHTML, like Gecko) Chrome/58.0.3029.110 Safari/537.36"
190.101.124.105 - - [13/Jun/2017:05:14:20 +0200] "POST /lib/ajax/service.php?sesskey=Gcu3pC13F4&info=message_popup_get_unread_popup_notification_count HTTP/1.1" 200 26 "http://intranetdefinitiva.sytes.net/my/index.php" "Mozilla/5.0 (Windows NT 10.0; Win64; x64) AppleWebKit/537.36 (KHTML, like Gecko) Chrome/58.0.3029.110 Safari/537.36"
190.101.124.105 - - [13/Jun/2017:05:14:20 +0200] "POST /lib/ajax/service.php?sesskey=Gcu3pC13F4&info=core_fetch_notifications HTTP/1.1" 200 27 "http://intranetdefinitiva.sytes.net/my/index.php" "Mozilla/5.0 (Windows NT 10.0; Win64; x64) AppleWebKit/537.36 (KHTML, like Gecko) Chrome/58.0.3029.110 Safari/537.36"
190.101.124.105 - - [13/Jun/2017:05:14:20 +0200] "POST /lib/ajax/service-nologin.php?sesskey=Gcu3pC13F4&info=14-method-calls HTTP/1.1" 200 569 "http://intranetdefinitiva.sytes.net/my/index.php" "Mozilla/5.0 (Windows NT 10.0; Win64; x64) AppleWebKit/537.36 (KHTML, like Gecko) Chrome/58.0.3029.110 Safari/537.36"
200.83.246.171 - - [13/Jun/2017:05:14:51 +0200] "POST /lib/editor/atto/autosave-ajax.php HTTP/1.1" 200 6 "http://intranetdefinitiva.sytes.net/course/edit.php?category=4&returnto=catmanage" "Mozilla/5.0 (Windows NT 10.0; WOW64; rv:53.0) Gecko/20100101 Firefox/53.0"
200.83.246.171 - - [13/Jun/2017:05:14:51 +0200] "POST /course/edit.php HTTP/1.1" 303 511 "http://intranetdefinitiva.sytes.net/course/edit.php?category=4&returnto=catmanage" "Mozilla/5.0 (Windows NT 10.0; WOW64; rv:53.0) Gecko/20100101 Firefox/53.0"
200.83.246.171 - - [13/Jun/2017:05:14:51 +0200] "GET /course/management.php?categoryid=4 HTTP/1.1" 200 72640 "http://intranetdefinitiva.sytes.net/course/edit.php?category=4&returnto=catmanage" "Mozilla/5.0 (Windows NT 10.0; WOW64; rv:53.0) Gecko/20100101 Firefox/53.0"
200.83.246.171 - - [13/Jun/2017:05:14:52 +0200] "POST /lib/ajax/service.php?sesskey=V6HUIIwgzE&info=core_message_get_unread_conversations_count HTTP/1.1" 200 26 "http://intranetdefinitiva.sytes.net/course/management.php?categoryid=4" "Mozilla/5.0 (Windows NT 10.0; WOW64; rv:53.0) Gecko/20100101 Firefox/53.0"
200.83.246.171 - - [13/Jun/2017:05:14:52 +0200] "POST /lib/ajax/service.php?sesskey=V6HUIIwgzE&info=message_popup_get_unread_popup_notification_count HTTP/1.1" 200 26 "http://intranetdefinitiva.sytes.net/course/management.php?categoryid=4" "Mozilla/5.0 (Windows NT 10.0; WOW64; rv:53.0) Gecko/20100101 Firefox/53.0"
200.83.246.171 - - [13/Jun/2017:05:14:52 +0200] "POST /lib/ajax/service.php?sesskey=V6HUIIwgzE&info=core_fetch_notifications HTTP/1.1" 200 27 "http://intranetdefinitiva.sytes.net/course/management.php?categoryid=4" "Mozilla/5.0 (Windows NT 10.0; WOW64; rv:53.0) Gecko/20100101 Firefox/53.0"
200.83.246.171 - - [13/Jun/2017:05:14:55 +0200] "GET /course/management.php?categoryid=4 HTTP/1.1" 200 72640 "http://intranetdefinitiva.sytes.net/course/management.php?categoryid=4" "Mozilla/5.0 (Windows NT 10.0; WOW64; rv:53.0) Gecko/20100101 Firefox/53.0"
200.83.246.171 - - [13/Jun/2017:05:14:56 +0200] "POST /lib/ajax/service.php?sesskey=V6HUIIwgzE&info=core_message_get_unread_conversations_count HTTP/1.1" 200 26 "http://intranetdefinitiva.sytes.net/course/management.php?categoryid=4" "Mozilla/5.0 (Windows NT 10.0; WOW64; rv:53.0) Gecko/20100101 Firefox/53.0"
200.83.246.171 - - [13/Jun/2017:05:14:56 +0200] "POST /lib/ajax/service.php?sesskey=V6HUIIwgzE&info=message_popup_get_unread_popup_notification_count HTTP/1.1" 200 26 "http://intranetdefinitiva.sytes.net/course/management.php?categoryid=4" "Mozilla/5.0 (Windows NT 10.0; WOW64; rv:53.0) Gecko/20100101 Firefox/53.0"
200.83.246.171 - - [13/Jun/2017:05:14:56 +0200] "POST /lib/ajax/service.php?sesskey=V6HUIIwgzE&info=core_fetch_notifications HTTP/1.1" 200 27 "http://intranetdefinitiva.sytes.net/course/management.php?categoryid=4" "Mozilla/5.0 (Windows NT 10.0; WOW64; rv:53.0) Gecko/20100101 Firefox/53.0"
200.83.246.171 - - [13/Jun/2017:05:15:01 +0200] "GET /course/management.php?categoryid=4&courseid=2 HTTP/1.1" 200 77166 "http://intranetdefinitiva.sytes.net/course/management.php?categoryid=4" "Mozilla/5.0 (Windows NT 10.0; WOW64; rv:53.0) Gecko/20100101 Firefox/53.0"
200.83.246.171 - - [13/Jun/2017:05:15:01 +0200] "POST /lib/ajax/service.php?sesskey=V6HUIIwgzE&info=core_message_get_unread_conversations_count HTTP/1.1" 200 26 "http://intranetdefinitiva.sytes.net/course/management.php?categoryid=4&courseid=2" "Mozilla/5.0 (Windows NT 10.0; WOW64; rv:53.0) Gecko/20100101 Firefox/53.0"
200.83.246.171 - - [13/Jun/2017:05:15:01 +0200] "POST /lib/ajax/service.php?sesskey=V6HUIIwgzE&info=message_popup_get_unread_popup_notification_count HTTP/1.1" 200 26 "http://intranetdefinitiva.sytes.net/course/management.php?categoryid=4&courseid=2" "Mozilla/5.0 (Windows NT 10.0; WOW64; rv:53.0) Gecko/20100101 Firefox/53.0"
200.83.246.171 - - [13/Jun/2017:05:15:02 +0200] "POST /lib/ajax/service.php?sesskey=V6HUIIwgzE&info=core_fetch_notifications HTTP/1.1" 200 27 "http://intranetdefinitiva.sytes.net/course/management.php?categoryid=4&courseid=2" "Mozilla/5.0 (Windows NT 10.0; WOW64; rv:53.0) Gecko/20100101 Firefox/53.0"
200.83.246.171 - - [13/Jun/2017:05:15:04 +0200] "GET /enrol/users.php?id=2 HTTP/1.1" 200 57266 "http://intranetdefinitiva.sytes.net/course/management.php?categoryid=4&courseid=2" "Mozilla/5.0 (Windows NT 10.0; WOW64; rv:53.0) Gecko/20100101 Firefox/53.0"
200.83.246.171 - - [13/Jun/2017:05:15:05 +0200] "GET /theme/yui_combo.php?m/1497321059/enrol/rolemanager/rolemanager.css HTTP/1.1" 200 396 "http://intranetdefinitiva.sytes.net/enrol/users.php?id=2" "Mozilla/5.0 (Windows NT 10.0; WOW64; rv:53.0) Gecko/20100101 Firefox/53.0"
200.83.246.171 - - [13/Jun/2017:05:15:05 +0200] "GET /theme/yui_combo.php?m/1497321059/enrol/rolemanager/rolemanager-min.js HTTP/1.1" 200 3556 "http://intranetdefinitiva.sytes.net/enrol/users.php?id=2" "Mozilla/5.0 (Windows NT 10.0; WOW64; rv:53.0) Gecko/20100101 Firefox/53.0"
200.83.246.171 - - [13/Jun/2017:05:15:05 +0200] "GET /theme/yui_combo.php?3.17.2/event-simulate/event-simulate-min.js&3.17.2/json-stringify/json-stringify-min.js&3.17.2/test/test-min.js&m/1497321059/core/widget/widget-focusafterclose-min.js&3.17.2/plugin/plugin-min.js&m/1497321059/core/lockscroll/lockscroll-min.js&m/1497321059/core/notification/notification-dialogue-min.js&m/1497321059/core/notification/notification-alert-min.js&m/1497321059/core/notification/notification-confirm-min.js&m/1497321059/core/notification/notification-exception-min.js&m/1497321059/core/notification/notification-ajaxexception-min.js&m/1497321059/core/notification/notification-min.js HTTP/1.1" 200 15065 "http://intranetdefinitiva.sytes.net/enrol/users.php?id=2" "Mozilla/5.0 (Windows NT 10.0; WOW64; rv:53.0) Gecko/20100101 Firefox/53.0"
200.83.246.171 - - [13/Jun/2017:05:15:05 +0200] "GET /theme/yui_combo.php?m/1497321059/enrol_manual/quickenrolment/quickenrolment.css HTTP/1.1" 200 939 "http://intranetdefinitiva.sytes.net/enrol/users.php?id=2" "Mozilla/5.0 (Windows NT 10.0; WOW64; rv:53.0) Gecko/20100101 Firefox/53.0"
200.83.246.171 - - [13/Jun/2017:05:15:05 +0200] "GET /theme/yui_combo.php?m/1497321059/enrol_manual/quickenrolment/quickenrolment-min.js HTTP/1.1" 200 5847 "http://intranetdefinitiva.sytes.net/enrol/users.php?id=2" "Mozilla/5.0 (Windows NT 10.0; WOW64; rv:53.0) Gecko/20100101 Firefox/53.0"
200.83.246.171 - - [13/Jun/2017:05:15:05 +0200] "GET /theme/image.php/boost/core/1497321059/i/loading HTTP/1.1" 200 6715 "http://intranetdefinitiva.sytes.net/enrol/users.php?id=2" "Mozilla/5.0 (Windows NT 10.0; WOW64; rv:53.0) Gecko/20100101 Firefox/53.0"
200.83.246.171 - - [13/Jun/2017:05:15:05 +0200] "POST /enrol/ajax.php HTTP/1.1" 200 176 "http://intranetdefinitiva.sytes.net/enrol/users.php?id=2" "Mozilla/5.0 (Windows NT 10.0; WOW64; rv:53.0) Gecko/20100101 Firefox/53.0"
200.83.246.171 - - [13/Jun/2017:05:15:06 +0200] "POST /lib/ajax/service.php?sesskey=V6HUIIwgzE&info=core_message_get_unread_conversations_count HTTP/1.1" 200 26 "http://intranetdefinitiva.sytes.net/enrol/users.php?id=2" "Mozilla/5.0 (Windows NT 10.0; WOW64; rv:53.0) Gecko/20100101 Firefox/53.0"
200.83.246.171 - - [13/Jun/2017:05:15:06 +0200] "POST /lib/ajax/service.php?sesskey=V6HUIIwgzE&info=message_popup_get_unread_popup_notification_count HTTP/1.1" 200 26 "http://intranetdefinitiva.sytes.net/enrol/users.php?id=2" "Mozilla/5.0 (Windows NT 10.0; WOW64; rv:53.0) Gecko/20100101 Firefox/53.0"
200.83.246.171 - - [13/Jun/2017:05:15:06 +0200] "POST /lib/ajax/service.php?sesskey=V6HUIIwgzE&info=core_fetch_notifications HTTP/1.1" 200 27 "http://intranetdefinitiva.sytes.net/enrol/users.php?id=2" "Mozilla/5.0 (Windows NT 10.0; WOW64; rv:53.0) Gecko/20100101 Firefox/53.0"
200.83.246.171 - - [13/Jun/2017:05:15:09 +0200] "POST /enrol/manual/ajax.php HTTP/1.1" 200 1818 "http://intranetdefinitiva.sytes.net/enrol/users.php?id=2" "Mozilla/5.0 (Windows NT 10.0; WOW64; rv:53.0) Gecko/20100101 Firefox/53.0"
200.83.246.171 - - [13/Jun/2017:05:15:11 +0200] "POST /enrol/manual/ajax.php HTTP/1.1" 200 41 "http://intranetdefinitiva.sytes.net/enrol/users.php?id=2" "Mozilla/5.0 (Windows NT 10.0; WOW64; rv:53.0) Gecko/20100101 Firefox/53.0"
200.83.246.171 - - [13/Jun/2017:05:15:12 +0200] "POST /enrol/manual/ajax.php HTTP/1.1" 200 41 "http://intranetdefinitiva.sytes.net/enrol/users.php?id=2" "Mozilla/5.0 (Windows NT 10.0; WOW64; rv:53.0) Gecko/20100101 Firefox/53.0"
200.83.246.171 - - [13/Jun/2017:05:15:13 +0200] "GET /enrol/users.php?id=2&page=0&perpage=100&sort=lastname&dir=ASC&newcourse HTTP/1.1" 200 61829 "http://intranetdefinitiva.sytes.net/enrol/users.php?id=2" "Mozilla/5.0 (Windows NT 10.0; WOW64; rv:53.0) Gecko/20100101 Firefox/53.0"
200.83.246.171 - - [13/Jun/2017:05:15:14 +0200] "POST /lib/ajax/service.php?sesskey=V6HUIIwgzE&info=core_message_get_unread_conversations_count HTTP/1.1" 200 26 "http://intranetdefinitiva.sytes.net/enrol/users.php?id=2&page=0&perpage=100&sort=lastname&dir=ASC&newcourse" "Mozilla/5.0 (Windows NT 10.0; WOW64; rv:53.0) Gecko/20100101 Firefox/53.0"
200.83.246.171 - - [13/Jun/2017:05:15:14 +0200] "POST /lib/ajax/service.php?sesskey=V6HUIIwgzE&info=message_popup_get_unread_popup_notification_count HTTP/1.1" 200 26 "http://intranetdefinitiva.sytes.net/enrol/users.php?id=2&page=0&perpage=100&sort=lastname&dir=ASC&newcourse" "Mozilla/5.0 (Windows NT 10.0; WOW64; rv:53.0) Gecko/20100101 Firefox/53.0"
200.83.246.171 - - [13/Jun/2017:05:15:14 +0200] "POST /enrol/ajax.php HTTP/1.1" 200 176 "http://intranetdefinitiva.sytes.net/enrol/users.php?id=2&page=0&perpage=100&sort=lastname&dir=ASC&newcourse" "Mozilla/5.0 (Windows NT 10.0; WOW64; rv:53.0) Gecko/20100101 Firefox/53.0"
200.83.246.171 - - [13/Jun/2017:05:15:14 +0200] "POST /lib/ajax/service.php?sesskey=V6HUIIwgzE&info=core_fetch_notifications HTTP/1.1" 200 27 "http://intranetdefinitiva.sytes.net/enrol/users.php?id=2&page=0&perpage=100&sort=lastname&dir=ASC&newcourse" "Mozilla/5.0 (Windows NT 10.0; WOW64; rv:53.0) Gecko/20100101 Firefox/53.0"
200.83.246.171 - - [13/Jun/2017:05:15:16 +0200] "POST /enrol/ajax.php HTTP/1.1" 200 176 "http://intranetdefinitiva.sytes.net/enrol/users.php?id=2&page=0&perpage=100&sort=lastname&dir=ASC&newcourse" "Mozilla/5.0 (Windows NT 10.0; WOW64; rv:53.0) Gecko/20100101 Firefox/53.0"
200.83.246.171 - - [13/Jun/2017:05:15:17 +0200] "POST /enrol/ajax.php HTTP/1.1" 200 51 "http://intranetdefinitiva.sytes.net/enrol/users.php?id=2&page=0&perpage=100&sort=lastname&dir=ASC&newcourse" "Mozilla/5.0 (Windows NT 10.0; WOW64; rv:53.0) Gecko/20100101 Firefox/53.0"
200.83.246.171 - - [13/Jun/2017:05:15:19 +0200] "POST /enrol/ajax.php HTTP/1.1" 200 41 "http://intranetdefinitiva.sytes.net/enrol/users.php?id=2&page=0&perpage=100&sort=lastname&dir=ASC&newcourse" "Mozilla/5.0 (Windows NT 10.0; WOW64; rv:53.0) Gecko/20100101 Firefox/53.0"
200.83.246.171 - - [13/Jun/2017:05:15:33 +0200] "GET /course/view.php?id=2 HTTP/1.1" 200 53869 "http://intranetdefinitiva.sytes.net/enrol/users.php?id=2&page=0&perpage=100&sort=lastname&dir=ASC&newcourse" "Mozilla/5.0 (Windows NT 10.0; WOW64; rv:53.0) Gecko/20100101 Firefox/53.0"
200.83.246.171 - - [13/Jun/2017:05:15:34 +0200] "GET /theme/image.php/boost/forum/1497321059/icon HTTP/1.1" 200 921 "http://intranetdefinitiva.sytes.net/course/view.php?id=2" "Mozilla/5.0 (Windows NT 10.0; WOW64; rv:53.0) Gecko/20100101 Firefox/53.0"
200.83.246.171 - - [13/Jun/2017:05:15:34 +0200] "GET /lib/javascript.php/1497321059/course/format/topics/format.js HTTP/1.1" 200 554 "http://intranetdefinitiva.sytes.net/course/view.php?id=2" "Mozilla/5.0 (Windows NT 10.0; WOW64; rv:53.0) Gecko/20100101 Firefox/53.0"
200.83.246.171 - - [13/Jun/2017:05:15:34 +0200] "GET /lib/javascript.php/1497321059/course/completion.js HTTP/1.1" 200 997 "http://intranetdefinitiva.sytes.net/course/view.php?id=2" "Mozilla/5.0 (Windows NT 10.0; WOW64; rv:53.0) Gecko/20100101 Firefox/53.0"
200.83.246.171 - - [13/Jun/2017:05:15:34 +0200] "POST /lib/ajax/service-nologin.php?sesskey=V6HUIIwgzE&info=core_get_string HTTP/1.1" 200 74 "http://intranetdefinitiva.sytes.net/course/view.php?id=2" "Mozilla/5.0 (Windows NT 10.0; WOW64; rv:53.0) Gecko/20100101 Firefox/53.0"
200.83.246.171 - - [13/Jun/2017:05:15:34 +0200] "POST /lib/ajax/service.php?sesskey=V6HUIIwgzE&info=tool_usertours_fetch_and_start_tour HTTP/1.1" 200 3006 "http://intranetdefinitiva.sytes.net/course/view.php?id=2" "Mozilla/5.0 (Windows NT 10.0; WOW64; rv:53.0) Gecko/20100101 Firefox/53.0"
200.83.246.171 - - [13/Jun/2017:05:15:34 +0200] "POST /lib/ajax/service.php?sesskey=V6HUIIwgzE&info=core_message_get_unread_conversations_count HTTP/1.1" 200 26 "http://intranetdefinitiva.sytes.net/course/view.php?id=2" "Mozilla/5.0 (Windows NT 10.0; WOW64; rv:53.0) Gecko/20100101 Firefox/53.0"
200.83.246.171 - - [13/Jun/2017:05:15:34 +0200] "POST /lib/ajax/service.php?sesskey=V6HUIIwgzE&info=message_popup_get_unread_popup_notification_count HTTP/1.1" 200 26 "http://intranetdefinitiva.sytes.net/course/view.php?id=2" "Mozilla/5.0 (Windows NT 10.0; WOW64; rv:53.0) Gecko/20100101 Firefox/53.0"
200.83.246.171 - - [13/Jun/2017:05:15:34 +0200] "POST /lib/ajax/service.php?sesskey=V6HUIIwgzE&info=core_fetch_notifications HTTP/1.1" 200 27 "http://intranetdefinitiva.sytes.net/course/view.php?id=2" "Mozilla/5.0 (Windows NT 10.0; WOW64; rv:53.0) Gecko/20100101 Firefox/53.0"
200.83.246.171 - - [13/Jun/2017:05:15:34 +0200] "POST /lib/ajax/service-nologin.php?sesskey=V6HUIIwgzE&info=core_output_load_template HTTP/1.1" 200 1009 "http://intranetdefinitiva.sytes.net/course/view.php?id=2" "Mozilla/5.0 (Windows NT 10.0; WOW64; rv:53.0) Gecko/20100101 Firefox/53.0"
200.83.246.171 - - [13/Jun/2017:05:15:34 +0200] "POST /lib/ajax/service-nologin.php?sesskey=V6HUIIwgzE&info=core_get_string,core_get_string,core_get_string HTTP/1.1" 200 109 "http://intranetdefinitiva.sytes.net/course/view.php?id=2" "Mozilla/5.0 (Windows NT 10.0; WOW64; rv:53.0) Gecko/20100101 Firefox/53.0"
200.83.246.171 - - [13/Jun/2017:05:15:34 +0200] "POST /lib/ajax/service.php?sesskey=V6HUIIwgzE&info=tool_usertours_step_shown HTTP/1.1" 200 27 "http://intranetdefinitiva.sytes.net/course/view.php?id=2" "Mozilla/5.0 (Windows NT 10.0; WOW64; rv:53.0) Gecko/20100101 Firefox/53.0"
200.83.246.171 - - [13/Jun/2017:05:15:36 +0200] "POST /lib/ajax/service.php?sesskey=V6HUIIwgzE&info=tool_usertours_step_shown HTTP/1.1" 200 27 "http://intranetdefinitiva.sytes.net/course/view.php?id=2" "Mozilla/5.0 (Windows NT 10.0; WOW64; rv:53.0) Gecko/20100101 Firefox/53.0"
200.83.246.171 - - [13/Jun/2017:05:15:38 +0200] "POST /lib/ajax/service.php?sesskey=V6HUIIwgzE&info=tool_usertours_step_shown HTTP/1.1" 200 27 "http://intranetdefinitiva.sytes.net/course/view.php?id=2" "Mozilla/5.0 (Windows NT 10.0; WOW64; rv:53.0) Gecko/20100101 Firefox/53.0"
190.101.124.105 - - [13/Jun/2017:05:15:38 +0200] "POST /my/index.php HTTP/1.1" 200 85215 "http://intranetdefinitiva.sytes.net/my/" "Mozilla/5.0 (Windows NT 10.0; Win64; x64) AppleWebKit/537.36 (KHTML, like Gecko) Chrome/58.0.3029.110 Safari/537.36"
190.101.124.105 - - [13/Jun/2017:05:15:38 +0200] "GET /theme/image.php/boost/core/1497321059/i/course HTTP/1.1" 200 539 "http://intranetdefinitiva.sytes.net/my/index.php" "Mozilla/5.0 (Windows NT 10.0; Win64; x64) AppleWebKit/537.36 (KHTML, like Gecko) Chrome/58.0.3029.110 Safari/537.36"
190.101.124.105 - - [13/Jun/2017:05:15:38 +0200] "GET /theme/image.php/boost/theme/1497321059/favicon HTTP/1.1" 200 1150 "http://intranetdefinitiva.sytes.net/my/index.php" "Mozilla/5.0 (Windows NT 10.0; Win64; x64) AppleWebKit/537.36 (KHTML, like Gecko) Chrome/58.0.3029.110 Safari/537.36"
190.101.124.105 - - [13/Jun/2017:05:15:38 +0200] "POST /lib/ajax/service.php?sesskey=Gcu3pC13F4&info=core_calendar_get_action_events_by_timesort HTTP/1.1" 200 67 "http://intranetdefinitiva.sytes.net/my/index.php" "Mozilla/5.0 (Windows NT 10.0; Win64; x64) AppleWebKit/537.36 (KHTML, like Gecko) Chrome/58.0.3029.110 Safari/537.36"
190.101.124.105 - - [13/Jun/2017:05:15:38 +0200] "POST /lib/ajax/service.php?sesskey=Gcu3pC13F4&info=core_message_get_unread_conversations_count HTTP/1.1" 200 26 "http://intranetdefinitiva.sytes.net/my/index.php" "Mozilla/5.0 (Windows NT 10.0; Win64; x64) AppleWebKit/537.36 (KHTML, like Gecko) Chrome/58.0.3029.110 Safari/537.36"
190.101.124.105 - - [13/Jun/2017:05:15:38 +0200] "POST /lib/ajax/service.php?sesskey=Gcu3pC13F4&info=message_popup_get_unread_popup_notification_count HTTP/1.1" 200 26 "http://intranetdefinitiva.sytes.net/my/index.php" "Mozilla/5.0 (Windows NT 10.0; Win64; x64) AppleWebKit/537.36 (KHTML, like Gecko) Chrome/58.0.3029.110 Safari/537.36"
190.101.124.105 - - [13/Jun/2017:05:15:38 +0200] "POST /lib/ajax/service.php?sesskey=Gcu3pC13F4&info=core_fetch_notifications HTTP/1.1" 200 27 "http://intranetdefinitiva.sytes.net/my/index.php" "Mozilla/5.0 (Windows NT 10.0; Win64; x64) AppleWebKit/537.36 (KHTML, like Gecko) Chrome/58.0.3029.110 Safari/537.36"
200.83.246.171 - - [13/Jun/2017:05:15:39 +0200] "POST /lib/ajax/service.php?sesskey=V6HUIIwgzE&info=tool_usertours_step_shown HTTP/1.1" 200 27 "http://intranetdefinitiva.sytes.net/course/view.php?id=2" "Mozilla/5.0 (Windows NT 10.0; WOW64; rv:53.0) Gecko/20100101 Firefox/53.0"
200.83.246.171 - - [13/Jun/2017:05:15:40 +0200] "POST /lib/ajax/service.php?sesskey=V6HUIIwgzE&info=core_message_data_for_messagearea_conversations HTTP/1.1" 200 471 "http://intranetdefinitiva.sytes.net/course/view.php?id=2" "Mozilla/5.0 (Windows NT 10.0; WOW64; rv:53.0) Gecko/20100101 Firefox/53.0"
200.83.246.171 - - [13/Jun/2017:05:15:41 +0200] "GET /message/index.php?user=2&id=4 HTTP/1.1" 200 51396 "http://intranetdefinitiva.sytes.net/course/view.php?id=2" "Mozilla/5.0 (Windows NT 10.0; WOW64; rv:53.0) Gecko/20100101 Firefox/53.0"
200.83.246.171 - - [13/Jun/2017:05:15:42 +0200] "POST /lib/ajax/service.php?sesskey=V6HUIIwgzE&info=message_popup_get_unread_popup_notification_count HTTP/1.1" 200 26 "http://intranetdefinitiva.sytes.net/message/index.php?user=2&id=4" "Mozilla/5.0 (Windows NT 10.0; WOW64; rv:53.0) Gecko/20100101 Firefox/53.0"
200.83.246.171 - - [13/Jun/2017:05:15:42 +0200] "POST /lib/ajax/service.php?sesskey=V6HUIIwgzE&info=core_message_get_unread_conversations_count HTTP/1.1" 200 26 "http://intranetdefinitiva.sytes.net/message/index.php?user=2&id=4" "Mozilla/5.0 (Windows NT 10.0; WOW64; rv:53.0) Gecko/20100101 Firefox/53.0"
200.83.246.171 - - [13/Jun/2017:05:15:42 +0200] "POST /lib/ajax/service.php?sesskey=V6HUIIwgzE&info=core_fetch_notifications HTTP/1.1" 200 27 "http://intranetdefinitiva.sytes.net/message/index.php?user=2&id=4" "Mozilla/5.0 (Windows NT 10.0; WOW64; rv:53.0) Gecko/20100101 Firefox/53.0"
200.83.246.171 - - [13/Jun/2017:05:15:44 +0200] "GET /course/view.php?id=2 HTTP/1.1" 200 53869 "http://intranetdefinitiva.sytes.net/enrol/users.php?id=2&page=0&perpage=100&sort=lastname&dir=ASC&newcourse" "Mozilla/5.0 (Windows NT 10.0; WOW64; rv:53.0) Gecko/20100101 Firefox/53.0"
200.83.246.171 - - [13/Jun/2017:05:15:44 +0200] "POST /lib/ajax/service.php?sesskey=V6HUIIwgzE&info=tool_usertours_fetch_and_start_tour HTTP/1.1" 200 3006 "http://intranetdefinitiva.sytes.net/course/view.php?id=2" "Mozilla/5.0 (Windows NT 10.0; WOW64; rv:53.0) Gecko/20100101 Firefox/53.0"
200.83.246.171 - - [13/Jun/2017:05:15:44 +0200] "POST /lib/ajax/service.php?sesskey=V6HUIIwgzE&info=core_message_get_unread_conversations_count HTTP/1.1" 200 26 "http://intranetdefinitiva.sytes.net/course/view.php?id=2" "Mozilla/5.0 (Windows NT 10.0; WOW64; rv:53.0) Gecko/20100101 Firefox/53.0"
200.83.246.171 - - [13/Jun/2017:05:15:45 +0200] "POST /lib/ajax/service.php?sesskey=V6HUIIwgzE&info=message_popup_get_unread_popup_notification_count HTTP/1.1" 200 26 "http://intranetdefinitiva.sytes.net/course/view.php?id=2" "Mozilla/5.0 (Windows NT 10.0; WOW64; rv:53.0) Gecko/20100101 Firefox/53.0"
200.83.246.171 - - [13/Jun/2017:05:15:45 +0200] "POST /lib/ajax/service.php?sesskey=V6HUIIwgzE&info=core_fetch_notifications HTTP/1.1" 200 27 "http://intranetdefinitiva.sytes.net/course/view.php?id=2" "Mozilla/5.0 (Windows NT 10.0; WOW64; rv:53.0) Gecko/20100101 Firefox/53.0"
200.83.246.171 - - [13/Jun/2017:05:15:45 +0200] "POST /lib/ajax/service.php?sesskey=V6HUIIwgzE&info=tool_usertours_step_shown HTTP/1.1" 200 27 "http://intranetdefinitiva.sytes.net/course/view.php?id=2" "Mozilla/5.0 (Windows NT 10.0; WOW64; rv:53.0) Gecko/20100101 Firefox/53.0"
200.83.246.171 - - [13/Jun/2017:05:15:48 +0200] "POST /lib/ajax/service.php?sesskey=V6HUIIwgzE&info=tool_usertours_complete_tour HTTP/1.1" 200 27 "http://intranetdefinitiva.sytes.net/course/view.php?id=2" "Mozilla/5.0 (Windows NT 10.0; WOW64; rv:53.0) Gecko/20100101 Firefox/53.0"
190.101.124.105 - - [13/Jun/2017:05:15:49 +0200] "GET /course/view.php?id=2 HTTP/1.1" 200 163724 "http://intranetdefinitiva.sytes.net/my/index.php" "Mozilla/5.0 (Windows NT 10.0; Win64; x64) AppleWebKit/537.36 (KHTML, like Gecko) Chrome/58.0.3029.110 Safari/537.36"
190.101.124.105 - - [13/Jun/2017:05:15:50 +0200] "GET /lib/javascript.php/1497321059/course/format/topics/format.js HTTP/1.1" 200 554 "http://intranetdefinitiva.sytes.net/course/view.php?id=2" "Mozilla/5.0 (Windows NT 10.0; Win64; x64) AppleWebKit/537.36 (KHTML, like Gecko) Chrome/58.0.3029.110 Safari/537.36"
190.101.124.105 - - [13/Jun/2017:05:15:50 +0200] "GET /theme/image.php/boost/core/1497321059/spacer HTTP/1.1" 200 43 "http://intranetdefinitiva.sytes.net/course/view.php?id=2" "Mozilla/5.0 (Windows NT 10.0; Win64; x64) AppleWebKit/537.36 (KHTML, like Gecko) Chrome/58.0.3029.110 Safari/537.36"
190.101.124.105 - - [13/Jun/2017:05:15:50 +0200] "GET /lib/javascript.php/1497321059/course/completion.js HTTP/1.1" 200 997 "http://intranetdefinitiva.sytes.net/course/view.php?id=2" "Mozilla/5.0 (Windows NT 10.0; Win64; x64) AppleWebKit/537.36 (KHTML, like Gecko) Chrome/58.0.3029.110 Safari/537.36"
190.101.124.105 - - [13/Jun/2017:05:15:50 +0200] "POST /lib/ajax/service-nologin.php?sesskey=Gcu3pC13F4&info=core_get_string HTTP/1.1" 200 74 "http://intranetdefinitiva.sytes.net/course/view.php?id=2" "Mozilla/5.0 (Windows NT 10.0; Win64; x64) AppleWebKit/537.36 (KHTML, like Gecko) Chrome/58.0.3029.110 Safari/537.36"
190.101.124.105 - - [13/Jun/2017:05:15:50 +0200] "POST /lib/ajax/service-nologin.php?sesskey=Gcu3pC13F4&info=core_get_string,core_get_string HTTP/1.1" 200 96 "http://intranetdefinitiva.sytes.net/course/view.php?id=2" "Mozilla/5.0 (Windows NT 10.0; Win64; x64) AppleWebKit/537.36 (KHTML, like Gecko) Chrome/58.0.3029.110 Safari/537.36"
190.101.124.105 - - [13/Jun/2017:05:15:50 +0200] "POST /lib/ajax/service.php?sesskey=Gcu3pC13F4&info=tool_usertours_fetch_and_start_tour HTTP/1.1" 200 3006 "http://intranetdefinitiva.sytes.net/course/view.php?id=2" "Mozilla/5.0 (Windows NT 10.0; Win64; x64) AppleWebKit/537.36 (KHTML, like Gecko) Chrome/58.0.3029.110 Safari/537.36"
190.101.124.105 - - [13/Jun/2017:05:15:50 +0200] "POST /lib/ajax/service.php?sesskey=Gcu3pC13F4&info=core_message_get_unread_conversations_count HTTP/1.1" 200 26 "http://intranetdefinitiva.sytes.net/course/view.php?id=2" "Mozilla/5.0 (Windows NT 10.0; Win64; x64) AppleWebKit/537.36 (KHTML, like Gecko) Chrome/58.0.3029.110 Safari/537.36"
190.101.124.105 - - [13/Jun/2017:05:15:50 +0200] "POST /lib/ajax/service-nologin.php?sesskey=Gcu3pC13F4&info=core_get_string HTTP/1.1" 200 51 "http://intranetdefinitiva.sytes.net/course/view.php?id=2" "Mozilla/5.0 (Windows NT 10.0; Win64; x64) AppleWebKit/537.36 (KHTML, like Gecko) Chrome/58.0.3029.110 Safari/537.36"
190.101.124.105 - - [13/Jun/2017:05:15:50 +0200] "POST /lib/ajax/service.php?sesskey=Gcu3pC13F4&info=message_popup_get_unread_popup_notification_count HTTP/1.1" 200 26 "http://intranetdefinitiva.sytes.net/course/view.php?id=2" "Mozilla/5.0 (Windows NT 10.0; Win64; x64) AppleWebKit/537.36 (KHTML, like Gecko) Chrome/58.0.3029.110 Safari/537.36"
190.101.124.105 - - [13/Jun/2017:05:15:50 +0200] "POST /lib/ajax/service-nologin.php?sesskey=Gcu3pC13F4&info=33-method-calls HTTP/1.1" 200 1428 "http://intranetdefinitiva.sytes.net/course/view.php?id=2" "Mozilla/5.0 (Windows NT 10.0; Win64; x64) AppleWebKit/537.36 (KHTML, like Gecko) Chrome/58.0.3029.110 Safari/537.36"
190.101.124.105 - - [13/Jun/2017:05:15:50 +0200] "POST /lib/ajax/service.php?sesskey=Gcu3pC13F4&info=core_fetch_notifications HTTP/1.1" 200 27 "http://intranetdefinitiva.sytes.net/course/view.php?id=2" "Mozilla/5.0 (Windows NT 10.0; Win64; x64) AppleWebKit/537.36 (KHTML, like Gecko) Chrome/58.0.3029.110 Safari/537.36"
190.101.124.105 - - [13/Jun/2017:05:15:50 +0200] "GET /theme/yui_combo.php?m/1497321059/course/coursebase/coursebase-min.js&m/1497321059/course/util/util-base-min.js&m/1497321059/course/util/util-section-min.js&m/1497321059/course/util/util-cm-min.js&m/1497321059/course/dragdrop/dragdrop-min.js HTTP/1.1" 200 3106 "http://intranetdefinitiva.sytes.net/course/view.php?id=2" "Mozilla/5.0 (Windows NT 10.0; Win64; x64) AppleWebKit/537.36 (KHTML, like Gecko) Chrome/58.0.3029.110 Safari/537.36"
190.101.124.105 - - [13/Jun/2017:05:15:50 +0200] "GET /theme/image.php/boost/core/1497321059/t/addfile HTTP/1.1" 200 696 "http://intranetdefinitiva.sytes.net/course/view.php?id=2" "Mozilla/5.0 (Windows NT 10.0; Win64; x64) AppleWebKit/537.36 (KHTML, like Gecko) Chrome/58.0.3029.110 Safari/537.36"
190.101.124.105 - - [13/Jun/2017:05:15:50 +0200] "POST /lib/ajax/service-nologin.php?sesskey=Gcu3pC13F4&info=core_get_string,core_get_string,core_get_string HTTP/1.1" 200 109 "http://intranetdefinitiva.sytes.net/course/view.php?id=2" "Mozilla/5.0 (Windows NT 10.0; Win64; x64) AppleWebKit/537.36 (KHTML, like Gecko) Chrome/58.0.3029.110 Safari/537.36"
190.101.124.105 - - [13/Jun/2017:05:15:50 +0200] "POST /lib/ajax/service-nologin.php?sesskey=Gcu3pC13F4&info=core_get_string,core_get_string,core_get_string HTTP/1.1" 200 108 "http://intranetdefinitiva.sytes.net/course/view.php?id=2" "Mozilla/5.0 (Windows NT 10.0; Win64; x64) AppleWebKit/537.36 (KHTML, like Gecko) Chrome/58.0.3029.110 Safari/537.36"
190.101.124.105 - - [13/Jun/2017:05:15:50 +0200] "POST /lib/ajax/service.php?sesskey=Gcu3pC13F4&info=tool_usertours_step_shown HTTP/1.1" 200 27 "http://intranetdefinitiva.sytes.net/course/view.php?id=2" "Mozilla/5.0 (Windows NT 10.0; Win64; x64) AppleWebKit/537.36 (KHTML, like Gecko) Chrome/58.0.3029.110 Safari/537.36"
190.101.124.105 - - [13/Jun/2017:05:15:54 +0200] "POST /lib/ajax/service.php?sesskey=Gcu3pC13F4&info=tool_usertours_step_shown HTTP/1.1" 200 27 "http://intranetdefinitiva.sytes.net/course/view.php?id=2" "Mozilla/5.0 (Windows NT 10.0; Win64; x64) AppleWebKit/537.36 (KHTML, like Gecko) Chrome/58.0.3029.110 Safari/537.36"
190.101.124.105 - - [13/Jun/2017:05:15:55 +0200] "POST /lib/ajax/service.php?sesskey=Gcu3pC13F4&info=tool_usertours_step_shown HTTP/1.1" 200 27 "http://intranetdefinitiva.sytes.net/course/view.php?id=2" "Mozilla/5.0 (Windows NT 10.0; Win64; x64) AppleWebKit/537.36 (KHTML, like Gecko) Chrome/58.0.3029.110 Safari/537.36"
190.101.124.105 - - [13/Jun/2017:05:15:57 +0200] "POST /lib/ajax/service.php?sesskey=Gcu3pC13F4&info=tool_usertours_step_shown HTTP/1.1" 200 27 "http://intranetdefinitiva.sytes.net/course/view.php?id=2" "Mozilla/5.0 (Windows NT 10.0; Win64; x64) AppleWebKit/537.36 (KHTML, like Gecko) Chrome/58.0.3029.110 Safari/537.36"
200.83.246.171 - - [13/Jun/2017:05:16:14 +0200] "GET /?redirect=0 HTTP/1.1" 200 42115 "http://intranetdefinitiva.sytes.net/course/view.php?id=2" "Mozilla/5.0 (Windows NT 10.0; WOW64; rv:53.0) Gecko/20100101 Firefox/53.0"
200.83.246.171 - - [13/Jun/2017:05:16:14 +0200] "POST /lib/ajax/service.php?sesskey=V6HUIIwgzE&info=message_popup_get_unread_popup_notification_count HTTP/1.1" 200 26 "http://intranetdefinitiva.sytes.net/?redirect=0" "Mozilla/5.0 (Windows NT 10.0; WOW64; rv:53.0) Gecko/20100101 Firefox/53.0"
200.83.246.171 - - [13/Jun/2017:05:16:14 +0200] "POST /lib/ajax/service.php?sesskey=V6HUIIwgzE&info=core_message_get_unread_conversations_count HTTP/1.1" 200 26 "http://intranetdefinitiva.sytes.net/?redirect=0" "Mozilla/5.0 (Windows NT 10.0; WOW64; rv:53.0) Gecko/20100101 Firefox/53.0"
200.83.246.171 - - [13/Jun/2017:05:16:15 +0200] "POST /lib/ajax/service.php?sesskey=V6HUIIwgzE&info=core_fetch_notifications HTTP/1.1" 200 27 "http://intranetdefinitiva.sytes.net/?redirect=0" "Mozilla/5.0 (Windows NT 10.0; WOW64; rv:53.0) Gecko/20100101 Firefox/53.0"
200.83.246.171 - - [13/Jun/2017:05:16:17 +0200] "GET /admin/search.php HTTP/1.1" 200 134236 "http://intranetdefinitiva.sytes.net/?redirect=0" "Mozilla/5.0 (Windows NT 10.0; WOW64; rv:53.0) Gecko/20100101 Firefox/53.0"
200.83.246.171 - - [13/Jun/2017:05:16:18 +0200] "POST /lib/ajax/service.php?sesskey=V6HUIIwgzE&info=message_popup_get_unread_popup_notification_count HTTP/1.1" 200 26 "http://intranetdefinitiva.sytes.net/admin/search.php" "Mozilla/5.0 (Windows NT 10.0; WOW64; rv:53.0) Gecko/20100101 Firefox/53.0"
200.83.246.171 - - [13/Jun/2017:05:16:18 +0200] "POST /lib/ajax/service.php?sesskey=V6HUIIwgzE&info=core_message_get_unread_conversations_count HTTP/1.1" 200 26 "http://intranetdefinitiva.sytes.net/admin/search.php" "Mozilla/5.0 (Windows NT 10.0; WOW64; rv:53.0) Gecko/20100101 Firefox/53.0"
200.83.246.171 - - [13/Jun/2017:05:16:18 +0200] "POST /lib/ajax/service.php?sesskey=V6HUIIwgzE&info=core_fetch_notifications HTTP/1.1" 200 27 "http://intranetdefinitiva.sytes.net/admin/search.php" "Mozilla/5.0 (Windows NT 10.0; WOW64; rv:53.0) Gecko/20100101 Firefox/53.0"
190.101.124.105 - - [13/Jun/2017:05:16:45 +0200] "POST /course/jumpto.php HTTP/1.1" 303 555 "http://intranetdefinitiva.sytes.net/course/view.php?id=2" "Mozilla/5.0 (Windows NT 10.0; Win64; x64) AppleWebKit/537.36 (KHTML, like Gecko) Chrome/58.0.3029.110 Safari/537.36"
190.101.124.105 - - [13/Jun/2017:05:16:45 +0200] "GET /course/mod.php?id=2&sesskey=Gcu3pC13F4&sr=0&add=page&section=1 HTTP/1.1" 303 563 "http://intranetdefinitiva.sytes.net/course/view.php?id=2" "Mozilla/5.0 (Windows NT 10.0; Win64; x64) AppleWebKit/537.36 (KHTML, like Gecko) Chrome/58.0.3029.110 Safari/537.36"
190.101.124.105 - - [13/Jun/2017:05:16:45 +0200] "GET /course/modedit.php?add=page&type=&course=2&section=1&return=0&sr=0 HTTP/1.1" 200 190679 "http://intranetdefinitiva.sytes.net/course/view.php?id=2" "Mozilla/5.0 (Windows NT 10.0; Win64; x64) AppleWebKit/537.36 (KHTML, like Gecko) Chrome/58.0.3029.110 Safari/537.36"
190.101.124.105 - - [13/Jun/2017:05:16:46 +0200] "POST /lib/ajax/service.php?sesskey=Gcu3pC13F4&info=core_message_get_unread_conversations_count HTTP/1.1" 200 26 "http://intranetdefinitiva.sytes.net/course/modedit.php?add=page&type=&course=2&section=1&return=0&sr=0" "Mozilla/5.0 (Windows NT 10.0; Win64; x64) AppleWebKit/537.36 (KHTML, like Gecko) Chrome/58.0.3029.110 Safari/537.36"
190.101.124.105 - - [13/Jun/2017:05:16:46 +0200] "POST /lib/ajax/service.php?sesskey=Gcu3pC13F4&info=message_popup_get_unread_popup_notification_count HTTP/1.1" 200 26 "http://intranetdefinitiva.sytes.net/course/modedit.php?add=page&type=&course=2&section=1&return=0&sr=0" "Mozilla/5.0 (Windows NT 10.0; Win64; x64) AppleWebKit/537.36 (KHTML, like Gecko) Chrome/58.0.3029.110 Safari/537.36"
190.101.124.105 - - [13/Jun/2017:05:16:46 +0200] "GET /theme/yui_combo.php?3.17.2/datatype-xml-parse/datatype-xml-parse-min.js&3.17.2/io-xdr/io-xdr-min.js&3.17.2/io-form/io-form-min.js&3.17.2/io-upload-iframe/io-upload-iframe-min.js&3.17.2/queue-promote/queue-promote-min.js&3.17.2/io-queue/io-queue-min.js&3.17.2/event-mousewheel/event-mousewheel-min.js&3.17.2/event-resize/event-resize-min.js&3.17.2/event-hover/event-hover-min.js&3.17.2/event-touch/event-touch-min.js&3.17.2/event-move/event-move-min.js&3.17.2/event-flick/event-flick-min.js&3.17.2/event-valuechange/event-valuechange-min.js&3.17.2/event-tap/event-tap-min.js&3.17.2/event-simulate/event-simulate-min.js&3.17.2/node-event-html5/node-event-html5-min.js&3.17.2/async-queue/async-queue-min.js&3.17.2/gesture-simulate/gesture-simulate-min.js&3.17.2/node-event-simulate/node-event-simulate-min.js&m/1497321059/core/widget/widget-focusafterclose-min.js&m/1497321059/core/lockscroll/lockscroll-min.js&m/1497321059/core/notification/notification-dialogue-min.js HTTP/1.1" 200 16727 "http://intranetdefinitiva.sytes.net/course/modedit.php?add=page&type=&course=2&section=1&return=0&sr=0" "Mozilla/5.0 (Windows NT 10.0; Win64; x64) AppleWebKit/537.36 (KHTML, like Gecko) Chrome/58.0.3029.110 Safari/537.36"
190.101.124.105 - - [13/Jun/2017:05:16:46 +0200] "POST /lib/ajax/service.php?sesskey=Gcu3pC13F4&info=core_fetch_notifications HTTP/1.1" 200 27 "http://intranetdefinitiva.sytes.net/course/modedit.php?add=page&type=&course=2&section=1&return=0&sr=0" "Mozilla/5.0 (Windows NT 10.0; Win64; x64) AppleWebKit/537.36 (KHTML, like Gecko) Chrome/58.0.3029.110 Safari/537.36"
190.101.124.105 - - [13/Jun/2017:05:16:46 +0200] "GET /theme/yui_combo.php?m/1497321059/core/notification/notification-confirm-min.js&m/1497321059/editor_atto/rangy/rangy-min.js&3.17.2/handlebars-base/handlebars-base-min.js&3.17.2/handlebars-compiler/handlebars-compiler-min.js&m/1497321059/core/handlebars/handlebars-min.js&3.17.2/timers/timers-min.js&3.17.2/querystring-stringify/querystring-stringify-min.js&m/1497321059/editor_atto/editor/editor-min.js&m/1497321059/editor_atto/menu/menu-min.js&m/1497321059/editor_atto/plugin/plugin-min.js&m/1497321059/atto_collapse/button/button-min.js&m/1497321059/atto_title/button/button-min.js&m/1497321059/atto_bold/button/button-min.js&m/1497321059/atto_italic/button/button-min.js&m/1497321059/atto_unorderedlist/button/button-min.js&m/1497321059/atto_orderedlist/button/button-min.js&m/1497321059/atto_link/button/button-min.js&m/1497321059/atto_image/button/button-min.js&m/1497321059/atto_media/button/button-min.js&m/1497321059/atto_managefiles/button/button-min.js HTTP/1.1" 200 63133 "http://intranetdefinitiva.sytes.net/course/modedit.php?add=page&type=&course=2&section=1&return=0&sr=0" "Mozilla/5.0 (Windows NT 10.0; Win64; x64) AppleWebKit/537.36 (KHTML, like Gecko) Chrome/58.0.3029.110 Safari/537.36"
190.101.124.105 - - [13/Jun/2017:05:16:46 +0200] "GET /theme/yui_combo.php?m/1497321059/atto_underline/button/button-min.js&m/1497321059/atto_strike/button/button-min.js&m/1497321059/atto_subscript/button/button-min.js&m/1497321059/atto_superscript/button/button-min.js&m/1497321059/atto_align/button/button-min.js&m/1497321059/atto_indent/button/button-min.js&3.17.2/arraylist/arraylist-min.js&3.17.2/widget-parent/widget-parent-min.js&3.17.2/widget-child/widget-child-min.js&3.17.2/tabview-base/tabview-base-min.js&3.17.2/node-focusmanager/node-focusmanager-min.js&3.17.2/tabview/tabview-min.js&3.17.2/array-extras/array-extras-min.js&m/1497321059/atto_equation/button/button-min.js&m/1497321059/atto_charmap/button/button-min.js&m/1497321059/atto_table/button/button-min.js&m/1497321059/atto_clear/button/button-min.js&m/1497321059/atto_undo/button/button-min.js&m/1497321059/atto_accessibilitychecker/button/button-min.js&m/1497321059/atto_accessibilityhelper/button/button-min.js&m/1497321059/atto_html/button/button-min.js HTTP/1.1" 200 20764 "http://intranetdefinitiva.sytes.net/course/modedit.php?add=page&type=&course=2&section=1&return=0&sr=0" "Mozilla/5.0 (Windows NT 10.0; Win64; x64) AppleWebKit/537.36 (KHTML, like Gecko) Chrome/58.0.3029.110 Safari/537.36"
190.101.124.105 - - [13/Jun/2017:05:16:46 +0200] "GET /theme/yui_combo.php?3.17.2/json-stringify/json-stringify-min.js&m/1497321059/core_availability/form/form-min.js&m/1497321059/availability_completion/form/form-min.js&m/1497321059/availability_date/form/form-min.js&m/1497321059/availability_grade/form/form-min.js&m/1497321059/availability_group/form/form-min.js&m/1497321059/availability_grouping/form/form-min.js&m/1497321059/availability_profile/form/form-min.js HTTP/1.1" 200 6744 "http://intranetdefinitiva.sytes.net/course/modedit.php?add=page&type=&course=2&section=1&return=0&sr=0" "Mozilla/5.0 (Windows NT 10.0; Win64; x64) AppleWebKit/537.36 (KHTML, like Gecko) Chrome/58.0.3029.110 Safari/537.36"
190.101.124.105 - - [13/Jun/2017:05:16:46 +0200] "POST /lib/editor/atto/autosave-ajax.php HTTP/1.1" 200 11 "http://intranetdefinitiva.sytes.net/course/modedit.php?add=page&type=&course=2&section=1&return=0&sr=0" "Mozilla/5.0 (Windows NT 10.0; Win64; x64) AppleWebKit/537.36 (KHTML, like Gecko) Chrome/58.0.3029.110 Safari/537.36"
190.101.124.105 - - [13/Jun/2017:05:16:46 +0200] "POST /lib/ajax/service-nologin.php?sesskey=Gcu3pC13F4&info=core_get_string HTTP/1.1" 200 52 "http://intranetdefinitiva.sytes.net/course/modedit.php?add=page&type=&course=2&section=1&return=0&sr=0" "Mozilla/5.0 (Windows NT 10.0; Win64; x64) AppleWebKit/537.36 (KHTML, like Gecko) Chrome/58.0.3029.110 Safari/537.36"
190.101.124.105 - - [13/Jun/2017:05:16:46 +0200] "GET /theme/image.php/boost/core/1497321059/i/hide HTTP/1.1" 200 447 "http://intranetdefinitiva.sytes.net/course/modedit.php?add=page&type=&course=2&section=1&return=0&sr=0" "Mozilla/5.0 (Windows NT 10.0; Win64; x64) AppleWebKit/537.36 (KHTML, like Gecko) Chrome/58.0.3029.110 Safari/537.36"
190.101.124.105 - - [13/Jun/2017:05:16:46 +0200] "GET /theme/yui_combo.php?2in3/2.9.0/build/yui2-treeview/yui2-treeview-min.js&3.17.2/cookie/cookie-min.js&3.17.2/array-invoke/array-invoke-min.js&3.17.2/model/model-min.js&3.17.2/model-list/model-list-min.js&3.17.2/datatable-core/datatable-core-min.js&3.17.2/view/view-min.js&3.17.2/datatable-head/datatable-head-min.js&3.17.2/datatable-body/datatable-body-min.js&3.17.2/datatable-table/datatable-table-min.js&3.17.2/datatable-base/datatable-base-min.js&3.17.2/datatable-column-widths/datatable-column-widths-min.js&3.17.2/datatable-message/lang/datatable-message_en.js&3.17.2/datatable-message/datatable-message-min.js&3.17.2/datatable-mutable/datatable-mutable-min.js&3.17.2/datatable-sort/lang/datatable-sort_en.js&3.17.2/datatable-sort/datatable-sort-min.js&3.17.2/datasource-local/datasource-local-min.js&3.17.2/datatable-datasource/datatable-datasource-min.js&3.17.2/resize-base/resize-base-min.js&3.17.2/resize-plugin/resize-plugin-min.js&m/1497321059/core_filepicker/core_filepicker.js HTTP/1.1" 200 28524 "http://intranetdefinitiva.sytes.net/course/modedit.php?add=page&type=&course=2&section=1&return=0&sr=0" "Mozilla/5.0 (Windows NT 10.0; Win64; x64) AppleWebKit/537.36 (KHTML, like Gecko) Chrome/58.0.3029.110 Safari/537.36"
190.101.124.105 - - [13/Jun/2017:05:17:07 +0200] "POST /lib/editor/atto/autosave-ajax.php HTTP/1.1" 200 11 "http://intranetdefinitiva.sytes.net/course/modedit.php?add=page&type=&course=2&section=1&return=0&sr=0" "Mozilla/5.0 (Windows NT 10.0; Win64; x64) AppleWebKit/537.36 (KHTML, like Gecko) Chrome/58.0.3029.110 Safari/537.36"
190.101.124.105 - - [13/Jun/2017:05:17:07 +0200] "POST /course/modedit.php HTTP/1.1" 303 499 "http://intranetdefinitiva.sytes.net/course/modedit.php?add=page&type=&course=2&section=1&return=0&sr=0" "Mozilla/5.0 (Windows NT 10.0; Win64; x64) AppleWebKit/537.36 (KHTML, like Gecko) Chrome/58.0.3029.110 Safari/537.36"
190.101.124.105 - - [13/Jun/2017:05:17:08 +0200] "GET /mod/page/view.php?id=2 HTTP/1.1" 200 48896 "http://intranetdefinitiva.sytes.net/course/modedit.php?add=page&type=&course=2&section=1&return=0&sr=0" "Mozilla/5.0 (Windows NT 10.0; Win64; x64) AppleWebKit/537.36 (KHTML, like Gecko) Chrome/58.0.3029.110 Safari/537.36"
190.101.124.105 - - [13/Jun/2017:05:17:08 +0200] "POST /lib/ajax/service.php?sesskey=Gcu3pC13F4&info=core_message_get_unread_conversations_count HTTP/1.1" 200 26 "http://intranetdefinitiva.sytes.net/mod/page/view.php?id=2" "Mozilla/5.0 (Windows NT 10.0; Win64; x64) AppleWebKit/537.36 (KHTML, like Gecko) Chrome/58.0.3029.110 Safari/537.36"
190.101.124.105 - - [13/Jun/2017:05:17:08 +0200] "POST /lib/ajax/service.php?sesskey=Gcu3pC13F4&info=message_popup_get_unread_popup_notification_count HTTP/1.1" 200 26 "http://intranetdefinitiva.sytes.net/mod/page/view.php?id=2" "Mozilla/5.0 (Windows NT 10.0; Win64; x64) AppleWebKit/537.36 (KHTML, like Gecko) Chrome/58.0.3029.110 Safari/537.36"
190.101.124.105 - - [13/Jun/2017:05:17:08 +0200] "POST /lib/ajax/service.php?sesskey=Gcu3pC13F4&info=core_fetch_notifications HTTP/1.1" 200 27 "http://intranetdefinitiva.sytes.net/mod/page/view.php?id=2" "Mozilla/5.0 (Windows NT 10.0; Win64; x64) AppleWebKit/537.36 (KHTML, like Gecko) Chrome/58.0.3029.110 Safari/537.36"
200.83.246.171 - - [13/Jun/2017:05:17:20 +0200] "GET /user/editadvanced.php?id=-1 HTTP/1.1" 200 211800 "http://intranetdefinitiva.sytes.net/admin/search.php" "Mozilla/5.0 (Windows NT 10.0; WOW64; rv:53.0) Gecko/20100101 Firefox/53.0"
200.83.246.171 - - [13/Jun/2017:05:17:22 +0200] "POST /lib/editor/atto/autosave-ajax.php HTTP/1.1" 200 6 "http://intranetdefinitiva.sytes.net/user/editadvanced.php?id=-1" "Mozilla/5.0 (Windows NT 10.0; WOW64; rv:53.0) Gecko/20100101 Firefox/53.0"
200.83.246.171 - - [13/Jun/2017:05:17:22 +0200] "POST /repository/draftfiles_ajax.php?action=list HTTP/1.1" 200 225 "http://intranetdefinitiva.sytes.net/user/editadvanced.php?id=-1" "Mozilla/5.0 (Windows NT 10.0; WOW64; rv:53.0) Gecko/20100101 Firefox/53.0"
200.83.246.171 - - [13/Jun/2017:05:17:22 +0200] "POST /lib/ajax/service.php?sesskey=V6HUIIwgzE&info=core_message_get_unread_conversations_count HTTP/1.1" 200 26 "http://intranetdefinitiva.sytes.net/user/editadvanced.php?id=-1" "Mozilla/5.0 (Windows NT 10.0; WOW64; rv:53.0) Gecko/20100101 Firefox/53.0"
200.83.246.171 - - [13/Jun/2017:05:17:22 +0200] "POST /lib/ajax/service.php?sesskey=V6HUIIwgzE&info=message_popup_get_unread_popup_notification_count HTTP/1.1" 200 26 "http://intranetdefinitiva.sytes.net/user/editadvanced.php?id=-1" "Mozilla/5.0 (Windows NT 10.0; WOW64; rv:53.0) Gecko/20100101 Firefox/53.0"
200.83.246.171 - - [13/Jun/2017:05:17:22 +0200] "POST /lib/ajax/service.php?sesskey=V6HUIIwgzE&info=core_fetch_notifications HTTP/1.1" 200 27 "http://intranetdefinitiva.sytes.net/user/editadvanced.php?id=-1" "Mozilla/5.0 (Windows NT 10.0; WOW64; rv:53.0) Gecko/20100101 Firefox/53.0"
200.83.246.171 - - [13/Jun/2017:05:17:22 +0200] "POST /lib/ajax/service-nologin.php?sesskey=V6HUIIwgzE&info=core_get_string HTTP/1.1" 200 56 "http://intranetdefinitiva.sytes.net/user/editadvanced.php?id=-1" "Mozilla/5.0 (Windows NT 10.0; WOW64; rv:53.0) Gecko/20100101 Firefox/53.0"
190.101.124.105 - - [13/Jun/2017:05:18:01 +0200] "GET /user/index.php?id=2 HTTP/1.1" 200 78716 "http://intranetdefinitiva.sytes.net/mod/page/view.php?id=2" "Mozilla/5.0 (Windows NT 10.0; Win64; x64) AppleWebKit/537.36 (KHTML, like Gecko) Chrome/58.0.3029.110 Safari/537.36"
190.101.124.105 - - [13/Jun/2017:05:18:01 +0200] "GET /lib/javascript.php/1497321059/user/module.js HTTP/1.1" 200 414 "http://intranetdefinitiva.sytes.net/user/index.php?id=2" "Mozilla/5.0 (Windows NT 10.0; Win64; x64) AppleWebKit/537.36 (KHTML, like Gecko) Chrome/58.0.3029.110 Safari/537.36"
190.101.124.105 - - [13/Jun/2017:05:18:01 +0200] "POST /lib/ajax/service.php?sesskey=Gcu3pC13F4&info=core_message_get_unread_conversations_count HTTP/1.1" 200 26 "http://intranetdefinitiva.sytes.net/user/index.php?id=2" "Mozilla/5.0 (Windows NT 10.0; Win64; x64) AppleWebKit/537.36 (KHTML, like Gecko) Chrome/58.0.3029.110 Safari/537.36"
190.101.124.105 - - [13/Jun/2017:05:18:01 +0200] "POST /lib/ajax/service.php?sesskey=Gcu3pC13F4&info=message_popup_get_unread_popup_notification_count HTTP/1.1" 200 26 "http://intranetdefinitiva.sytes.net/user/index.php?id=2" "Mozilla/5.0 (Windows NT 10.0; Win64; x64) AppleWebKit/537.36 (KHTML, like Gecko) Chrome/58.0.3029.110 Safari/537.36"
190.101.124.105 - - [13/Jun/2017:05:18:01 +0200] "POST /lib/ajax/service.php?sesskey=Gcu3pC13F4&info=core_fetch_notifications HTTP/1.1" 200 27 "http://intranetdefinitiva.sytes.net/user/index.php?id=2" "Mozilla/5.0 (Windows NT 10.0; Win64; x64) AppleWebKit/537.36 (KHTML, like Gecko) Chrome/58.0.3029.110 Safari/537.36"
200.83.246.171 - - [13/Jun/2017:05:18:04 +0200] "POST /lib/editor/atto/autosave-ajax.php HTTP/1.1" 200 6 "http://intranetdefinitiva.sytes.net/user/editadvanced.php?id=-1" "Mozilla/5.0 (Windows NT 10.0; WOW64; rv:53.0) Gecko/20100101 Firefox/53.0"
200.83.246.171 - - [13/Jun/2017:05:18:04 +0200] "POST /user/editadvanced.php HTTP/1.1" 303 491 "http://intranetdefinitiva.sytes.net/user/editadvanced.php?id=-1" "Mozilla/5.0 (Windows NT 10.0; WOW64; rv:53.0) Gecko/20100101 Firefox/53.0"
200.83.246.171 - - [13/Jun/2017:05:18:05 +0200] "GET /admin/user.php HTTP/1.1" 200 167948 "http://intranetdefinitiva.sytes.net/user/editadvanced.php?id=-1" "Mozilla/5.0 (Windows NT 10.0; WOW64; rv:53.0) Gecko/20100101 Firefox/53.0"
200.83.246.171 - - [13/Jun/2017:05:18:06 +0200] "POST /lib/ajax/service.php?sesskey=V6HUIIwgzE&info=core_message_get_unread_conversations_count HTTP/1.1" 200 26 "http://intranetdefinitiva.sytes.net/admin/user.php" "Mozilla/5.0 (Windows NT 10.0; WOW64; rv:53.0) Gecko/20100101 Firefox/53.0"
200.83.246.171 - - [13/Jun/2017:05:18:06 +0200] "POST /lib/ajax/service.php?sesskey=V6HUIIwgzE&info=message_popup_get_unread_popup_notification_count HTTP/1.1" 200 26 "http://intranetdefinitiva.sytes.net/admin/user.php" "Mozilla/5.0 (Windows NT 10.0; WOW64; rv:53.0) Gecko/20100101 Firefox/53.0"
200.83.246.171 - - [13/Jun/2017:05:18:06 +0200] "POST /lib/ajax/service.php?sesskey=V6HUIIwgzE&info=core_fetch_notifications HTTP/1.1" 200 27 "http://intranetdefinitiva.sytes.net/admin/user.php" "Mozilla/5.0 (Windows NT 10.0; WOW64; rv:53.0) Gecko/20100101 Firefox/53.0"
190.101.124.105 - - [13/Jun/2017:05:18:07 +0200] "GET /user/view.php?id=3&course=2 HTTP/1.1" 200 49522 "http://intranetdefinitiva.sytes.net/user/index.php?id=2" "Mozilla/5.0 (Windows NT 10.0; Win64; x64) AppleWebKit/537.36 (KHTML, like Gecko) Chrome/58.0.3029.110 Safari/537.36"
190.101.124.105 - - [13/Jun/2017:05:18:08 +0200] "POST /lib/ajax/service.php?sesskey=Gcu3pC13F4&info=message_popup_get_unread_popup_notification_count HTTP/1.1" 200 26 "http://intranetdefinitiva.sytes.net/user/view.php?id=3&course=2" "Mozilla/5.0 (Windows NT 10.0; Win64; x64) AppleWebKit/537.36 (KHTML, like Gecko) Chrome/58.0.3029.110 Safari/537.36"
190.101.124.105 - - [13/Jun/2017:05:18:08 +0200] "POST /lib/ajax/service.php?sesskey=Gcu3pC13F4&info=core_message_get_unread_conversations_count HTTP/1.1" 200 26 "http://intranetdefinitiva.sytes.net/user/view.php?id=3&course=2" "Mozilla/5.0 (Windows NT 10.0; Win64; x64) AppleWebKit/537.36 (KHTML, like Gecko) Chrome/58.0.3029.110 Safari/537.36"
190.101.124.105 - - [13/Jun/2017:05:18:08 +0200] "POST /lib/ajax/service.php?sesskey=Gcu3pC13F4&info=core_fetch_notifications HTTP/1.1" 200 27 "http://intranetdefinitiva.sytes.net/user/view.php?id=3&course=2" "Mozilla/5.0 (Windows NT 10.0; Win64; x64) AppleWebKit/537.36 (KHTML, like Gecko) Chrome/58.0.3029.110 Safari/537.36"
200.83.246.171 - - [13/Jun/2017:05:18:11 +0200] "GET /login/logout.php?sesskey=V6HUIIwgzE HTTP/1.1" 303 477 "http://intranetdefinitiva.sytes.net/admin/user.php" "Mozilla/5.0 (Windows NT 10.0; WOW64; rv:53.0) Gecko/20100101 Firefox/53.0"
200.83.246.171 - - [13/Jun/2017:05:18:11 +0200] "GET / HTTP/1.1" 200 26731 "http://intranetdefinitiva.sytes.net/admin/user.php" "Mozilla/5.0 (Windows NT 10.0; WOW64; rv:53.0) Gecko/20100101 Firefox/53.0"
200.83.246.171 - - [13/Jun/2017:05:18:11 +0200] "POST /lib/ajax/service.php?sesskey=jqh9IUdM8v&info=core_fetch_notifications HTTP/1.1" 200 238 "http://intranetdefinitiva.sytes.net/" "Mozilla/5.0 (Windows NT 10.0; WOW64; rv:53.0) Gecko/20100101 Firefox/53.0"
200.83.246.171 - - [13/Jun/2017:05:18:18 +0200] "GET /login/index.php HTTP/1.1" 200 25474 "http://intranetdefinitiva.sytes.net/" "Mozilla/5.0 (Windows NT 10.0; WOW64; rv:53.0) Gecko/20100101 Firefox/53.0"
200.83.246.171 - - [13/Jun/2017:05:18:18 +0200] "POST /lib/ajax/service.php?sesskey=jqh9IUdM8v&info=core_fetch_notifications HTTP/1.1" 200 238 "http://intranetdefinitiva.sytes.net/login/index.php" "Mozilla/5.0 (Windows NT 10.0; WOW64; rv:53.0) Gecko/20100101 Firefox/53.0"
200.83.246.171 - - [13/Jun/2017:05:18:33 +0200] "POST /login/index.php HTTP/1.1" 303 492 "http://intranetdefinitiva.sytes.net/login/index.php" "Mozilla/5.0 (Windows NT 10.0; WOW64; rv:53.0) Gecko/20100101 Firefox/53.0"
200.83.246.171 - - [13/Jun/2017:05:18:33 +0200] "GET /login/index.php HTTP/1.1" 200 25875 "http://intranetdefinitiva.sytes.net/login/index.php" "Mozilla/5.0 (Windows NT 10.0; WOW64; rv:53.0) Gecko/20100101 Firefox/53.0"
