190.101.124.105 - - [13/Jun/2017:04:35:26 +0200] "GET /theme/yui_combo.php?3.17.2/datatype-xml-parse/datatype-xml-parse-min.js&3.17.2/io-xdr/io-xdr-min.js&3.17.2/io-form/io-form-min.js&3.17.2/io-upload-iframe/io-upload-iframe-min.js&3.17.2/queue-promote/queue-promote-min.js&3.17.2/io-queue/io-queue-min.js&3.17.2/event-resize/event-resize-min.js&3.17.2/dd-ddm/dd-ddm-min.js&3.17.2/dd-ddm-drop/dd-ddm-drop-min.js&3.17.2/dd-proxy/dd-proxy-min.js&3.17.2/dd-constrain/dd-constrain-min.js&3.17.2/dd-drop/dd-drop-min.js&3.17.2/dd-scroll/dd-scroll-min.js&3.17.2/dd-drop-plugin/dd-drop-plugin-min.js&3.17.2/dd-delegate/dd-delegate-min.js&m/1497321059/core/widget/widget-focusafterclose-min.js&3.17.2/plugin/plugin-min.js&m/1497321059/core/lockscroll/lockscroll-min.js&m/1497321059/core/notification/notification-dialogue-min.js&m/1497321059/core/notification/notification-alert-min.js&m/1497321059/core/notification/notification-confirm-min.js&m/1497321059/core/notification/notification-exception-min.js HTTP/1.1" 200 14407 "http://intranetdefinitiva.sytes.net/my/index.php" "Mozilla/5.0 (Windows NT 10.0; Win64; x64) AppleWebKit/537.36 (KHTML, like Gecko) Chrome/58.0.3029.110 Safari/537.36"
190.101.124.105 - - [13/Jun/2017:04:35:26 +0200] "POST /lib/ajax/service.php?sesskey=Fx6amXnk5F&info=core_message_get_unread_conversations_count HTTP/1.1" 200 26 "http://intranetdefinitiva.sytes.net/my/index.php" "Mozilla/5.0 (Windows NT 10.0; Win64; x64) AppleWebKit/537.36 (KHTML, like Gecko) Chrome/58.0.3029.110 Safari/537.36"
190.101.124.105 - - [13/Jun/2017:04:35:26 +0200] "GET /theme/yui_combo.php?m/1497321059/core/notification/notification-ajaxexception-min.js&m/1497321059/core/notification/notification-min.js&m/1497321059/core/dragdrop/dragdrop-min.js&m/1497321059/core/blocks/blocks-min.js HTTP/1.1" 200 6010 "http://intranetdefinitiva.sytes.net/my/index.php" "Mozilla/5.0 (Windows NT 10.0; Win64; x64) AppleWebKit/537.36 (KHTML, like Gecko) Chrome/58.0.3029.110 Safari/537.36"
190.101.124.105 - - [13/Jun/2017:04:35:26 +0200] "POST /lib/ajax/service.php?sesskey=Fx6amXnk5F&info=message_popup_get_unread_popup_notification_count HTTP/1.1" 200 26 "http://intranetdefinitiva.sytes.net/my/index.php" "Mozilla/5.0 (Windows NT 10.0; Win64; x64) AppleWebKit/537.36 (KHTML, like Gecko) Chrome/58.0.3029.110 Safari/537.36"
190.101.124.105 - - [13/Jun/2017:04:35:26 +0200] "POST /lib/ajax/service-nologin.php?sesskey=Fx6amXnk5F&info=16-method-calls HTTP/1.1" 200 607 "http://intranetdefinitiva.sytes.net/my/index.php" "Mozilla/5.0 (Windows NT 10.0; Win64; x64) AppleWebKit/537.36 (KHTML, like Gecko) Chrome/58.0.3029.110 Safari/537.36"
190.101.124.105 - - [13/Jun/2017:04:35:26 +0200] "POST /lib/ajax/service.php?sesskey=Fx6amXnk5F&info=core_fetch_notifications HTTP/1.1" 200 27 "http://intranetdefinitiva.sytes.net/my/index.php" "Mozilla/5.0 (Windows NT 10.0; Win64; x64) AppleWebKit/537.36 (KHTML, like Gecko) Chrome/58.0.3029.110 Safari/537.36"
190.101.124.105 - - [13/Jun/2017:04:35:26 +0200] "GET /theme/yui_combo.php?3.17.2/event-mousewheel/event-mousewheel-min.js&3.17.2/event-hover/event-hover-min.js&3.17.2/event-touch/event-touch-min.js&3.17.2/event-move/event-move-min.js&3.17.2/event-flick/event-flick-min.js&3.17.2/event-valuechange/event-valuechange-min.js&3.17.2/event-tap/event-tap-min.js HTTP/1.1" 200 4691 "http://intranetdefinitiva.sytes.net/my/index.php" "Mozilla/5.0 (Windows NT 10.0; Win64; x64) AppleWebKit/537.36 (KHTML, like Gecko) Chrome/58.0.3029.110 Safari/537.36"
190.101.124.105 - - [13/Jun/2017:04:35:26 +0200] "POST /lib/ajax/service-nologin.php?sesskey=Fx6amXnk5F&info=core_output_load_template HTTP/1.1" 200 210 "http://intranetdefinitiva.sytes.net/my/index.php" "Mozilla/5.0 (Windows NT 10.0; Win64; x64) AppleWebKit/537.36 (KHTML, like Gecko) Chrome/58.0.3029.110 Safari/537.36"
190.101.124.105 - - [13/Jun/2017:04:35:26 +0200] "POST /lib/ajax/service-nologin.php?sesskey=Fx6amXnk5F&info=core_output_load_template HTTP/1.1" 200 229 "http://intranetdefinitiva.sytes.net/my/index.php" "Mozilla/5.0 (Windows NT 10.0; Win64; x64) AppleWebKit/537.36 (KHTML, like Gecko) Chrome/58.0.3029.110 Safari/537.36"
190.101.124.105 - - [13/Jun/2017:04:35:26 +0200] "POST /lib/ajax/service-nologin.php?sesskey=Fx6amXnk5F&info=core_output_load_template HTTP/1.1" 200 1200 "http://intranetdefinitiva.sytes.net/my/index.php" "Mozilla/5.0 (Windows NT 10.0; Win64; x64) AppleWebKit/537.36 (KHTML, like Gecko) Chrome/58.0.3029.110 Safari/537.36"
190.101.124.105 - - [13/Jun/2017:04:35:26 +0200] "POST /lib/ajax/service-nologin.php?sesskey=Fx6amXnk5F&info=core_get_string,core_get_string HTTP/1.1" 200 64 "http://intranetdefinitiva.sytes.net/my/index.php" "Mozilla/5.0 (Windows NT 10.0; Win64; x64) AppleWebKit/537.36 (KHTML, like Gecko) Chrome/58.0.3029.110 Safari/537.36"
190.101.124.105 - - [13/Jun/2017:04:35:26 +0200] "POST /lib/ajax/service-nologin.php?sesskey=Fx6amXnk5F&info=core_output_load_template HTTP/1.1" 200 133 "http://intranetdefinitiva.sytes.net/my/index.php" "Mozilla/5.0 (Windows NT 10.0; Win64; x64) AppleWebKit/537.36 (KHTML, like Gecko) Chrome/58.0.3029.110 Safari/537.36"
190.101.124.105 - - [13/Jun/2017:04:35:26 +0200] "POST /lib/ajax/service-nologin.php?sesskey=Fx6amXnk5F&info=core_get_string HTTP/1.1" 200 34 "http://intranetdefinitiva.sytes.net/my/index.php" "Mozilla/5.0 (Windows NT 10.0; Win64; x64) AppleWebKit/537.36 (KHTML, like Gecko) Chrome/58.0.3029.110 Safari/537.36"
200.83.246.171 - - [13/Jun/2017:04:36:57 +0200] "GET / HTTP/1.1" 200 24461 "http://intranetdefinitiva.sytes.net/admin/index.php?sessionstarted=1&sessionverify=1&lang=en" "Mozilla/5.0 (Windows NT 10.0; WOW64; rv:53.0) Gecko/20100101 Firefox/53.0"
200.83.246.171 - - [13/Jun/2017:04:36:58 +0200] "GET /theme/image.php/boost/core/1497321059/moodlelogo HTTP/1.1" 200 2297 "http://intranetdefinitiva.sytes.net/" "Mozilla/5.0 (Windows NT 10.0; WOW64; rv:53.0) Gecko/20100101 Firefox/53.0"
200.83.246.171 - - [13/Jun/2017:04:36:59 +0200] "POST /lib/ajax/service.php?sesskey=y9D17zxryU&info=core_fetch_notifications HTTP/1.1" 200 241 "http://intranetdefinitiva.sytes.net/" "Mozilla/5.0 (Windows NT 10.0; WOW64; rv:53.0) Gecko/20100101 Firefox/53.0"
200.83.246.171 - - [13/Jun/2017:04:37:01 +0200] "GET /login/index.php HTTP/1.1" 200 25755 "http://intranetdefinitiva.sytes.net/" "Mozilla/5.0 (Windows NT 10.0; WOW64; rv:53.0) Gecko/20100101 Firefox/53.0"
200.83.246.171 - - [13/Jun/2017:04:37:01 +0200] "GET /theme/font.php/boost/core/1497321059/fontawesome-webfont.woff2?v=4.7.0 HTTP/1.1" 200 77160 "http://intranetdefinitiva.sytes.net/theme/styles.php/boost/1497321059/all" "Mozilla/5.0 (Windows NT 10.0; WOW64; rv:53.0) Gecko/20100101 Firefox/53.0"
200.83.246.171 - - [13/Jun/2017:04:37:01 +0200] "POST /lib/ajax/service.php?sesskey=y9D17zxryU&info=core_fetch_notifications HTTP/1.1" 200 241 "http://intranetdefinitiva.sytes.net/login/index.php" "Mozilla/5.0 (Windows NT 10.0; WOW64; rv:53.0) Gecko/20100101 Firefox/53.0"
200.83.246.171 - - [13/Jun/2017:04:37:18 +0200] "POST /login/index.php HTTP/1.1" 303 463 "http://intranetdefinitiva.sytes.net/login/index.php" "Mozilla/5.0 (Windows NT 10.0; WOW64; rv:53.0) Gecko/20100101 Firefox/53.0"
200.83.246.171 - - [13/Jun/2017:04:37:18 +0200] "GET /login/index.php?testsession=2 HTTP/1.1" 303 434 "http://intranetdefinitiva.sytes.net/login/index.php" "Mozilla/5.0 (Windows NT 10.0; WOW64; rv:53.0) Gecko/20100101 Firefox/53.0"
200.83.246.171 - - [13/Jun/2017:04:37:18 +0200] "GET / HTTP/1.1" 303 437 "http://intranetdefinitiva.sytes.net/login/index.php" "Mozilla/5.0 (Windows NT 10.0; WOW64; rv:53.0) Gecko/20100101 Firefox/53.0"
200.83.246.171 - - [13/Jun/2017:04:37:18 +0200] "GET /my/ HTTP/1.1" 200 56249 "http://intranetdefinitiva.sytes.net/login/index.php" "Mozilla/5.0 (Windows NT 10.0; WOW64; rv:53.0) Gecko/20100101 Firefox/53.0"
200.83.246.171 - - [13/Jun/2017:04:37:19 +0200] "GET /theme/image.php/boost/core/1497321059/y/loading HTTP/1.1" 200 2982 "http://intranetdefinitiva.sytes.net/my/" "Mozilla/5.0 (Windows NT 10.0; WOW64; rv:53.0) Gecko/20100101 Firefox/53.0"
200.83.246.171 - - [13/Jun/2017:04:37:19 +0200] "GET /theme/image.php/boost/core/1497321059/u/f2 HTTP/1.1" 200 339 "http://intranetdefinitiva.sytes.net/my/" "Mozilla/5.0 (Windows NT 10.0; WOW64; rv:53.0) Gecko/20100101 Firefox/53.0"
200.83.246.171 - - [13/Jun/2017:04:37:19 +0200] "GET /theme/image.php/boost/core/1497321059/u/f1 HTTP/1.1" 200 1128 "http://intranetdefinitiva.sytes.net/my/" "Mozilla/5.0 (Windows NT 10.0; WOW64; rv:53.0) Gecko/20100101 Firefox/53.0"
200.83.246.171 - - [13/Jun/2017:04:37:19 +0200] "GET /theme/image.php/boost/block_myoverview/1497321059/courses HTTP/1.1" 200 771 "http://intranetdefinitiva.sytes.net/my/" "Mozilla/5.0 (Windows NT 10.0; WOW64; rv:53.0) Gecko/20100101 Firefox/53.0"
200.83.246.171 - - [13/Jun/2017:04:37:19 +0200] "GET /theme/image.php/boost/block_myoverview/1497321059/activities HTTP/1.1" 200 634 "http://intranetdefinitiva.sytes.net/my/" "Mozilla/5.0 (Windows NT 10.0; WOW64; rv:53.0) Gecko/20100101 Firefox/53.0"
200.83.246.171 - - [13/Jun/2017:04:37:19 +0200] "POST /lib/ajax/service.php?sesskey=1MxRLrkTD7&info=core_calendar_get_action_events_by_timesort HTTP/1.1" 200 67 "http://intranetdefinitiva.sytes.net/my/" "Mozilla/5.0 (Windows NT 10.0; WOW64; rv:53.0) Gecko/20100101 Firefox/53.0"
200.83.246.171 - - [13/Jun/2017:04:37:19 +0200] "POST /lib/ajax/service.php?sesskey=1MxRLrkTD7&info=core_message_get_unread_conversations_count HTTP/1.1" 200 26 "http://intranetdefinitiva.sytes.net/my/" "Mozilla/5.0 (Windows NT 10.0; WOW64; rv:53.0) Gecko/20100101 Firefox/53.0"
200.83.246.171 - - [13/Jun/2017:04:37:19 +0200] "POST /lib/ajax/service.php?sesskey=1MxRLrkTD7&info=message_popup_get_unread_popup_notification_count HTTP/1.1" 200 26 "http://intranetdefinitiva.sytes.net/my/" "Mozilla/5.0 (Windows NT 10.0; WOW64; rv:53.0) Gecko/20100101 Firefox/53.0"
200.83.246.171 - - [13/Jun/2017:04:37:19 +0200] "POST /lib/ajax/service.php?sesskey=1MxRLrkTD7&info=core_fetch_notifications HTTP/1.1" 200 27 "http://intranetdefinitiva.sytes.net/my/" "Mozilla/5.0 (Windows NT 10.0; WOW64; rv:53.0) Gecko/20100101 Firefox/53.0"
200.83.246.171 - - [13/Jun/2017:04:37:19 +0200] "POST /lib/ajax/service-nologin.php?sesskey=1MxRLrkTD7&info=core_get_string HTTP/1.1" 200 67 "http://intranetdefinitiva.sytes.net/my/" "Mozilla/5.0 (Windows NT 10.0; WOW64; rv:53.0) Gecko/20100101 Firefox/53.0"
200.83.246.171 - - [13/Jun/2017:04:37:19 +0200] "POST /lib/ajax/service-nologin.php?sesskey=1MxRLrkTD7&info=core_get_string HTTP/1.1" 200 77 "http://intranetdefinitiva.sytes.net/my/" "Mozilla/5.0 (Windows NT 10.0; WOW64; rv:53.0) Gecko/20100101 Firefox/53.0"
200.83.246.171 - - [13/Jun/2017:04:38:33 +0200] "GET /admin/search.php HTTP/1.1" 200 130816 "http://intranetdefinitiva.sytes.net/my/" "Mozilla/5.0 (Windows NT 10.0; WOW64; rv:53.0) Gecko/20100101 Firefox/53.0"
200.83.246.171 - - [13/Jun/2017:04:38:35 +0200] "GET /theme/yui_combo.php?m/1497321059/core/formchangechecker/formchangechecker-min.js HTTP/1.1" 200 885 "http://intranetdefinitiva.sytes.net/admin/search.php" "Mozilla/5.0 (Windows NT 10.0; WOW64; rv:53.0) Gecko/20100101 Firefox/53.0"
200.83.246.171 - - [13/Jun/2017:04:38:36 +0200] "POST /lib/ajax/service.php?sesskey=1MxRLrkTD7&info=message_popup_get_unread_popup_notification_count HTTP/1.1" 200 26 "http://intranetdefinitiva.sytes.net/admin/search.php" "Mozilla/5.0 (Windows NT 10.0; WOW64; rv:53.0) Gecko/20100101 Firefox/53.0"
200.83.246.171 - - [13/Jun/2017:04:38:36 +0200] "POST /lib/ajax/service.php?sesskey=1MxRLrkTD7&info=core_message_get_unread_conversations_count HTTP/1.1" 200 26 "http://intranetdefinitiva.sytes.net/admin/search.php" "Mozilla/5.0 (Windows NT 10.0; WOW64; rv:53.0) Gecko/20100101 Firefox/53.0"
200.83.246.171 - - [13/Jun/2017:04:38:36 +0200] "POST /lib/ajax/service.php?sesskey=1MxRLrkTD7&info=core_fetch_notifications HTTP/1.1" 200 27 "http://intranetdefinitiva.sytes.net/admin/search.php" "Mozilla/5.0 (Windows NT 10.0; WOW64; rv:53.0) Gecko/20100101 Firefox/53.0"
190.101.124.105 - - [13/Jun/2017:04:38:42 +0200] "GET /lib/ajax/setuserpref.php?sesskey=Fx6amXnk5F&pref=drawer-open-nav&value=false HTTP/1.1" 200 2 "http://intranetdefinitiva.sytes.net/my/index.php" "Mozilla/5.0 (Windows NT 10.0; Win64; x64) AppleWebKit/537.36 (KHTML, like Gecko) Chrome/58.0.3029.110 Safari/537.36"
200.83.246.171 - - [13/Jun/2017:04:38:42 +0200] "GET /user/preferences.php HTTP/1.1" 200 41841 "http://intranetdefinitiva.sytes.net/admin/search.php" "Mozilla/5.0 (Windows NT 10.0; WOW64; rv:53.0) Gecko/20100101 Firefox/53.0"
190.101.124.105 - - [13/Jun/2017:04:38:42 +0200] "GET /lib/ajax/setuserpref.php?sesskey=Fx6amXnk5F&pref=drawer-open-nav&value=true HTTP/1.1" 200 2 "http://intranetdefinitiva.sytes.net/my/index.php" "Mozilla/5.0 (Windows NT 10.0; Win64; x64) AppleWebKit/537.36 (KHTML, like Gecko) Chrome/58.0.3029.110 Safari/537.36"
200.83.246.171 - - [13/Jun/2017:04:38:43 +0200] "POST /lib/ajax/service.php?sesskey=1MxRLrkTD7&info=core_message_get_unread_conversations_count HTTP/1.1" 200 26 "http://intranetdefinitiva.sytes.net/user/preferences.php" "Mozilla/5.0 (Windows NT 10.0; WOW64; rv:53.0) Gecko/20100101 Firefox/53.0"
200.83.246.171 - - [13/Jun/2017:04:38:43 +0200] "POST /lib/ajax/service.php?sesskey=1MxRLrkTD7&info=message_popup_get_unread_popup_notification_count HTTP/1.1" 200 26 "http://intranetdefinitiva.sytes.net/user/preferences.php" "Mozilla/5.0 (Windows NT 10.0; WOW64; rv:53.0) Gecko/20100101 Firefox/53.0"
200.83.246.171 - - [13/Jun/2017:04:38:43 +0200] "POST /lib/ajax/service.php?sesskey=1MxRLrkTD7&info=core_fetch_notifications HTTP/1.1" 200 27 "http://intranetdefinitiva.sytes.net/user/preferences.php" "Mozilla/5.0 (Windows NT 10.0; WOW64; rv:53.0) Gecko/20100101 Firefox/53.0"
190.101.124.105 - - [13/Jun/2017:04:38:45 +0200] "GET /admin/search.php HTTP/1.1" 200 136164 "http://intranetdefinitiva.sytes.net/my/index.php" "Mozilla/5.0 (Windows NT 10.0; Win64; x64) AppleWebKit/537.36 (KHTML, like Gecko) Chrome/58.0.3029.110 Safari/537.36"
190.101.124.105 - - [13/Jun/2017:04:38:45 +0200] "POST /lib/ajax/service.php?sesskey=Fx6amXnk5F&info=core_message_get_unread_conversations_count HTTP/1.1" 200 26 "http://intranetdefinitiva.sytes.net/admin/search.php" "Mozilla/5.0 (Windows NT 10.0; Win64; x64) AppleWebKit/537.36 (KHTML, like Gecko) Chrome/58.0.3029.110 Safari/537.36"
190.101.124.105 - - [13/Jun/2017:04:38:45 +0200] "POST /lib/ajax/service.php?sesskey=Fx6amXnk5F&info=message_popup_get_unread_popup_notification_count HTTP/1.1" 200 26 "http://intranetdefinitiva.sytes.net/admin/search.php" "Mozilla/5.0 (Windows NT 10.0; Win64; x64) AppleWebKit/537.36 (KHTML, like Gecko) Chrome/58.0.3029.110 Safari/537.36"
190.101.124.105 - - [13/Jun/2017:04:38:45 +0200] "POST /lib/ajax/service.php?sesskey=Fx6amXnk5F&info=core_fetch_notifications HTTP/1.1" 200 27 "http://intranetdefinitiva.sytes.net/admin/search.php" "Mozilla/5.0 (Windows NT 10.0; Win64; x64) AppleWebKit/537.36 (KHTML, like Gecko) Chrome/58.0.3029.110 Safari/537.36"
190.101.124.105 - - [13/Jun/2017:04:38:45 +0200] "POST /lib/ajax/service-nologin.php?sesskey=Fx6amXnk5F&info=24-method-calls HTTP/1.1" 200 913 "http://intranetdefinitiva.sytes.net/admin/search.php" "Mozilla/5.0 (Windows NT 10.0; Win64; x64) AppleWebKit/537.36 (KHTML, like Gecko) Chrome/58.0.3029.110 Safari/537.36"
200.83.246.171 - - [13/Jun/2017:04:38:45 +0200] "GET /user/language.php?id=2&course=1 HTTP/1.1" 200 41714 "http://intranetdefinitiva.sytes.net/user/preferences.php" "Mozilla/5.0 (Windows NT 10.0; WOW64; rv:53.0) Gecko/20100101 Firefox/53.0"
200.83.246.171 - - [13/Jun/2017:04:38:46 +0200] "POST /lib/ajax/service.php?sesskey=1MxRLrkTD7&info=core_message_get_unread_conversations_count HTTP/1.1" 200 26 "http://intranetdefinitiva.sytes.net/user/language.php?id=2&course=1" "Mozilla/5.0 (Windows NT 10.0; WOW64; rv:53.0) Gecko/20100101 Firefox/53.0"
200.83.246.171 - - [13/Jun/2017:04:38:46 +0200] "POST /lib/ajax/service.php?sesskey=1MxRLrkTD7&info=core_fetch_notifications HTTP/1.1" 200 27 "http://intranetdefinitiva.sytes.net/user/language.php?id=2&course=1" "Mozilla/5.0 (Windows NT 10.0; WOW64; rv:53.0) Gecko/20100101 Firefox/53.0"
200.83.246.171 - - [13/Jun/2017:04:38:46 +0200] "POST /lib/ajax/service.php?sesskey=1MxRLrkTD7&info=message_popup_get_unread_popup_notification_count HTTP/1.1" 200 26 "http://intranetdefinitiva.sytes.net/user/language.php?id=2&course=1" "Mozilla/5.0 (Windows NT 10.0; WOW64; rv:53.0) Gecko/20100101 Firefox/53.0"
190.101.124.105 - - [13/Jun/2017:04:38:55 +0200] "GET /lib/ajax/setuserpref.php?sesskey=Fx6amXnk5F&pref=drawer-open-nav&value=false HTTP/1.1" 200 2 "http://intranetdefinitiva.sytes.net/admin/search.php" "Mozilla/5.0 (Windows NT 10.0; Win64; x64) AppleWebKit/537.36 (KHTML, like Gecko) Chrome/58.0.3029.110 Safari/537.36"
190.101.124.105 - - [13/Jun/2017:04:38:55 +0200] "GET /lib/ajax/setuserpref.php?sesskey=Fx6amXnk5F&pref=drawer-open-nav&value=true HTTP/1.1" 200 2 "http://intranetdefinitiva.sytes.net/admin/search.php" "Mozilla/5.0 (Windows NT 10.0; Win64; x64) AppleWebKit/537.36 (KHTML, like Gecko) Chrome/58.0.3029.110 Safari/537.36"
200.83.246.171 - - [13/Jun/2017:04:38:56 +0200] "GET /admin/search.php HTTP/1.1" 200 130816 "http://intranetdefinitiva.sytes.net/user/language.php?id=2&course=1" "Mozilla/5.0 (Windows NT 10.0; WOW64; rv:53.0) Gecko/20100101 Firefox/53.0"
200.83.246.171 - - [13/Jun/2017:04:38:57 +0200] "POST /lib/ajax/service.php?sesskey=1MxRLrkTD7&info=core_message_get_unread_conversations_count HTTP/1.1" 200 26 "http://intranetdefinitiva.sytes.net/admin/search.php" "Mozilla/5.0 (Windows NT 10.0; WOW64; rv:53.0) Gecko/20100101 Firefox/53.0"
200.83.246.171 - - [13/Jun/2017:04:38:57 +0200] "POST /lib/ajax/service.php?sesskey=1MxRLrkTD7&info=message_popup_get_unread_popup_notification_count HTTP/1.1" 200 26 "http://intranetdefinitiva.sytes.net/admin/search.php" "Mozilla/5.0 (Windows NT 10.0; WOW64; rv:53.0) Gecko/20100101 Firefox/53.0"
200.83.246.171 - - [13/Jun/2017:04:38:57 +0200] "POST /lib/ajax/service.php?sesskey=1MxRLrkTD7&info=core_fetch_notifications HTTP/1.1" 200 27 "http://intranetdefinitiva.sytes.net/admin/search.php" "Mozilla/5.0 (Windows NT 10.0; WOW64; rv:53.0) Gecko/20100101 Firefox/53.0"
200.83.246.171 - - [13/Jun/2017:04:39:05 +0200] "GET /admin/settings.php?section=langsettings HTTP/1.1" 200 47353 "http://intranetdefinitiva.sytes.net/admin/search.php" "Mozilla/5.0 (Windows NT 10.0; WOW64; rv:53.0) Gecko/20100101 Firefox/53.0"
200.83.246.171 - - [13/Jun/2017:04:39:05 +0200] "POST /lib/ajax/service.php?sesskey=1MxRLrkTD7&info=core_message_get_unread_conversations_count HTTP/1.1" 200 26 "http://intranetdefinitiva.sytes.net/admin/settings.php?section=langsettings" "Mozilla/5.0 (Windows NT 10.0; WOW64; rv:53.0) Gecko/20100101 Firefox/53.0"
200.83.246.171 - - [13/Jun/2017:04:39:05 +0200] "POST /lib/ajax/service.php?sesskey=1MxRLrkTD7&info=message_popup_get_unread_popup_notification_count HTTP/1.1" 200 26 "http://intranetdefinitiva.sytes.net/admin/settings.php?section=langsettings" "Mozilla/5.0 (Windows NT 10.0; WOW64; rv:53.0) Gecko/20100101 Firefox/53.0"
200.83.246.171 - - [13/Jun/2017:04:39:05 +0200] "POST /lib/ajax/service.php?sesskey=1MxRLrkTD7&info=core_fetch_notifications HTTP/1.1" 200 27 "http://intranetdefinitiva.sytes.net/admin/settings.php?section=langsettings" "Mozilla/5.0 (Windows NT 10.0; WOW64; rv:53.0) Gecko/20100101 Firefox/53.0"
190.101.124.105 - - [13/Jun/2017:04:39:08 +0200] "GET /admin/settings.php?section=langsettings HTTP/1.1" 200 52064 "http://intranetdefinitiva.sytes.net/admin/search.php" "Mozilla/5.0 (Windows NT 10.0; Win64; x64) AppleWebKit/537.36 (KHTML, like Gecko) Chrome/58.0.3029.110 Safari/537.36"
190.101.124.105 - - [13/Jun/2017:04:39:09 +0200] "POST /lib/ajax/service.php?sesskey=Fx6amXnk5F&info=core_message_get_unread_conversations_count HTTP/1.1" 200 26 "http://intranetdefinitiva.sytes.net/admin/settings.php?section=langsettings" "Mozilla/5.0 (Windows NT 10.0; Win64; x64) AppleWebKit/537.36 (KHTML, like Gecko) Chrome/58.0.3029.110 Safari/537.36"
190.101.124.105 - - [13/Jun/2017:04:39:09 +0200] "POST /lib/ajax/service.php?sesskey=Fx6amXnk5F&info=message_popup_get_unread_popup_notification_count HTTP/1.1" 200 26 "http://intranetdefinitiva.sytes.net/admin/settings.php?section=langsettings" "Mozilla/5.0 (Windows NT 10.0; Win64; x64) AppleWebKit/537.36 (KHTML, like Gecko) Chrome/58.0.3029.110 Safari/537.36"
190.101.124.105 - - [13/Jun/2017:04:39:09 +0200] "POST /lib/ajax/service.php?sesskey=Fx6amXnk5F&info=core_fetch_notifications HTTP/1.1" 200 27 "http://intranetdefinitiva.sytes.net/admin/settings.php?section=langsettings" "Mozilla/5.0 (Windows NT 10.0; Win64; x64) AppleWebKit/537.36 (KHTML, like Gecko) Chrome/58.0.3029.110 Safari/537.36"
200.83.246.171 - - [13/Jun/2017:04:39:10 +0200] "POST /lib/ajax/service.php?sesskey=1MxRLrkTD7&info=core_message_get_unread_conversations_count HTTP/1.1" 200 26 "http://intranetdefinitiva.sytes.net/admin/search.php" "Mozilla/5.0 (Windows NT 10.0; WOW64; rv:53.0) Gecko/20100101 Firefox/53.0"
200.83.246.171 - - [13/Jun/2017:04:39:10 +0200] "POST /lib/ajax/service.php?sesskey=1MxRLrkTD7&info=message_popup_get_unread_popup_notification_count HTTP/1.1" 200 26 "http://intranetdefinitiva.sytes.net/admin/search.php" "Mozilla/5.0 (Windows NT 10.0; WOW64; rv:53.0) Gecko/20100101 Firefox/53.0"
200.83.246.171 - - [13/Jun/2017:04:39:10 +0200] "POST /lib/ajax/service.php?sesskey=1MxRLrkTD7&info=core_fetch_notifications HTTP/1.1" 200 27 "http://intranetdefinitiva.sytes.net/admin/search.php" "Mozilla/5.0 (Windows NT 10.0; WOW64; rv:53.0) Gecko/20100101 Firefox/53.0"
190.101.124.105 - - [13/Jun/2017:04:39:13 +0200] "POST /lib/ajax/service.php?sesskey=Fx6amXnk5F&info=message_popup_get_unread_popup_notification_count HTTP/1.1" 200 26 "http://intranetdefinitiva.sytes.net/admin/search.php" "Mozilla/5.0 (Windows NT 10.0; Win64; x64) AppleWebKit/537.36 (KHTML, like Gecko) Chrome/58.0.3029.110 Safari/537.36"
190.101.124.105 - - [13/Jun/2017:04:39:13 +0200] "POST /lib/ajax/service.php?sesskey=Fx6amXnk5F&info=core_message_get_unread_conversations_count HTTP/1.1" 200 26 "http://intranetdefinitiva.sytes.net/admin/search.php" "Mozilla/5.0 (Windows NT 10.0; Win64; x64) AppleWebKit/537.36 (KHTML, like Gecko) Chrome/58.0.3029.110 Safari/537.36"
190.101.124.105 - - [13/Jun/2017:04:39:13 +0200] "POST /lib/ajax/service.php?sesskey=Fx6amXnk5F&info=core_fetch_notifications HTTP/1.1" 200 27 "http://intranetdefinitiva.sytes.net/admin/search.php" "Mozilla/5.0 (Windows NT 10.0; Win64; x64) AppleWebKit/537.36 (KHTML, like Gecko) Chrome/58.0.3029.110 Safari/537.36"
200.83.246.171 - - [13/Jun/2017:04:39:14 +0200] "GET /admin/tool/langimport/index.php HTTP/1.1" 200 56761 "http://intranetdefinitiva.sytes.net/admin/search.php" "Mozilla/5.0 (Windows NT 10.0; WOW64; rv:53.0) Gecko/20100101 Firefox/53.0"
200.83.246.171 - - [13/Jun/2017:04:39:16 +0200] "GET /theme/yui_combo.php?3.17.2/cssbutton/cssbutton-min.css HTTP/1.1" 200 1106 "http://intranetdefinitiva.sytes.net/admin/tool/langimport/index.php" "Mozilla/5.0 (Windows NT 10.0; WOW64; rv:53.0) Gecko/20100101 Firefox/53.0"
200.83.246.171 - - [13/Jun/2017:04:39:16 +0200] "GET /theme/yui_combo.php?m/1497321059/core/widget/widget-focusafterclose-min.js&3.17.2/plugin/plugin-min.js&m/1497321059/core/lockscroll/lockscroll-min.js&m/1497321059/core/notification/notification-dialogue-min.js&m/1497321059/core/notification/notification-confirm-min.js&m/1497321059/core/notification/notification-alert-min.js&m/1497321059/core/languninstallconfirm/languninstallconfirm-min.js HTTP/1.1" 200 5020 "http://intranetdefinitiva.sytes.net/admin/tool/langimport/index.php" "Mozilla/5.0 (Windows NT 10.0; WOW64; rv:53.0) Gecko/20100101 Firefox/53.0"
200.83.246.171 - - [13/Jun/2017:04:39:16 +0200] "POST /lib/ajax/service.php?sesskey=1MxRLrkTD7&info=message_popup_get_unread_popup_notification_count HTTP/1.1" 200 26 "http://intranetdefinitiva.sytes.net/admin/tool/langimport/index.php" "Mozilla/5.0 (Windows NT 10.0; WOW64; rv:53.0) Gecko/20100101 Firefox/53.0"
200.83.246.171 - - [13/Jun/2017:04:39:16 +0200] "POST /lib/ajax/service.php?sesskey=1MxRLrkTD7&info=core_message_get_unread_conversations_count HTTP/1.1" 200 26 "http://intranetdefinitiva.sytes.net/admin/tool/langimport/index.php" "Mozilla/5.0 (Windows NT 10.0; WOW64; rv:53.0) Gecko/20100101 Firefox/53.0"
200.83.246.171 - - [13/Jun/2017:04:39:16 +0200] "POST /lib/ajax/service.php?sesskey=1MxRLrkTD7&info=core_fetch_notifications HTTP/1.1" 200 27 "http://intranetdefinitiva.sytes.net/admin/tool/langimport/index.php" "Mozilla/5.0 (Windows NT 10.0; WOW64; rv:53.0) Gecko/20100101 Firefox/53.0"
190.101.124.105 - - [13/Jun/2017:04:39:16 +0200] "GET /admin/tool/langimport/index.php HTTP/1.1" 200 46555 "http://intranetdefinitiva.sytes.net/admin/search.php" "Mozilla/5.0 (Windows NT 10.0; Win64; x64) AppleWebKit/537.36 (KHTML, like Gecko) Chrome/58.0.3029.110 Safari/537.36"
190.101.124.105 - - [13/Jun/2017:04:39:17 +0200] "GET /admin/tool/langimport/index.php HTTP/1.1" 200 61375 "http://intranetdefinitiva.sytes.net/admin/search.php" "Mozilla/5.0 (Windows NT 10.0; Win64; x64) AppleWebKit/537.36 (KHTML, like Gecko) Chrome/58.0.3029.110 Safari/537.36"
190.101.124.105 - - [13/Jun/2017:04:39:19 +0200] "GET /theme/yui_combo.php?m/1497321059/core/widget/widget-focusafterclose-min.js&3.17.2/plugin/plugin-min.js&m/1497321059/core/lockscroll/lockscroll-min.js&m/1497321059/core/notification/notification-dialogue-min.js&m/1497321059/core/notification/notification-confirm-min.js&m/1497321059/core/notification/notification-alert-min.js&m/1497321059/core/languninstallconfirm/languninstallconfirm-min.js HTTP/1.1" 200 5020 "http://intranetdefinitiva.sytes.net/admin/tool/langimport/index.php" "Mozilla/5.0 (Windows NT 10.0; Win64; x64) AppleWebKit/537.36 (KHTML, like Gecko) Chrome/58.0.3029.110 Safari/537.36"
190.101.124.105 - - [13/Jun/2017:04:39:19 +0200] "GET /theme/yui_combo.php?3.17.2/datatype-xml-parse/datatype-xml-parse-min.js&3.17.2/io-xdr/io-xdr-min.js&3.17.2/io-form/io-form-min.js&3.17.2/io-upload-iframe/io-upload-iframe-min.js&3.17.2/queue-promote/queue-promote-min.js&3.17.2/io-queue/io-queue-min.js&3.17.2/event-resize/event-resize-min.js&3.17.2/dd-ddm/dd-ddm-min.js&3.17.2/dd-ddm-drop/dd-ddm-drop-min.js&3.17.2/dd-proxy/dd-proxy-min.js&3.17.2/dd-constrain/dd-constrain-min.js&3.17.2/dd-drop/dd-drop-min.js&3.17.2/dd-scroll/dd-scroll-min.js&3.17.2/dd-drop-plugin/dd-drop-plugin-min.js&3.17.2/dd-delegate/dd-delegate-min.js&m/1497321059/core/notification/notification-exception-min.js&m/1497321059/core/notification/notification-ajaxexception-min.js&m/1497321059/core/notification/notification-min.js&m/1497321059/core/dragdrop/dragdrop-min.js&m/1497321059/core/blocks/blocks-min.js HTTP/1.1" 200 15727 "http://intranetdefinitiva.sytes.net/admin/tool/langimport/index.php" "Mozilla/5.0 (Windows NT 10.0; Win64; x64) AppleWebKit/537.36 (KHTML, like Gecko) Chrome/58.0.3029.110 Safari/537.36"
190.101.124.105 - - [13/Jun/2017:04:39:19 +0200] "POST /lib/ajax/service.php?sesskey=Fx6amXnk5F&info=core_message_get_unread_conversations_count HTTP/1.1" 200 26 "http://intranetdefinitiva.sytes.net/admin/tool/langimport/index.php" "Mozilla/5.0 (Windows NT 10.0; Win64; x64) AppleWebKit/537.36 (KHTML, like Gecko) Chrome/58.0.3029.110 Safari/537.36"
190.101.124.105 - - [13/Jun/2017:04:39:19 +0200] "POST /lib/ajax/service.php?sesskey=Fx6amXnk5F&info=core_fetch_notifications HTTP/1.1" 200 27 "http://intranetdefinitiva.sytes.net/admin/tool/langimport/index.php" "Mozilla/5.0 (Windows NT 10.0; Win64; x64) AppleWebKit/537.36 (KHTML, like Gecko) Chrome/58.0.3029.110 Safari/537.36"
190.101.124.105 - - [13/Jun/2017:04:39:19 +0200] "POST /lib/ajax/service.php?sesskey=Fx6amXnk5F&info=message_popup_get_unread_popup_notification_count HTTP/1.1" 200 26 "http://intranetdefinitiva.sytes.net/admin/tool/langimport/index.php" "Mozilla/5.0 (Windows NT 10.0; Win64; x64) AppleWebKit/537.36 (KHTML, like Gecko) Chrome/58.0.3029.110 Safari/537.36"
200.83.246.171 - - [13/Jun/2017:04:39:23 +0200] "POST /admin/tool/langimport/index.php?mode=2 HTTP/1.1" 200 59119 "http://intranetdefinitiva.sytes.net/admin/tool/langimport/index.php" "Mozilla/5.0 (Windows NT 10.0; WOW64; rv:53.0) Gecko/20100101 Firefox/53.0"
200.83.246.171 - - [13/Jun/2017:04:39:31 +0200] "POST /lib/ajax/service.php?sesskey=1MxRLrkTD7&info=core_fetch_notifications HTTP/1.1" 200 27 "http://intranetdefinitiva.sytes.net/admin/tool/langimport/index.php?mode=2" "Mozilla/5.0 (Windows NT 10.0; WOW64; rv:53.0) Gecko/20100101 Firefox/53.0"
200.83.246.171 - - [13/Jun/2017:04:39:30 +0200] "POST /lib/ajax/service.php?sesskey=1MxRLrkTD7&info=message_popup_get_unread_popup_notification_count HTTP/1.1" 200 26 "http://intranetdefinitiva.sytes.net/admin/tool/langimport/index.php?mode=2" "Mozilla/5.0 (Windows NT 10.0; WOW64; rv:53.0) Gecko/20100101 Firefox/53.0"
200.83.246.171 - - [13/Jun/2017:04:39:30 +0200] "POST /lib/ajax/service.php?sesskey=1MxRLrkTD7&info=core_message_get_unread_conversations_count HTTP/1.1" 200 26 "http://intranetdefinitiva.sytes.net/admin/tool/langimport/index.php?mode=2" "Mozilla/5.0 (Windows NT 10.0; WOW64; rv:53.0) Gecko/20100101 Firefox/53.0"
200.83.246.171 - - [13/Jun/2017:04:39:43 +0200] "POST /admin/tool/langimport/index.php?mode=2 HTTP/1.1" 200 59551 "http://intranetdefinitiva.sytes.net/admin/tool/langimport/index.php?mode=2" "Mozilla/5.0 (Windows NT 10.0; WOW64; rv:53.0) Gecko/20100101 Firefox/53.0"
200.83.246.171 - - [13/Jun/2017:04:40:03 +0200] "POST /lib/ajax/service.php?sesskey=1MxRLrkTD7&info=core_fetch_notifications HTTP/1.1" 200 27 "http://intranetdefinitiva.sytes.net/admin/tool/langimport/index.php?mode=2" "Mozilla/5.0 (Windows NT 10.0; WOW64; rv:53.0) Gecko/20100101 Firefox/53.0"
200.83.246.171 - - [13/Jun/2017:04:40:02 +0200] "POST /lib/ajax/service.php?sesskey=1MxRLrkTD7&info=core_message_get_unread_conversations_count HTTP/1.1" 200 26 "http://intranetdefinitiva.sytes.net/admin/tool/langimport/index.php?mode=2" "Mozilla/5.0 (Windows NT 10.0; WOW64; rv:53.0) Gecko/20100101 Firefox/53.0"
200.83.246.171 - - [13/Jun/2017:04:40:02 +0200] "POST /lib/ajax/service.php?sesskey=1MxRLrkTD7&info=message_popup_get_unread_popup_notification_count HTTP/1.1" 200 26 "http://intranetdefinitiva.sytes.net/admin/tool/langimport/index.php?mode=2" "Mozilla/5.0 (Windows NT 10.0; WOW64; rv:53.0) Gecko/20100101 Firefox/53.0"
200.83.246.171 - - [13/Jun/2017:04:41:52 +0200] "GET /admin/search.php HTTP/1.1" 200 132984 "http://intranetdefinitiva.sytes.net/admin/tool/langimport/index.php?mode=2" "Mozilla/5.0 (Windows NT 10.0; WOW64; rv:53.0) Gecko/20100101 Firefox/53.0"
200.83.246.171 - - [13/Jun/2017:04:41:54 +0200] "POST /lib/ajax/service.php?sesskey=1MxRLrkTD7&info=core_message_get_unread_conversations_count HTTP/1.1" 200 26 "http://intranetdefinitiva.sytes.net/admin/search.php" "Mozilla/5.0 (Windows NT 10.0; WOW64; rv:53.0) Gecko/20100101 Firefox/53.0"
200.83.246.171 - - [13/Jun/2017:04:41:54 +0200] "POST /lib/ajax/service.php?sesskey=1MxRLrkTD7&info=message_popup_get_unread_popup_notification_count HTTP/1.1" 200 26 "http://intranetdefinitiva.sytes.net/admin/search.php" "Mozilla/5.0 (Windows NT 10.0; WOW64; rv:53.0) Gecko/20100101 Firefox/53.0"
200.83.246.171 - - [13/Jun/2017:04:41:54 +0200] "POST /lib/ajax/service.php?sesskey=1MxRLrkTD7&info=core_fetch_notifications HTTP/1.1" 200 27 "http://intranetdefinitiva.sytes.net/admin/search.php" "Mozilla/5.0 (Windows NT 10.0; WOW64; rv:53.0) Gecko/20100101 Firefox/53.0"
200.83.246.171 - - [13/Jun/2017:04:41:58 +0200] "GET /admin/tool/langimport/index.php HTTP/1.1" 200 58943 "http://intranetdefinitiva.sytes.net/admin/search.php" "Mozilla/5.0 (Windows NT 10.0; WOW64; rv:53.0) Gecko/20100101 Firefox/53.0"
200.83.246.171 - - [13/Jun/2017:04:41:59 +0200] "POST /lib/ajax/service.php?sesskey=1MxRLrkTD7&info=message_popup_get_unread_popup_notification_count HTTP/1.1" 200 26 "http://intranetdefinitiva.sytes.net/admin/tool/langimport/index.php" "Mozilla/5.0 (Windows NT 10.0; WOW64; rv:53.0) Gecko/20100101 Firefox/53.0"
200.83.246.171 - - [13/Jun/2017:04:41:59 +0200] "POST /lib/ajax/service.php?sesskey=1MxRLrkTD7&info=core_message_get_unread_conversations_count HTTP/1.1" 200 26 "http://intranetdefinitiva.sytes.net/admin/tool/langimport/index.php" "Mozilla/5.0 (Windows NT 10.0; WOW64; rv:53.0) Gecko/20100101 Firefox/53.0"
200.83.246.171 - - [13/Jun/2017:04:42:01 +0200] "POST /lib/ajax/service.php?sesskey=1MxRLrkTD7&info=message_popup_get_unread_popup_notification_count HTTP/1.1" 200 26 "http://intranetdefinitiva.sytes.net/admin/search.php" "Mozilla/5.0 (Windows NT 10.0; WOW64; rv:53.0) Gecko/20100101 Firefox/53.0"
200.83.246.171 - - [13/Jun/2017:04:42:01 +0200] "POST /lib/ajax/service.php?sesskey=1MxRLrkTD7&info=core_message_get_unread_conversations_count HTTP/1.1" 200 26 "http://intranetdefinitiva.sytes.net/admin/search.php" "Mozilla/5.0 (Windows NT 10.0; WOW64; rv:53.0) Gecko/20100101 Firefox/53.0"
200.83.246.171 - - [13/Jun/2017:04:42:01 +0200] "POST /lib/ajax/service.php?sesskey=1MxRLrkTD7&info=core_fetch_notifications HTTP/1.1" 200 27 "http://intranetdefinitiva.sytes.net/admin/search.php" "Mozilla/5.0 (Windows NT 10.0; WOW64; rv:53.0) Gecko/20100101 Firefox/53.0"
200.83.246.171 - - [13/Jun/2017:04:42:02 +0200] "POST /lib/ajax/service.php?sesskey=1MxRLrkTD7&info=core_fetch_notifications HTTP/1.1" 200 27 "http://intranetdefinitiva.sytes.net/admin/tool/langimport/index.php" "Mozilla/5.0 (Windows NT 10.0; WOW64; rv:53.0) Gecko/20100101 Firefox/53.0"
200.83.246.171 - - [13/Jun/2017:04:42:02 +0200] "GET /admin/settings.php?section=langsettings HTTP/1.1" 200 49777 "http://intranetdefinitiva.sytes.net/admin/search.php" "Mozilla/5.0 (Windows NT 10.0; WOW64; rv:53.0) Gecko/20100101 Firefox/53.0"
200.83.246.171 - - [13/Jun/2017:04:42:04 +0200] "POST /lib/ajax/service.php?sesskey=1MxRLrkTD7&info=message_popup_get_unread_popup_notification_count HTTP/1.1" 200 26 "http://intranetdefinitiva.sytes.net/admin/settings.php?section=langsettings" "Mozilla/5.0 (Windows NT 10.0; WOW64; rv:53.0) Gecko/20100101 Firefox/53.0"
200.83.246.171 - - [13/Jun/2017:04:42:04 +0200] "POST /lib/ajax/service.php?sesskey=1MxRLrkTD7&info=core_message_get_unread_conversations_count HTTP/1.1" 200 26 "http://intranetdefinitiva.sytes.net/admin/settings.php?section=langsettings" "Mozilla/5.0 (Windows NT 10.0; WOW64; rv:53.0) Gecko/20100101 Firefox/53.0"
200.83.246.171 - - [13/Jun/2017:04:42:04 +0200] "POST /lib/ajax/service.php?sesskey=1MxRLrkTD7&info=core_fetch_notifications HTTP/1.1" 200 27 "http://intranetdefinitiva.sytes.net/admin/settings.php?section=langsettings" "Mozilla/5.0 (Windows NT 10.0; WOW64; rv:53.0) Gecko/20100101 Firefox/53.0"
200.83.246.171 - - [13/Jun/2017:04:42:09 +0200] "POST /admin/settings.php?section=langsettings HTTP/1.1" 303 473 "http://intranetdefinitiva.sytes.net/admin/settings.php?section=langsettings" "Mozilla/5.0 (Windows NT 10.0; WOW64; rv:53.0) Gecko/20100101 Firefox/53.0"
200.83.246.171 - - [13/Jun/2017:04:42:10 +0200] "GET /admin/settings.php?section=langsettings HTTP/1.1" 200 49948 "http://intranetdefinitiva.sytes.net/admin/settings.php?section=langsettings" "Mozilla/5.0 (Windows NT 10.0; WOW64; rv:53.0) Gecko/20100101 Firefox/53.0"
200.83.246.171 - - [13/Jun/2017:04:42:12 +0200] "POST /lib/ajax/service.php?sesskey=1MxRLrkTD7&info=core_message_get_unread_conversations_count HTTP/1.1" 200 26 "http://intranetdefinitiva.sytes.net/admin/settings.php?section=langsettings" "Mozilla/5.0 (Windows NT 10.0; WOW64; rv:53.0) Gecko/20100101 Firefox/53.0"
200.83.246.171 - - [13/Jun/2017:04:42:12 +0200] "POST /lib/ajax/service.php?sesskey=1MxRLrkTD7&info=core_fetch_notifications HTTP/1.1" 200 27 "http://intranetdefinitiva.sytes.net/admin/settings.php?section=langsettings" "Mozilla/5.0 (Windows NT 10.0; WOW64; rv:53.0) Gecko/20100101 Firefox/53.0"
200.83.246.171 - - [13/Jun/2017:04:42:12 +0200] "POST /lib/ajax/service.php?sesskey=1MxRLrkTD7&info=message_popup_get_unread_popup_notification_count HTTP/1.1" 200 26 "http://intranetdefinitiva.sytes.net/admin/settings.php?section=langsettings" "Mozilla/5.0 (Windows NT 10.0; WOW64; rv:53.0) Gecko/20100101 Firefox/53.0"
200.83.246.171 - - [13/Jun/2017:04:42:29 +0200] "POST /admin/settings.php?section=langsettings HTTP/1.1" 303 473 "http://intranetdefinitiva.sytes.net/admin/settings.php?section=langsettings" "Mozilla/5.0 (Windows NT 10.0; WOW64; rv:53.0) Gecko/20100101 Firefox/53.0"
200.83.246.171 - - [13/Jun/2017:04:42:31 +0200] "GET /admin/settings.php?section=langsettings HTTP/1.1" 200 49948 "http://intranetdefinitiva.sytes.net/admin/settings.php?section=langsettings" "Mozilla/5.0 (Windows NT 10.0; WOW64; rv:53.0) Gecko/20100101 Firefox/53.0"
200.83.246.171 - - [13/Jun/2017:04:42:33 +0200] "POST /lib/ajax/service.php?sesskey=1MxRLrkTD7&info=core_message_get_unread_conversations_count HTTP/1.1" 200 26 "http://intranetdefinitiva.sytes.net/admin/settings.php?section=langsettings" "Mozilla/5.0 (Windows NT 10.0; WOW64; rv:53.0) Gecko/20100101 Firefox/53.0"
200.83.246.171 - - [13/Jun/2017:04:42:33 +0200] "POST /lib/ajax/service.php?sesskey=1MxRLrkTD7&info=message_popup_get_unread_popup_notification_count HTTP/1.1" 200 26 "http://intranetdefinitiva.sytes.net/admin/settings.php?section=langsettings" "Mozilla/5.0 (Windows NT 10.0; WOW64; rv:53.0) Gecko/20100101 Firefox/53.0"
200.83.246.171 - - [13/Jun/2017:04:42:33 +0200] "POST /lib/ajax/service.php?sesskey=1MxRLrkTD7&info=core_fetch_notifications HTTP/1.1" 200 27 "http://intranetdefinitiva.sytes.net/admin/settings.php?section=langsettings" "Mozilla/5.0 (Windows NT 10.0; WOW64; rv:53.0) Gecko/20100101 Firefox/53.0"
190.101.124.105 - - [13/Jun/2017:04:42:36 +0200] "GET / HTTP/1.1" 303 437 "-" "Mozilla/5.0 (Windows NT 10.0; Win64; x64) AppleWebKit/537.36 (KHTML, like Gecko) Chrome/58.0.3029.110 Safari/537.36"
190.101.124.105 - - [13/Jun/2017:04:42:36 +0200] "GET /my/ HTTP/1.1" 200 83680 "-" "Mozilla/5.0 (Windows NT 10.0; Win64; x64) AppleWebKit/537.36 (KHTML, like Gecko) Chrome/58.0.3029.110 Safari/537.36"
190.101.124.105 - - [13/Jun/2017:04:42:37 +0200] "POST /lib/ajax/service.php?sesskey=Fx6amXnk5F&info=core_calendar_get_action_events_by_timesort HTTP/1.1" 200 67 "http://intranetdefinitiva.sytes.net/my/" "Mozilla/5.0 (Windows NT 10.0; Win64; x64) AppleWebKit/537.36 (KHTML, like Gecko) Chrome/58.0.3029.110 Safari/537.36"
190.101.124.105 - - [13/Jun/2017:04:42:37 +0200] "POST /lib/ajax/service.php?sesskey=Fx6amXnk5F&info=core_fetch_notifications HTTP/1.1" 200 27 "http://intranetdefinitiva.sytes.net/my/" "Mozilla/5.0 (Windows NT 10.0; Win64; x64) AppleWebKit/537.36 (KHTML, like Gecko) Chrome/58.0.3029.110 Safari/537.36"
200.83.246.171 - - [13/Jun/2017:04:42:36 +0200] "GET /my/ HTTP/1.1" 200 58337 "http://intranetdefinitiva.sytes.net/admin/settings.php?section=langsettings" "Mozilla/5.0 (Windows NT 10.0; WOW64; rv:53.0) Gecko/20100101 Firefox/53.0"
190.101.124.105 - - [13/Jun/2017:04:42:37 +0200] "POST /lib/ajax/service.php?sesskey=Fx6amXnk5F&info=core_message_get_unread_conversations_count HTTP/1.1" 200 26 "http://intranetdefinitiva.sytes.net/my/" "Mozilla/5.0 (Windows NT 10.0; Win64; x64) AppleWebKit/537.36 (KHTML, like Gecko) Chrome/58.0.3029.110 Safari/537.36"
190.101.124.105 - - [13/Jun/2017:04:42:37 +0200] "POST /lib/ajax/service.php?sesskey=Fx6amXnk5F&info=message_popup_get_unread_popup_notification_count HTTP/1.1" 200 26 "http://intranetdefinitiva.sytes.net/my/" "Mozilla/5.0 (Windows NT 10.0; Win64; x64) AppleWebKit/537.36 (KHTML, like Gecko) Chrome/58.0.3029.110 Safari/537.36"
200.83.246.171 - - [13/Jun/2017:04:42:37 +0200] "POST /lib/ajax/service.php?sesskey=1MxRLrkTD7&info=core_calendar_get_action_events_by_timesort HTTP/1.1" 200 67 "http://intranetdefinitiva.sytes.net/my/" "Mozilla/5.0 (Windows NT 10.0; WOW64; rv:53.0) Gecko/20100101 Firefox/53.0"
200.83.246.171 - - [13/Jun/2017:04:42:37 +0200] "POST /lib/ajax/service.php?sesskey=1MxRLrkTD7&info=core_fetch_notifications HTTP/1.1" 200 27 "http://intranetdefinitiva.sytes.net/my/" "Mozilla/5.0 (Windows NT 10.0; WOW64; rv:53.0) Gecko/20100101 Firefox/53.0"
200.83.246.171 - - [13/Jun/2017:04:42:37 +0200] "POST /lib/ajax/service.php?sesskey=1MxRLrkTD7&info=core_message_get_unread_conversations_count HTTP/1.1" 200 26 "http://intranetdefinitiva.sytes.net/my/" "Mozilla/5.0 (Windows NT 10.0; WOW64; rv:53.0) Gecko/20100101 Firefox/53.0"
200.83.246.171 - - [13/Jun/2017:04:42:38 +0200] "POST /lib/ajax/service.php?sesskey=1MxRLrkTD7&info=message_popup_get_unread_popup_notification_count HTTP/1.1" 200 26 "http://intranetdefinitiva.sytes.net/my/" "Mozilla/5.0 (Windows NT 10.0; WOW64; rv:53.0) Gecko/20100101 Firefox/53.0"
190.101.124.105 - - [13/Jun/2017:04:42:40 +0200] "GET /lib/ajax/setuserpref.php?sesskey=Fx6amXnk5F&pref=drawer-open-nav&value=false HTTP/1.1" 200 2 "http://intranetdefinitiva.sytes.net/my/" "Mozilla/5.0 (Windows NT 10.0; Win64; x64) AppleWebKit/537.36 (KHTML, like Gecko) Chrome/58.0.3029.110 Safari/537.36"
200.83.246.171 - - [13/Jun/2017:04:42:40 +0200] "GET /my/index.php?lang=es HTTP/1.1" 200 58320 "http://intranetdefinitiva.sytes.net/my/" "Mozilla/5.0 (Windows NT 10.0; WOW64; rv:53.0) Gecko/20100101 Firefox/53.0"
200.83.246.171 - - [13/Jun/2017:04:42:40 +0200] "POST /lib/ajax/service.php?sesskey=1MxRLrkTD7&info=core_message_get_unread_conversations_count HTTP/1.1" 200 26 "http://intranetdefinitiva.sytes.net/my/index.php?lang=es" "Mozilla/5.0 (Windows NT 10.0; WOW64; rv:53.0) Gecko/20100101 Firefox/53.0"
200.83.246.171 - - [13/Jun/2017:04:42:40 +0200] "POST /lib/ajax/service.php?sesskey=1MxRLrkTD7&info=message_popup_get_unread_popup_notification_count HTTP/1.1" 200 26 "http://intranetdefinitiva.sytes.net/my/index.php?lang=es" "Mozilla/5.0 (Windows NT 10.0; WOW64; rv:53.0) Gecko/20100101 Firefox/53.0"
200.83.246.171 - - [13/Jun/2017:04:42:40 +0200] "POST /lib/ajax/service.php?sesskey=1MxRLrkTD7&info=core_fetch_notifications HTTP/1.1" 200 27 "http://intranetdefinitiva.sytes.net/my/index.php?lang=es" "Mozilla/5.0 (Windows NT 10.0; WOW64; rv:53.0) Gecko/20100101 Firefox/53.0"
200.83.246.171 - - [13/Jun/2017:04:42:40 +0200] "POST /lib/ajax/service-nologin.php?sesskey=1MxRLrkTD7&info=core_get_string HTTP/1.1" 200 87 "http://intranetdefinitiva.sytes.net/my/index.php?lang=es" "Mozilla/5.0 (Windows NT 10.0; WOW64; rv:53.0) Gecko/20100101 Firefox/53.0"
200.83.246.171 - - [13/Jun/2017:04:42:40 +0200] "POST /lib/ajax/service-nologin.php?sesskey=1MxRLrkTD7&info=core_get_string HTTP/1.1" 200 85 "http://intranetdefinitiva.sytes.net/my/index.php?lang=es" "Mozilla/5.0 (Windows NT 10.0; WOW64; rv:53.0) Gecko/20100101 Firefox/53.0"
190.101.124.105 - - [13/Jun/2017:04:42:40 +0200] "GET /lib/ajax/setuserpref.php?sesskey=Fx6amXnk5F&pref=drawer-open-nav&value=true HTTP/1.1" 200 2 "http://intranetdefinitiva.sytes.net/my/" "Mozilla/5.0 (Windows NT 10.0; Win64; x64) AppleWebKit/537.36 (KHTML, like Gecko) Chrome/58.0.3029.110 Safari/537.36"
200.83.246.171 - - [13/Jun/2017:04:42:41 +0200] "POST /lib/ajax/service.php?sesskey=1MxRLrkTD7&info=core_calendar_get_action_events_by_timesort HTTP/1.1" 200 67 "http://intranetdefinitiva.sytes.net/my/index.php?lang=es" "Mozilla/5.0 (Windows NT 10.0; WOW64; rv:53.0) Gecko/20100101 Firefox/53.0"
190.101.124.105 - - [13/Jun/2017:04:42:44 +0200] "GET /my/index.php?lang=es_mx HTTP/1.1" 200 84396 "http://intranetdefinitiva.sytes.net/my/" "Mozilla/5.0 (Windows NT 10.0; Win64; x64) AppleWebKit/537.36 (KHTML, like Gecko) Chrome/58.0.3029.110 Safari/537.36"
190.101.124.105 - - [13/Jun/2017:04:42:44 +0200] "POST /lib/ajax/service-nologin.php?sesskey=Fx6amXnk5F&info=core_get_string HTTP/1.1" 200 44 "http://intranetdefinitiva.sytes.net/my/index.php?lang=es_mx" "Mozilla/5.0 (Windows NT 10.0; Win64; x64) AppleWebKit/537.36 (KHTML, like Gecko) Chrome/58.0.3029.110 Safari/537.36"
190.101.124.105 - - [13/Jun/2017:04:42:44 +0200] "POST /lib/ajax/service.php?sesskey=Fx6amXnk5F&info=core_calendar_get_action_events_by_timesort HTTP/1.1" 200 67 "http://intranetdefinitiva.sytes.net/my/index.php?lang=es_mx" "Mozilla/5.0 (Windows NT 10.0; Win64; x64) AppleWebKit/537.36 (KHTML, like Gecko) Chrome/58.0.3029.110 Safari/537.36"
190.101.124.105 - - [13/Jun/2017:04:42:44 +0200] "POST /lib/ajax/service.php?sesskey=Fx6amXnk5F&info=message_popup_get_unread_popup_notification_count HTTP/1.1" 200 26 "http://intranetdefinitiva.sytes.net/my/index.php?lang=es_mx" "Mozilla/5.0 (Windows NT 10.0; Win64; x64) AppleWebKit/537.36 (KHTML, like Gecko) Chrome/58.0.3029.110 Safari/537.36"
190.101.124.105 - - [13/Jun/2017:04:42:44 +0200] "POST /lib/ajax/service.php?sesskey=Fx6amXnk5F&info=core_message_get_unread_conversations_count HTTP/1.1" 200 26 "http://intranetdefinitiva.sytes.net/my/index.php?lang=es_mx" "Mozilla/5.0 (Windows NT 10.0; Win64; x64) AppleWebKit/537.36 (KHTML, like Gecko) Chrome/58.0.3029.110 Safari/537.36"
190.101.124.105 - - [13/Jun/2017:04:42:44 +0200] "POST /lib/ajax/service.php?sesskey=Fx6amXnk5F&info=core_fetch_notifications HTTP/1.1" 200 27 "http://intranetdefinitiva.sytes.net/my/index.php?lang=es_mx" "Mozilla/5.0 (Windows NT 10.0; Win64; x64) AppleWebKit/537.36 (KHTML, like Gecko) Chrome/58.0.3029.110 Safari/537.36"
190.101.124.105 - - [13/Jun/2017:04:42:44 +0200] "POST /lib/ajax/service-nologin.php?sesskey=Fx6amXnk5F&info=core_get_string HTTP/1.1" 200 74 "http://intranetdefinitiva.sytes.net/my/index.php?lang=es_mx" "Mozilla/5.0 (Windows NT 10.0; Win64; x64) AppleWebKit/537.36 (KHTML, like Gecko) Chrome/58.0.3029.110 Safari/537.36"
190.101.124.105 - - [13/Jun/2017:04:42:44 +0200] "POST /lib/ajax/service-nologin.php?sesskey=Fx6amXnk5F&info=core_get_string HTTP/1.1" 200 89 "http://intranetdefinitiva.sytes.net/my/index.php?lang=es_mx" "Mozilla/5.0 (Windows NT 10.0; Win64; x64) AppleWebKit/537.36 (KHTML, like Gecko) Chrome/58.0.3029.110 Safari/537.36"
190.101.124.105 - - [13/Jun/2017:04:42:44 +0200] "POST /lib/ajax/service-nologin.php?sesskey=Fx6amXnk5F&info=16-method-calls HTTP/1.1" 200 677 "http://intranetdefinitiva.sytes.net/my/index.php?lang=es_mx" "Mozilla/5.0 (Windows NT 10.0; Win64; x64) AppleWebKit/537.36 (KHTML, like Gecko) Chrome/58.0.3029.110 Safari/537.36"
190.101.124.105 - - [13/Jun/2017:04:42:44 +0200] "POST /lib/ajax/service-nologin.php?sesskey=Fx6amXnk5F&info=core_get_string,core_get_string HTTP/1.1" 200 67 "http://intranetdefinitiva.sytes.net/my/index.php?lang=es_mx" "Mozilla/5.0 (Windows NT 10.0; Win64; x64) AppleWebKit/537.36 (KHTML, like Gecko) Chrome/58.0.3029.110 Safari/537.36"
190.101.124.105 - - [13/Jun/2017:04:42:44 +0200] "POST /lib/ajax/service-nologin.php?sesskey=Fx6amXnk5F&info=core_get_string HTTP/1.1" 200 35 "http://intranetdefinitiva.sytes.net/my/index.php?lang=es_mx" "Mozilla/5.0 (Windows NT 10.0; Win64; x64) AppleWebKit/537.36 (KHTML, like Gecko) Chrome/58.0.3029.110 Safari/537.36"
200.83.246.171 - - [13/Jun/2017:04:42:46 +0200] "GET /my/index.php?lang=es_mx HTTP/1.1" 200 58295 "http://intranetdefinitiva.sytes.net/my/index.php?lang=es" "Mozilla/5.0 (Windows NT 10.0; WOW64; rv:53.0) Gecko/20100101 Firefox/53.0"
200.83.246.171 - - [13/Jun/2017:04:42:47 +0200] "POST /lib/ajax/service.php?sesskey=1MxRLrkTD7&info=core_calendar_get_action_events_by_timesort HTTP/1.1" 200 67 "http://intranetdefinitiva.sytes.net/my/index.php?lang=es_mx" "Mozilla/5.0 (Windows NT 10.0; WOW64; rv:53.0) Gecko/20100101 Firefox/53.0"
200.83.246.171 - - [13/Jun/2017:04:42:47 +0200] "POST /lib/ajax/service.php?sesskey=1MxRLrkTD7&info=core_message_get_unread_conversations_count HTTP/1.1" 200 26 "http://intranetdefinitiva.sytes.net/my/index.php?lang=es_mx" "Mozilla/5.0 (Windows NT 10.0; WOW64; rv:53.0) Gecko/20100101 Firefox/53.0"
200.83.246.171 - - [13/Jun/2017:04:42:47 +0200] "POST /lib/ajax/service.php?sesskey=1MxRLrkTD7&info=core_fetch_notifications HTTP/1.1" 200 27 "http://intranetdefinitiva.sytes.net/my/index.php?lang=es_mx" "Mozilla/5.0 (Windows NT 10.0; WOW64; rv:53.0) Gecko/20100101 Firefox/53.0"
200.83.246.171 - - [13/Jun/2017:04:42:47 +0200] "POST /lib/ajax/service.php?sesskey=1MxRLrkTD7&info=message_popup_get_unread_popup_notification_count HTTP/1.1" 200 26 "http://intranetdefinitiva.sytes.net/my/index.php?lang=es_mx" "Mozilla/5.0 (Windows NT 10.0; WOW64; rv:53.0) Gecko/20100101 Firefox/53.0"
200.83.246.171 - - [13/Jun/2017:04:42:47 +0200] "POST /lib/ajax/service-nologin.php?sesskey=1MxRLrkTD7&info=core_get_string HTTP/1.1" 200 89 "http://intranetdefinitiva.sytes.net/my/index.php?lang=es_mx" "Mozilla/5.0 (Windows NT 10.0; WOW64; rv:53.0) Gecko/20100101 Firefox/53.0"
200.83.246.171 - - [13/Jun/2017:04:42:47 +0200] "POST /lib/ajax/service-nologin.php?sesskey=1MxRLrkTD7&info=core_get_string HTTP/1.1" 200 74 "http://intranetdefinitiva.sytes.net/my/index.php?lang=es_mx" "Mozilla/5.0 (Windows NT 10.0; WOW64; rv:53.0) Gecko/20100101 Firefox/53.0"
200.83.246.171 - - [13/Jun/2017:04:42:52 +0200] "GET /user/preferences.php HTTP/1.1" 200 43917 "http://intranetdefinitiva.sytes.net/my/index.php?lang=es_mx" "Mozilla/5.0 (Windows NT 10.0; WOW64; rv:53.0) Gecko/20100101 Firefox/53.0"
200.83.246.171 - - [13/Jun/2017:04:42:53 +0200] "POST /lib/ajax/service.php?sesskey=1MxRLrkTD7&info=message_popup_get_unread_popup_notification_count HTTP/1.1" 200 26 "http://intranetdefinitiva.sytes.net/user/preferences.php" "Mozilla/5.0 (Windows NT 10.0; WOW64; rv:53.0) Gecko/20100101 Firefox/53.0"
200.83.246.171 - - [13/Jun/2017:04:42:53 +0200] "POST /lib/ajax/service.php?sesskey=1MxRLrkTD7&info=core_message_get_unread_conversations_count HTTP/1.1" 200 26 "http://intranetdefinitiva.sytes.net/user/preferences.php" "Mozilla/5.0 (Windows NT 10.0; WOW64; rv:53.0) Gecko/20100101 Firefox/53.0"
200.83.246.171 - - [13/Jun/2017:04:42:53 +0200] "POST /lib/ajax/service.php?sesskey=1MxRLrkTD7&info=core_fetch_notifications HTTP/1.1" 200 27 "http://intranetdefinitiva.sytes.net/user/preferences.php" "Mozilla/5.0 (Windows NT 10.0; WOW64; rv:53.0) Gecko/20100101 Firefox/53.0"
200.83.246.171 - - [13/Jun/2017:04:42:56 +0200] "GET /user/language.php?id=2&course=1 HTTP/1.1" 200 43967 "http://intranetdefinitiva.sytes.net/user/preferences.php" "Mozilla/5.0 (Windows NT 10.0; WOW64; rv:53.0) Gecko/20100101 Firefox/53.0"
